2025-11-23 14:28:14,333 - create_map - INFO - [create_map.py:33] - 初始化地图	地图有100格高，100格宽

2025-11-23 14:28:14,343 - create_map - INFO - [create_map.py:51] - 初始化的地图如下

2025-11-23 14:28:14,345 - create_map - INFO - [create_logging.py:131] - 
 0	% % % % % % % % % % % % % % % % % % % % % % % % % % % % % % % % % % % % % % % % % % % % % % % % % % % % % % % % % % % % % % % % % % % % % % % % % % % % % % % % % % % % % % % % % % % % % % % % % % % % % % 
1	% A ■ A ■ A ■ A ■ A ■ A ■ A ■ A ■ A ■ A ■ A ■ A ■ A ■ A ■ A ■ A ■ A ■ A ■ A ■ A ■ A ■ A ■ A ■ A ■ A ■ A ■ A ■ A ■ A ■ A ■ A ■ A ■ A ■ A ■ A ■ A ■ A ■ A ■ A ■ A ■ A ■ A ■ A ■ A ■ A ■ A ■ A ■ A ■ A ■ A ■ % 
2	% ■ ■ ■ ■ ■ ■ ■ ■ ■ ■ ■ ■ ■ ■ ■ ■ ■ ■ ■ ■ ■ ■ ■ ■ ■ ■ ■ ■ ■ ■ ■ ■ ■ ■ ■ ■ ■ ■ ■ ■ ■ ■ ■ ■ ■ ■ ■ ■ ■ ■ ■ ■ ■ ■ ■ ■ ■ ■ ■ ■ ■ ■ ■ ■ ■ ■ ■ ■ ■ ■ ■ ■ ■ ■ ■ ■ ■ ■ ■ ■ ■ ■ ■ ■ ■ ■ ■ ■ ■ ■ ■ ■ ■ ■ ■ ■ ■ ■ ■ ■ % 
3	% A ■ A ■ A ■ A ■ A ■ A ■ A ■ A ■ A ■ A ■ A ■ A ■ A ■ A ■ A ■ A ■ A ■ A ■ A ■ A ■ A ■ A ■ A ■ A ■ A ■ A ■ A ■ A ■ A ■ A ■ A ■ A ■ A ■ A ■ A ■ A ■ A ■ A ■ A ■ A ■ A ■ A ■ A ■ A ■ A ■ A ■ A ■ A ■ A ■ A ■ % 
4	% ■ ■ ■ ■ ■ ■ ■ ■ ■ ■ ■ ■ ■ ■ ■ ■ ■ ■ ■ ■ ■ ■ ■ ■ ■ ■ ■ ■ ■ ■ ■ ■ ■ ■ ■ ■ ■ ■ ■ ■ ■ ■ ■ ■ ■ ■ ■ ■ ■ ■ ■ ■ ■ ■ ■ ■ ■ ■ ■ ■ ■ ■ ■ ■ ■ ■ ■ ■ ■ ■ ■ ■ ■ ■ ■ ■ ■ ■ ■ ■ ■ ■ ■ ■ ■ ■ ■ ■ ■ ■ ■ ■ ■ ■ ■ ■ ■ ■ ■ ■ % 
5	% A ■ A ■ A ■ A ■ A ■ A ■ A ■ A ■ A ■ A ■ A ■ A ■ A ■ A ■ A ■ A ■ A ■ A ■ A ■ A ■ A ■ A ■ A ■ A ■ A ■ A ■ A ■ A ■ A ■ A ■ A ■ A ■ A ■ A ■ A ■ A ■ A ■ A ■ A ■ A ■ A ■ A ■ A ■ A ■ A ■ A ■ A ■ A ■ A ■ A ■ % 
6	% ■ ■ ■ ■ ■ ■ ■ ■ ■ ■ ■ ■ ■ ■ ■ ■ ■ ■ ■ ■ ■ ■ ■ ■ ■ ■ ■ ■ ■ ■ ■ ■ ■ ■ ■ ■ ■ ■ ■ ■ ■ ■ ■ ■ ■ ■ ■ ■ ■ ■ ■ ■ ■ ■ ■ ■ ■ ■ ■ ■ ■ ■ ■ ■ ■ ■ ■ ■ ■ ■ ■ ■ ■ ■ ■ ■ ■ ■ ■ ■ ■ ■ ■ ■ ■ ■ ■ ■ ■ ■ ■ ■ ■ ■ ■ ■ ■ ■ ■ ■ % 
7	% A ■ A ■ A ■ A ■ A ■ A ■ A ■ A ■ A ■ A ■ A ■ A ■ A ■ A ■ A ■ A ■ A ■ A ■ A ■ A ■ A ■ A ■ A ■ A ■ A ■ A ■ A ■ A ■ A ■ A ■ A ■ A ■ A ■ A ■ A ■ A ■ A ■ A ■ A ■ A ■ A ■ A ■ A ■ A ■ A ■ A ■ A ■ A ■ A ■ A ■ % 
8	% ■ ■ ■ ■ ■ ■ ■ ■ ■ ■ ■ ■ ■ ■ ■ ■ ■ ■ ■ ■ ■ ■ ■ ■ ■ ■ ■ ■ ■ ■ ■ ■ ■ ■ ■ ■ ■ ■ ■ ■ ■ ■ ■ ■ ■ ■ ■ ■ ■ ■ ■ ■ ■ ■ ■ ■ ■ ■ ■ ■ ■ ■ ■ ■ ■ ■ ■ ■ ■ ■ ■ ■ ■ ■ ■ ■ ■ ■ ■ ■ ■ ■ ■ ■ ■ ■ ■ ■ ■ ■ ■ ■ ■ ■ ■ ■ ■ ■ ■ ■ % 
9	% A ■ A ■ A ■ A ■ A ■ A ■ A ■ A ■ A ■ A ■ A ■ A ■ A ■ A ■ A ■ A ■ A ■ A ■ A ■ A ■ A ■ A ■ A ■ A ■ A ■ A ■ A ■ A ■ A ■ A ■ A ■ A ■ A ■ A ■ A ■ A ■ A ■ A ■ A ■ A ■ A ■ A ■ A ■ A ■ A ■ A ■ A ■ A ■ A ■ A ■ % 
10	% ■ ■ ■ ■ ■ ■ ■ ■ ■ ■ ■ ■ ■ ■ ■ ■ ■ ■ ■ ■ ■ ■ ■ ■ ■ ■ ■ ■ ■ ■ ■ ■ ■ ■ ■ ■ ■ ■ ■ ■ ■ ■ ■ ■ ■ ■ ■ ■ ■ ■ ■ ■ ■ ■ ■ ■ ■ ■ ■ ■ ■ ■ ■ ■ ■ ■ ■ ■ ■ ■ ■ ■ ■ ■ ■ ■ ■ ■ ■ ■ ■ ■ ■ ■ ■ ■ ■ ■ ■ ■ ■ ■ ■ ■ ■ ■ ■ ■ ■ ■ % 
11	% A ■ A ■ A ■ A ■ A ■ A ■ A ■ A ■ A ■ A ■ A ■ A ■ A ■ A ■ A ■ A ■ A ■ A ■ A ■ A ■ A ■ A ■ A ■ A ■ A ■ A ■ A ■ A ■ A ■ A ■ A ■ A ■ A ■ A ■ A ■ A ■ A ■ A ■ A ■ A ■ A ■ A ■ A ■ A ■ A ■ A ■ A ■ A ■ A ■ A ■ % 
12	% ■ ■ ■ ■ ■ ■ ■ ■ ■ ■ ■ ■ ■ ■ ■ ■ ■ ■ ■ ■ ■ ■ ■ ■ ■ ■ ■ ■ ■ ■ ■ ■ ■ ■ ■ ■ ■ ■ ■ ■ ■ ■ ■ ■ ■ ■ ■ ■ ■ ■ ■ ■ ■ ■ ■ ■ ■ ■ ■ ■ ■ ■ ■ ■ ■ ■ ■ ■ ■ ■ ■ ■ ■ ■ ■ ■ ■ ■ ■ ■ ■ ■ ■ ■ ■ ■ ■ ■ ■ ■ ■ ■ ■ ■ ■ ■ ■ ■ ■ ■ % 
13	% A ■ A ■ A ■ A ■ A ■ A ■ A ■ A ■ A ■ A ■ A ■ A ■ A ■ A ■ A ■ A ■ A ■ A ■ A ■ A ■ A ■ A ■ A ■ A ■ A ■ A ■ A ■ A ■ A ■ A ■ A ■ A ■ A ■ A ■ A ■ A ■ A ■ A ■ A ■ A ■ A ■ A ■ A ■ A ■ A ■ A ■ A ■ A ■ A ■ A ■ % 
14	% ■ ■ ■ ■ ■ ■ ■ ■ ■ ■ ■ ■ ■ ■ ■ ■ ■ ■ ■ ■ ■ ■ ■ ■ ■ ■ ■ ■ ■ ■ ■ ■ ■ ■ ■ ■ ■ ■ ■ ■ ■ ■ ■ ■ ■ ■ ■ ■ ■ ■ ■ ■ ■ ■ ■ ■ ■ ■ ■ ■ ■ ■ ■ ■ ■ ■ ■ ■ ■ ■ ■ ■ ■ ■ ■ ■ ■ ■ ■ ■ ■ ■ ■ ■ ■ ■ ■ ■ ■ ■ ■ ■ ■ ■ ■ ■ ■ ■ ■ ■ % 
15	% A ■ A ■ A ■ A ■ A ■ A ■ A ■ A ■ A ■ A ■ A ■ A ■ A ■ A ■ A ■ A ■ A ■ A ■ A ■ A ■ A ■ A ■ A ■ A ■ A ■ A ■ A ■ A ■ A ■ A ■ A ■ A ■ A ■ A ■ A ■ A ■ A ■ A ■ A ■ A ■ A ■ A ■ A ■ A ■ A ■ A ■ A ■ A ■ A ■ A ■ % 
16	% ■ ■ ■ ■ ■ ■ ■ ■ ■ ■ ■ ■ ■ ■ ■ ■ ■ ■ ■ ■ ■ ■ ■ ■ ■ ■ ■ ■ ■ ■ ■ ■ ■ ■ ■ ■ ■ ■ ■ ■ ■ ■ ■ ■ ■ ■ ■ ■ ■ ■ ■ ■ ■ ■ ■ ■ ■ ■ ■ ■ ■ ■ ■ ■ ■ ■ ■ ■ ■ ■ ■ ■ ■ ■ ■ ■ ■ ■ ■ ■ ■ ■ ■ ■ ■ ■ ■ ■ ■ ■ ■ ■ ■ ■ ■ ■ ■ ■ ■ ■ % 
17	% A ■ A ■ A ■ A ■ A ■ A ■ A ■ A ■ A ■ A ■ A ■ A ■ A ■ A ■ A ■ A ■ A ■ A ■ A ■ A ■ A ■ A ■ A ■ A ■ A ■ A ■ A ■ A ■ A ■ A ■ A ■ A ■ A ■ A ■ A ■ A ■ A ■ A ■ A ■ A ■ A ■ A ■ A ■ A ■ A ■ A ■ A ■ A ■ A ■ A ■ % 
18	% ■ ■ ■ ■ ■ ■ ■ ■ ■ ■ ■ ■ ■ ■ ■ ■ ■ ■ ■ ■ ■ ■ ■ ■ ■ ■ ■ ■ ■ ■ ■ ■ ■ ■ ■ ■ ■ ■ ■ ■ ■ ■ ■ ■ ■ ■ ■ ■ ■ ■ ■ ■ ■ ■ ■ ■ ■ ■ ■ ■ ■ ■ ■ ■ ■ ■ ■ ■ ■ ■ ■ ■ ■ ■ ■ ■ ■ ■ ■ ■ ■ ■ ■ ■ ■ ■ ■ ■ ■ ■ ■ ■ ■ ■ ■ ■ ■ ■ ■ ■ % 
19	% A ■ A ■ A ■ A ■ A ■ A ■ A ■ A ■ A ■ A ■ A ■ A ■ A ■ A ■ A ■ A ■ A ■ A ■ A ■ A ■ A ■ A ■ A ■ A ■ A ■ A ■ A ■ A ■ A ■ A ■ A ■ A ■ A ■ A ■ A ■ A ■ A ■ A ■ A ■ A ■ A ■ A ■ A ■ A ■ A ■ A ■ A ■ A ■ A ■ A ■ % 
20	% ■ ■ ■ ■ ■ ■ ■ ■ ■ ■ ■ ■ ■ ■ ■ ■ ■ ■ ■ ■ ■ ■ ■ ■ ■ ■ ■ ■ ■ ■ ■ ■ ■ ■ ■ ■ ■ ■ ■ ■ ■ ■ ■ ■ ■ ■ ■ ■ ■ ■ ■ ■ ■ ■ ■ ■ ■ ■ ■ ■ ■ ■ ■ ■ ■ ■ ■ ■ ■ ■ ■ ■ ■ ■ ■ ■ ■ ■ ■ ■ ■ ■ ■ ■ ■ ■ ■ ■ ■ ■ ■ ■ ■ ■ ■ ■ ■ ■ ■ ■ % 
21	% A ■ A ■ A ■ A ■ A ■ A ■ A ■ A ■ A ■ A ■ A ■ A ■ A ■ A ■ A ■ A ■ A ■ A ■ A ■ A ■ A ■ A ■ A ■ A ■ A ■ A ■ A ■ A ■ A ■ A ■ A ■ A ■ A ■ A ■ A ■ A ■ A ■ A ■ A ■ A ■ A ■ A ■ A ■ A ■ A ■ A ■ A ■ A ■ A ■ A ■ % 
22	% ■ ■ ■ ■ ■ ■ ■ ■ ■ ■ ■ ■ ■ ■ ■ ■ ■ ■ ■ ■ ■ ■ ■ ■ ■ ■ ■ ■ ■ ■ ■ ■ ■ ■ ■ ■ ■ ■ ■ ■ ■ ■ ■ ■ ■ ■ ■ ■ ■ ■ ■ ■ ■ ■ ■ ■ ■ ■ ■ ■ ■ ■ ■ ■ ■ ■ ■ ■ ■ ■ ■ ■ ■ ■ ■ ■ ■ ■ ■ ■ ■ ■ ■ ■ ■ ■ ■ ■ ■ ■ ■ ■ ■ ■ ■ ■ ■ ■ ■ ■ % 
23	% A ■ A ■ A ■ A ■ A ■ A ■ A ■ A ■ A ■ A ■ A ■ A ■ A ■ A ■ A ■ A ■ A ■ A ■ A ■ A ■ A ■ A ■ A ■ A ■ A ■ A ■ A ■ A ■ A ■ A ■ A ■ A ■ A ■ A ■ A ■ A ■ A ■ A ■ A ■ A ■ A ■ A ■ A ■ A ■ A ■ A ■ A ■ A ■ A ■ A ■ % 
24	% ■ ■ ■ ■ ■ ■ ■ ■ ■ ■ ■ ■ ■ ■ ■ ■ ■ ■ ■ ■ ■ ■ ■ ■ ■ ■ ■ ■ ■ ■ ■ ■ ■ ■ ■ ■ ■ ■ ■ ■ ■ ■ ■ ■ ■ ■ ■ ■ ■ ■ ■ ■ ■ ■ ■ ■ ■ ■ ■ ■ ■ ■ ■ ■ ■ ■ ■ ■ ■ ■ ■ ■ ■ ■ ■ ■ ■ ■ ■ ■ ■ ■ ■ ■ ■ ■ ■ ■ ■ ■ ■ ■ ■ ■ ■ ■ ■ ■ ■ ■ % 
25	% A ■ A ■ A ■ A ■ A ■ A ■ A ■ A ■ A ■ A ■ A ■ A ■ A ■ A ■ A ■ A ■ A ■ A ■ A ■ A ■ A ■ A ■ A ■ A ■ A ■ A ■ A ■ A ■ A ■ A ■ A ■ A ■ A ■ A ■ A ■ A ■ A ■ A ■ A ■ A ■ A ■ A ■ A ■ A ■ A ■ A ■ A ■ A ■ A ■ A ■ % 
26	% ■ ■ ■ ■ ■ ■ ■ ■ ■ ■ ■ ■ ■ ■ ■ ■ ■ ■ ■ ■ ■ ■ ■ ■ ■ ■ ■ ■ ■ ■ ■ ■ ■ ■ ■ ■ ■ ■ ■ ■ ■ ■ ■ ■ ■ ■ ■ ■ ■ ■ ■ ■ ■ ■ ■ ■ ■ ■ ■ ■ ■ ■ ■ ■ ■ ■ ■ ■ ■ ■ ■ ■ ■ ■ ■ ■ ■ ■ ■ ■ ■ ■ ■ ■ ■ ■ ■ ■ ■ ■ ■ ■ ■ ■ ■ ■ ■ ■ ■ ■ % 
27	% A ■ A ■ A ■ A ■ A ■ A ■ A ■ A ■ A ■ A ■ A ■ A ■ A ■ A ■ A ■ A ■ A ■ A ■ A ■ A ■ A ■ A ■ A ■ A ■ A ■ A ■ A ■ A ■ A ■ A ■ A ■ A ■ A ■ A ■ A ■ A ■ A ■ A ■ A ■ A ■ A ■ A ■ A ■ A ■ A ■ A ■ A ■ A ■ A ■ A ■ % 
28	% ■ ■ ■ ■ ■ ■ ■ ■ ■ ■ ■ ■ ■ ■ ■ ■ ■ ■ ■ ■ ■ ■ ■ ■ ■ ■ ■ ■ ■ ■ ■ ■ ■ ■ ■ ■ ■ ■ ■ ■ ■ ■ ■ ■ ■ ■ ■ ■ ■ ■ ■ ■ ■ ■ ■ ■ ■ ■ ■ ■ ■ ■ ■ ■ ■ ■ ■ ■ ■ ■ ■ ■ ■ ■ ■ ■ ■ ■ ■ ■ ■ ■ ■ ■ ■ ■ ■ ■ ■ ■ ■ ■ ■ ■ ■ ■ ■ ■ ■ ■ % 
29	% A ■ A ■ A ■ A ■ A ■ A ■ A ■ A ■ A ■ A ■ A ■ A ■ A ■ A ■ A ■ A ■ A ■ A ■ A ■ A ■ A ■ A ■ A ■ A ■ A ■ A ■ A ■ A ■ A ■ A ■ A ■ A ■ A ■ A ■ A ■ A ■ A ■ A ■ A ■ A ■ A ■ A ■ A ■ A ■ A ■ A ■ A ■ A ■ A ■ A ■ % 
30	% ■ ■ ■ ■ ■ ■ ■ ■ ■ ■ ■ ■ ■ ■ ■ ■ ■ ■ ■ ■ ■ ■ ■ ■ ■ ■ ■ ■ ■ ■ ■ ■ ■ ■ ■ ■ ■ ■ ■ ■ ■ ■ ■ ■ ■ ■ ■ ■ ■ ■ ■ ■ ■ ■ ■ ■ ■ ■ ■ ■ ■ ■ ■ ■ ■ ■ ■ ■ ■ ■ ■ ■ ■ ■ ■ ■ ■ ■ ■ ■ ■ ■ ■ ■ ■ ■ ■ ■ ■ ■ ■ ■ ■ ■ ■ ■ ■ ■ ■ ■ % 
31	% A ■ A ■ A ■ A ■ A ■ A ■ A ■ A ■ A ■ A ■ A ■ A ■ A ■ A ■ A ■ A ■ A ■ A ■ A ■ A ■ A ■ A ■ A ■ A ■ A ■ A ■ A ■ A ■ A ■ A ■ A ■ A ■ A ■ A ■ A ■ A ■ A ■ A ■ A ■ A ■ A ■ A ■ A ■ A ■ A ■ A ■ A ■ A ■ A ■ A ■ % 
32	% ■ ■ ■ ■ ■ ■ ■ ■ ■ ■ ■ ■ ■ ■ ■ ■ ■ ■ ■ ■ ■ ■ ■ ■ ■ ■ ■ ■ ■ ■ ■ ■ ■ ■ ■ ■ ■ ■ ■ ■ ■ ■ ■ ■ ■ ■ ■ ■ ■ ■ ■ ■ ■ ■ ■ ■ ■ ■ ■ ■ ■ ■ ■ ■ ■ ■ ■ ■ ■ ■ ■ ■ ■ ■ ■ ■ ■ ■ ■ ■ ■ ■ ■ ■ ■ ■ ■ ■ ■ ■ ■ ■ ■ ■ ■ ■ ■ ■ ■ ■ % 
33	% A ■ A ■ A ■ A ■ A ■ A ■ A ■ A ■ A ■ A ■ A ■ A ■ A ■ A ■ A ■ A ■ A ■ A ■ A ■ A ■ A ■ A ■ A ■ A ■ A ■ A ■ A ■ A ■ A ■ A ■ A ■ A ■ A ■ A ■ A ■ A ■ A ■ A ■ A ■ A ■ A ■ A ■ A ■ A ■ A ■ A ■ A ■ A ■ A ■ A ■ % 
34	% ■ ■ ■ ■ ■ ■ ■ ■ ■ ■ ■ ■ ■ ■ ■ ■ ■ ■ ■ ■ ■ ■ ■ ■ ■ ■ ■ ■ ■ ■ ■ ■ ■ ■ ■ ■ ■ ■ ■ ■ ■ ■ ■ ■ ■ ■ ■ ■ ■ ■ ■ ■ ■ ■ ■ ■ ■ ■ ■ ■ ■ ■ ■ ■ ■ ■ ■ ■ ■ ■ ■ ■ ■ ■ ■ ■ ■ ■ ■ ■ ■ ■ ■ ■ ■ ■ ■ ■ ■ ■ ■ ■ ■ ■ ■ ■ ■ ■ ■ ■ % 
35	% A ■ A ■ A ■ A ■ A ■ A ■ A ■ A ■ A ■ A ■ A ■ A ■ A ■ A ■ A ■ A ■ A ■ A ■ A ■ A ■ A ■ A ■ A ■ A ■ A ■ A ■ A ■ A ■ A ■ A ■ A ■ A ■ A ■ A ■ A ■ A ■ A ■ A ■ A ■ A ■ A ■ A ■ A ■ A ■ A ■ A ■ A ■ A ■ A ■ A ■ % 
36	% ■ ■ ■ ■ ■ ■ ■ ■ ■ ■ ■ ■ ■ ■ ■ ■ ■ ■ ■ ■ ■ ■ ■ ■ ■ ■ ■ ■ ■ ■ ■ ■ ■ ■ ■ ■ ■ ■ ■ ■ ■ ■ ■ ■ ■ ■ ■ ■ ■ ■ ■ ■ ■ ■ ■ ■ ■ ■ ■ ■ ■ ■ ■ ■ ■ ■ ■ ■ ■ ■ ■ ■ ■ ■ ■ ■ ■ ■ ■ ■ ■ ■ ■ ■ ■ ■ ■ ■ ■ ■ ■ ■ ■ ■ ■ ■ ■ ■ ■ ■ % 
37	% A ■ A ■ A ■ A ■ A ■ A ■ A ■ A ■ A ■ A ■ A ■ A ■ A ■ A ■ A ■ A ■ A ■ A ■ A ■ A ■ A ■ A ■ A ■ A ■ A ■ A ■ A ■ A ■ A ■ A ■ A ■ A ■ A ■ A ■ A ■ A ■ A ■ A ■ A ■ A ■ A ■ A ■ A ■ A ■ A ■ A ■ A ■ A ■ A ■ A ■ % 
38	% ■ ■ ■ ■ ■ ■ ■ ■ ■ ■ ■ ■ ■ ■ ■ ■ ■ ■ ■ ■ ■ ■ ■ ■ ■ ■ ■ ■ ■ ■ ■ ■ ■ ■ ■ ■ ■ ■ ■ ■ ■ ■ ■ ■ ■ ■ ■ ■ ■ ■ ■ ■ ■ ■ ■ ■ ■ ■ ■ ■ ■ ■ ■ ■ ■ ■ ■ ■ ■ ■ ■ ■ ■ ■ ■ ■ ■ ■ ■ ■ ■ ■ ■ ■ ■ ■ ■ ■ ■ ■ ■ ■ ■ ■ ■ ■ ■ ■ ■ ■ % 
39	% A ■ A ■ A ■ A ■ A ■ A ■ A ■ A ■ A ■ A ■ A ■ A ■ A ■ A ■ A ■ A ■ A ■ A ■ A ■ A ■ A ■ A ■ A ■ A ■ A ■ A ■ A ■ A ■ A ■ A ■ A ■ A ■ A ■ A ■ A ■ A ■ A ■ A ■ A ■ A ■ A ■ A ■ A ■ A ■ A ■ A ■ A ■ A ■ A ■ A ■ % 
40	% ■ ■ ■ ■ ■ ■ ■ ■ ■ ■ ■ ■ ■ ■ ■ ■ ■ ■ ■ ■ ■ ■ ■ ■ ■ ■ ■ ■ ■ ■ ■ ■ ■ ■ ■ ■ ■ ■ ■ ■ ■ ■ ■ ■ ■ ■ ■ ■ ■ ■ ■ ■ ■ ■ ■ ■ ■ ■ ■ ■ ■ ■ ■ ■ ■ ■ ■ ■ ■ ■ ■ ■ ■ ■ ■ ■ ■ ■ ■ ■ ■ ■ ■ ■ ■ ■ ■ ■ ■ ■ ■ ■ ■ ■ ■ ■ ■ ■ ■ ■ % 
41	% A ■ A ■ A ■ A ■ A ■ A ■ A ■ A ■ A ■ A ■ A ■ A ■ A ■ A ■ A ■ A ■ A ■ A ■ A ■ A ■ A ■ A ■ A ■ A ■ A ■ A ■ A ■ A ■ A ■ A ■ A ■ A ■ A ■ A ■ A ■ A ■ A ■ A ■ A ■ A ■ A ■ A ■ A ■ A ■ A ■ A ■ A ■ A ■ A ■ A ■ % 
42	% ■ ■ ■ ■ ■ ■ ■ ■ ■ ■ ■ ■ ■ ■ ■ ■ ■ ■ ■ ■ ■ ■ ■ ■ ■ ■ ■ ■ ■ ■ ■ ■ ■ ■ ■ ■ ■ ■ ■ ■ ■ ■ ■ ■ ■ ■ ■ ■ ■ ■ ■ ■ ■ ■ ■ ■ ■ ■ ■ ■ ■ ■ ■ ■ ■ ■ ■ ■ ■ ■ ■ ■ ■ ■ ■ ■ ■ ■ ■ ■ ■ ■ ■ ■ ■ ■ ■ ■ ■ ■ ■ ■ ■ ■ ■ ■ ■ ■ ■ ■ % 
43	% A ■ A ■ A ■ A ■ A ■ A ■ A ■ A ■ A ■ A ■ A ■ A ■ A ■ A ■ A ■ A ■ A ■ A ■ A ■ A ■ A ■ A ■ A ■ A ■ A ■ A ■ A ■ A ■ A ■ A ■ A ■ A ■ A ■ A ■ A ■ A ■ A ■ A ■ A ■ A ■ A ■ A ■ A ■ A ■ A ■ A ■ A ■ A ■ A ■ A ■ % 
44	% ■ ■ ■ ■ ■ ■ ■ ■ ■ ■ ■ ■ ■ ■ ■ ■ ■ ■ ■ ■ ■ ■ ■ ■ ■ ■ ■ ■ ■ ■ ■ ■ ■ ■ ■ ■ ■ ■ ■ ■ ■ ■ ■ ■ ■ ■ ■ ■ ■ ■ ■ ■ ■ ■ ■ ■ ■ ■ ■ ■ ■ ■ ■ ■ ■ ■ ■ ■ ■ ■ ■ ■ ■ ■ ■ ■ ■ ■ ■ ■ ■ ■ ■ ■ ■ ■ ■ ■ ■ ■ ■ ■ ■ ■ ■ ■ ■ ■ ■ ■ % 
45	% A ■ A ■ A ■ A ■ A ■ A ■ A ■ A ■ A ■ A ■ A ■ A ■ A ■ A ■ A ■ A ■ A ■ A ■ A ■ A ■ A ■ A ■ A ■ A ■ A ■ A ■ A ■ A ■ A ■ A ■ A ■ A ■ A ■ A ■ A ■ A ■ A ■ A ■ A ■ A ■ A ■ A ■ A ■ A ■ A ■ A ■ A ■ A ■ A ■ A ■ % 
46	% ■ ■ ■ ■ ■ ■ ■ ■ ■ ■ ■ ■ ■ ■ ■ ■ ■ ■ ■ ■ ■ ■ ■ ■ ■ ■ ■ ■ ■ ■ ■ ■ ■ ■ ■ ■ ■ ■ ■ ■ ■ ■ ■ ■ ■ ■ ■ ■ ■ ■ ■ ■ ■ ■ ■ ■ ■ ■ ■ ■ ■ ■ ■ ■ ■ ■ ■ ■ ■ ■ ■ ■ ■ ■ ■ ■ ■ ■ ■ ■ ■ ■ ■ ■ ■ ■ ■ ■ ■ ■ ■ ■ ■ ■ ■ ■ ■ ■ ■ ■ % 
47	% A ■ A ■ A ■ A ■ A ■ A ■ A ■ A ■ A ■ A ■ A ■ A ■ A ■ A ■ A ■ A ■ A ■ A ■ A ■ A ■ A ■ A ■ A ■ A ■ A ■ A ■ A ■ A ■ A ■ A ■ A ■ A ■ A ■ A ■ A ■ A ■ A ■ A ■ A ■ A ■ A ■ A ■ A ■ A ■ A ■ A ■ A ■ A ■ A ■ A ■ % 
48	% ■ ■ ■ ■ ■ ■ ■ ■ ■ ■ ■ ■ ■ ■ ■ ■ ■ ■ ■ ■ ■ ■ ■ ■ ■ ■ ■ ■ ■ ■ ■ ■ ■ ■ ■ ■ ■ ■ ■ ■ ■ ■ ■ ■ ■ ■ ■ ■ ■ ■ ■ ■ ■ ■ ■ ■ ■ ■ ■ ■ ■ ■ ■ ■ ■ ■ ■ ■ ■ ■ ■ ■ ■ ■ ■ ■ ■ ■ ■ ■ ■ ■ ■ ■ ■ ■ ■ ■ ■ ■ ■ ■ ■ ■ ■ ■ ■ ■ ■ ■ % 
49	% A ■ A ■ A ■ A ■ A ■ A ■ A ■ A ■ A ■ A ■ A ■ A ■ A ■ A ■ A ■ A ■ A ■ A ■ A ■ A ■ A ■ A ■ A ■ A ■ A ■ A ■ A ■ A ■ A ■ A ■ A ■ A ■ A ■ A ■ A ■ A ■ A ■ A ■ A ■ A ■ A ■ A ■ A ■ A ■ A ■ A ■ A ■ A ■ A ■ A ■ % 
50	% ■ ■ ■ ■ ■ ■ ■ ■ ■ ■ ■ ■ ■ ■ ■ ■ ■ ■ ■ ■ ■ ■ ■ ■ ■ ■ ■ ■ ■ ■ ■ ■ ■ ■ ■ ■ ■ ■ ■ ■ ■ ■ ■ ■ ■ ■ ■ ■ ■ ■ ■ ■ ■ ■ ■ ■ ■ ■ ■ ■ ■ ■ ■ ■ ■ ■ ■ ■ ■ ■ ■ ■ ■ ■ ■ ■ ■ ■ ■ ■ ■ ■ ■ ■ ■ ■ ■ ■ ■ ■ ■ ■ ■ ■ ■ ■ ■ ■ ■ ■ % 
51	% A ■ A ■ A ■ A ■ A ■ A ■ A ■ A ■ A ■ A ■ A ■ A ■ A ■ A ■ A ■ A ■ A ■ A ■ A ■ A ■ A ■ A ■ A ■ A ■ A ■ A ■ A ■ A ■ A ■ A ■ A ■ A ■ A ■ A ■ A ■ A ■ A ■ A ■ A ■ A ■ A ■ A ■ A ■ A ■ A ■ A ■ A ■ A ■ A ■ A ■ % 
52	% ■ ■ ■ ■ ■ ■ ■ ■ ■ ■ ■ ■ ■ ■ ■ ■ ■ ■ ■ ■ ■ ■ ■ ■ ■ ■ ■ ■ ■ ■ ■ ■ ■ ■ ■ ■ ■ ■ ■ ■ ■ ■ ■ ■ ■ ■ ■ ■ ■ ■ ■ ■ ■ ■ ■ ■ ■ ■ ■ ■ ■ ■ ■ ■ ■ ■ ■ ■ ■ ■ ■ ■ ■ ■ ■ ■ ■ ■ ■ ■ ■ ■ ■ ■ ■ ■ ■ ■ ■ ■ ■ ■ ■ ■ ■ ■ ■ ■ ■ ■ % 
53	% A ■ A ■ A ■ A ■ A ■ A ■ A ■ A ■ A ■ A ■ A ■ A ■ A ■ A ■ A ■ A ■ A ■ A ■ A ■ A ■ A ■ A ■ A ■ A ■ A ■ A ■ A ■ A ■ A ■ A ■ A ■ A ■ A ■ A ■ A ■ A ■ A ■ A ■ A ■ A ■ A ■ A ■ A ■ A ■ A ■ A ■ A ■ A ■ A ■ A ■ % 
54	% ■ ■ ■ ■ ■ ■ ■ ■ ■ ■ ■ ■ ■ ■ ■ ■ ■ ■ ■ ■ ■ ■ ■ ■ ■ ■ ■ ■ ■ ■ ■ ■ ■ ■ ■ ■ ■ ■ ■ ■ ■ ■ ■ ■ ■ ■ ■ ■ ■ ■ ■ ■ ■ ■ ■ ■ ■ ■ ■ ■ ■ ■ ■ ■ ■ ■ ■ ■ ■ ■ ■ ■ ■ ■ ■ ■ ■ ■ ■ ■ ■ ■ ■ ■ ■ ■ ■ ■ ■ ■ ■ ■ ■ ■ ■ ■ ■ ■ ■ ■ % 
55	% A ■ A ■ A ■ A ■ A ■ A ■ A ■ A ■ A ■ A ■ A ■ A ■ A ■ A ■ A ■ A ■ A ■ A ■ A ■ A ■ A ■ A ■ A ■ A ■ A ■ A ■ A ■ A ■ A ■ A ■ A ■ A ■ A ■ A ■ A ■ A ■ A ■ A ■ A ■ A ■ A ■ A ■ A ■ A ■ A ■ A ■ A ■ A ■ A ■ A ■ % 
56	% ■ ■ ■ ■ ■ ■ ■ ■ ■ ■ ■ ■ ■ ■ ■ ■ ■ ■ ■ ■ ■ ■ ■ ■ ■ ■ ■ ■ ■ ■ ■ ■ ■ ■ ■ ■ ■ ■ ■ ■ ■ ■ ■ ■ ■ ■ ■ ■ ■ ■ ■ ■ ■ ■ ■ ■ ■ ■ ■ ■ ■ ■ ■ ■ ■ ■ ■ ■ ■ ■ ■ ■ ■ ■ ■ ■ ■ ■ ■ ■ ■ ■ ■ ■ ■ ■ ■ ■ ■ ■ ■ ■ ■ ■ ■ ■ ■ ■ ■ ■ % 
57	% A ■ A ■ A ■ A ■ A ■ A ■ A ■ A ■ A ■ A ■ A ■ A ■ A ■ A ■ A ■ A ■ A ■ A ■ A ■ A ■ A ■ A ■ A ■ A ■ A ■ A ■ A ■ A ■ A ■ A ■ A ■ A ■ A ■ A ■ A ■ A ■ A ■ A ■ A ■ A ■ A ■ A ■ A ■ A ■ A ■ A ■ A ■ A ■ A ■ A ■ % 
58	% ■ ■ ■ ■ ■ ■ ■ ■ ■ ■ ■ ■ ■ ■ ■ ■ ■ ■ ■ ■ ■ ■ ■ ■ ■ ■ ■ ■ ■ ■ ■ ■ ■ ■ ■ ■ ■ ■ ■ ■ ■ ■ ■ ■ ■ ■ ■ ■ ■ ■ ■ ■ ■ ■ ■ ■ ■ ■ ■ ■ ■ ■ ■ ■ ■ ■ ■ ■ ■ ■ ■ ■ ■ ■ ■ ■ ■ ■ ■ ■ ■ ■ ■ ■ ■ ■ ■ ■ ■ ■ ■ ■ ■ ■ ■ ■ ■ ■ ■ ■ % 
59	% A ■ A ■ A ■ A ■ A ■ A ■ A ■ A ■ A ■ A ■ A ■ A ■ A ■ A ■ A ■ A ■ A ■ A ■ A ■ A ■ A ■ A ■ A ■ A ■ A ■ A ■ A ■ A ■ A ■ A ■ A ■ A ■ A ■ A ■ A ■ A ■ A ■ A ■ A ■ A ■ A ■ A ■ A ■ A ■ A ■ A ■ A ■ A ■ A ■ A ■ % 
60	% ■ ■ ■ ■ ■ ■ ■ ■ ■ ■ ■ ■ ■ ■ ■ ■ ■ ■ ■ ■ ■ ■ ■ ■ ■ ■ ■ ■ ■ ■ ■ ■ ■ ■ ■ ■ ■ ■ ■ ■ ■ ■ ■ ■ ■ ■ ■ ■ ■ ■ ■ ■ ■ ■ ■ ■ ■ ■ ■ ■ ■ ■ ■ ■ ■ ■ ■ ■ ■ ■ ■ ■ ■ ■ ■ ■ ■ ■ ■ ■ ■ ■ ■ ■ ■ ■ ■ ■ ■ ■ ■ ■ ■ ■ ■ ■ ■ ■ ■ ■ % 
61	% A ■ A ■ A ■ A ■ A ■ A ■ A ■ A ■ A ■ A ■ A ■ A ■ A ■ A ■ A ■ A ■ A ■ A ■ A ■ A ■ A ■ A ■ A ■ A ■ A ■ A ■ A ■ A ■ A ■ A ■ A ■ A ■ A ■ A ■ A ■ A ■ A ■ A ■ A ■ A ■ A ■ A ■ A ■ A ■ A ■ A ■ A ■ A ■ A ■ A ■ % 
62	% ■ ■ ■ ■ ■ ■ ■ ■ ■ ■ ■ ■ ■ ■ ■ ■ ■ ■ ■ ■ ■ ■ ■ ■ ■ ■ ■ ■ ■ ■ ■ ■ ■ ■ ■ ■ ■ ■ ■ ■ ■ ■ ■ ■ ■ ■ ■ ■ ■ ■ ■ ■ ■ ■ ■ ■ ■ ■ ■ ■ ■ ■ ■ ■ ■ ■ ■ ■ ■ ■ ■ ■ ■ ■ ■ ■ ■ ■ ■ ■ ■ ■ ■ ■ ■ ■ ■ ■ ■ ■ ■ ■ ■ ■ ■ ■ ■ ■ ■ ■ % 
63	% A ■ A ■ A ■ A ■ A ■ A ■ A ■ A ■ A ■ A ■ A ■ A ■ A ■ A ■ A ■ A ■ A ■ A ■ A ■ A ■ A ■ A ■ A ■ A ■ A ■ A ■ A ■ A ■ A ■ A ■ A ■ A ■ A ■ A ■ A ■ A ■ A ■ A ■ A ■ A ■ A ■ A ■ A ■ A ■ A ■ A ■ A ■ A ■ A ■ A ■ % 
64	% ■ ■ ■ ■ ■ ■ ■ ■ ■ ■ ■ ■ ■ ■ ■ ■ ■ ■ ■ ■ ■ ■ ■ ■ ■ ■ ■ ■ ■ ■ ■ ■ ■ ■ ■ ■ ■ ■ ■ ■ ■ ■ ■ ■ ■ ■ ■ ■ ■ ■ ■ ■ ■ ■ ■ ■ ■ ■ ■ ■ ■ ■ ■ ■ ■ ■ ■ ■ ■ ■ ■ ■ ■ ■ ■ ■ ■ ■ ■ ■ ■ ■ ■ ■ ■ ■ ■ ■ ■ ■ ■ ■ ■ ■ ■ ■ ■ ■ ■ ■ % 
65	% A ■ A ■ A ■ A ■ A ■ A ■ A ■ A ■ A ■ A ■ A ■ A ■ A ■ A ■ A ■ A ■ A ■ A ■ A ■ A ■ A ■ A ■ A ■ A ■ A ■ A ■ A ■ A ■ A ■ A ■ A ■ A ■ A ■ A ■ A ■ A ■ A ■ A ■ A ■ A ■ A ■ A ■ A ■ A ■ A ■ A ■ A ■ A ■ A ■ A ■ % 
66	% ■ ■ ■ ■ ■ ■ ■ ■ ■ ■ ■ ■ ■ ■ ■ ■ ■ ■ ■ ■ ■ ■ ■ ■ ■ ■ ■ ■ ■ ■ ■ ■ ■ ■ ■ ■ ■ ■ ■ ■ ■ ■ ■ ■ ■ ■ ■ ■ ■ ■ ■ ■ ■ ■ ■ ■ ■ ■ ■ ■ ■ ■ ■ ■ ■ ■ ■ ■ ■ ■ ■ ■ ■ ■ ■ ■ ■ ■ ■ ■ ■ ■ ■ ■ ■ ■ ■ ■ ■ ■ ■ ■ ■ ■ ■ ■ ■ ■ ■ ■ % 
67	% A ■ A ■ A ■ A ■ A ■ A ■ A ■ A ■ A ■ A ■ A ■ A ■ A ■ A ■ A ■ A ■ A ■ A ■ A ■ A ■ A ■ A ■ A ■ A ■ A ■ A ■ A ■ A ■ A ■ A ■ A ■ A ■ A ■ A ■ A ■ A ■ A ■ A ■ A ■ A ■ A ■ A ■ A ■ A ■ A ■ A ■ A ■ A ■ A ■ A ■ % 
68	% ■ ■ ■ ■ ■ ■ ■ ■ ■ ■ ■ ■ ■ ■ ■ ■ ■ ■ ■ ■ ■ ■ ■ ■ ■ ■ ■ ■ ■ ■ ■ ■ ■ ■ ■ ■ ■ ■ ■ ■ ■ ■ ■ ■ ■ ■ ■ ■ ■ ■ ■ ■ ■ ■ ■ ■ ■ ■ ■ ■ ■ ■ ■ ■ ■ ■ ■ ■ ■ ■ ■ ■ ■ ■ ■ ■ ■ ■ ■ ■ ■ ■ ■ ■ ■ ■ ■ ■ ■ ■ ■ ■ ■ ■ ■ ■ ■ ■ ■ ■ % 
69	% A ■ A ■ A ■ A ■ A ■ A ■ A ■ A ■ A ■ A ■ A ■ A ■ A ■ A ■ A ■ A ■ A ■ A ■ A ■ A ■ A ■ A ■ A ■ A ■ A ■ A ■ A ■ A ■ A ■ A ■ A ■ A ■ A ■ A ■ A ■ A ■ A ■ A ■ A ■ A ■ A ■ A ■ A ■ A ■ A ■ A ■ A ■ A ■ A ■ A ■ % 
70	% ■ ■ ■ ■ ■ ■ ■ ■ ■ ■ ■ ■ ■ ■ ■ ■ ■ ■ ■ ■ ■ ■ ■ ■ ■ ■ ■ ■ ■ ■ ■ ■ ■ ■ ■ ■ ■ ■ ■ ■ ■ ■ ■ ■ ■ ■ ■ ■ ■ ■ ■ ■ ■ ■ ■ ■ ■ ■ ■ ■ ■ ■ ■ ■ ■ ■ ■ ■ ■ ■ ■ ■ ■ ■ ■ ■ ■ ■ ■ ■ ■ ■ ■ ■ ■ ■ ■ ■ ■ ■ ■ ■ ■ ■ ■ ■ ■ ■ ■ ■ % 
71	% A ■ A ■ A ■ A ■ A ■ A ■ A ■ A ■ A ■ A ■ A ■ A ■ A ■ A ■ A ■ A ■ A ■ A ■ A ■ A ■ A ■ A ■ A ■ A ■ A ■ A ■ A ■ A ■ A ■ A ■ A ■ A ■ A ■ A ■ A ■ A ■ A ■ A ■ A ■ A ■ A ■ A ■ A ■ A ■ A ■ A ■ A ■ A ■ A ■ A ■ % 
72	% ■ ■ ■ ■ ■ ■ ■ ■ ■ ■ ■ ■ ■ ■ ■ ■ ■ ■ ■ ■ ■ ■ ■ ■ ■ ■ ■ ■ ■ ■ ■ ■ ■ ■ ■ ■ ■ ■ ■ ■ ■ ■ ■ ■ ■ ■ ■ ■ ■ ■ ■ ■ ■ ■ ■ ■ ■ ■ ■ ■ ■ ■ ■ ■ ■ ■ ■ ■ ■ ■ ■ ■ ■ ■ ■ ■ ■ ■ ■ ■ ■ ■ ■ ■ ■ ■ ■ ■ ■ ■ ■ ■ ■ ■ ■ ■ ■ ■ ■ ■ % 
73	% A ■ A ■ A ■ A ■ A ■ A ■ A ■ A ■ A ■ A ■ A ■ A ■ A ■ A ■ A ■ A ■ A ■ A ■ A ■ A ■ A ■ A ■ A ■ A ■ A ■ A ■ A ■ A ■ A ■ A ■ A ■ A ■ A ■ A ■ A ■ A ■ A ■ A ■ A ■ A ■ A ■ A ■ A ■ A ■ A ■ A ■ A ■ A ■ A ■ A ■ % 
74	% ■ ■ ■ ■ ■ ■ ■ ■ ■ ■ ■ ■ ■ ■ ■ ■ ■ ■ ■ ■ ■ ■ ■ ■ ■ ■ ■ ■ ■ ■ ■ ■ ■ ■ ■ ■ ■ ■ ■ ■ ■ ■ ■ ■ ■ ■ ■ ■ ■ ■ ■ ■ ■ ■ ■ ■ ■ ■ ■ ■ ■ ■ ■ ■ ■ ■ ■ ■ ■ ■ ■ ■ ■ ■ ■ ■ ■ ■ ■ ■ ■ ■ ■ ■ ■ ■ ■ ■ ■ ■ ■ ■ ■ ■ ■ ■ ■ ■ ■ ■ % 
75	% A ■ A ■ A ■ A ■ A ■ A ■ A ■ A ■ A ■ A ■ A ■ A ■ A ■ A ■ A ■ A ■ A ■ A ■ A ■ A ■ A ■ A ■ A ■ A ■ A ■ A ■ A ■ A ■ A ■ A ■ A ■ A ■ A ■ A ■ A ■ A ■ A ■ A ■ A ■ A ■ A ■ A ■ A ■ A ■ A ■ A ■ A ■ A ■ A ■ A ■ % 
76	% ■ ■ ■ ■ ■ ■ ■ ■ ■ ■ ■ ■ ■ ■ ■ ■ ■ ■ ■ ■ ■ ■ ■ ■ ■ ■ ■ ■ ■ ■ ■ ■ ■ ■ ■ ■ ■ ■ ■ ■ ■ ■ ■ ■ ■ ■ ■ ■ ■ ■ ■ ■ ■ ■ ■ ■ ■ ■ ■ ■ ■ ■ ■ ■ ■ ■ ■ ■ ■ ■ ■ ■ ■ ■ ■ ■ ■ ■ ■ ■ ■ ■ ■ ■ ■ ■ ■ ■ ■ ■ ■ ■ ■ ■ ■ ■ ■ ■ ■ ■ % 
77	% A ■ A ■ A ■ A ■ A ■ A ■ A ■ A ■ A ■ A ■ A ■ A ■ A ■ A ■ A ■ A ■ A ■ A ■ A ■ A ■ A ■ A ■ A ■ A ■ A ■ A ■ A ■ A ■ A ■ A ■ A ■ A ■ A ■ A ■ A ■ A ■ A ■ A ■ A ■ A ■ A ■ A ■ A ■ A ■ A ■ A ■ A ■ A ■ A ■ A ■ % 
78	% ■ ■ ■ ■ ■ ■ ■ ■ ■ ■ ■ ■ ■ ■ ■ ■ ■ ■ ■ ■ ■ ■ ■ ■ ■ ■ ■ ■ ■ ■ ■ ■ ■ ■ ■ ■ ■ ■ ■ ■ ■ ■ ■ ■ ■ ■ ■ ■ ■ ■ ■ ■ ■ ■ ■ ■ ■ ■ ■ ■ ■ ■ ■ ■ ■ ■ ■ ■ ■ ■ ■ ■ ■ ■ ■ ■ ■ ■ ■ ■ ■ ■ ■ ■ ■ ■ ■ ■ ■ ■ ■ ■ ■ ■ ■ ■ ■ ■ ■ ■ % 
79	% A ■ A ■ A ■ A ■ A ■ A ■ A ■ A ■ A ■ A ■ A ■ A ■ A ■ A ■ A ■ A ■ A ■ A ■ A ■ A ■ A ■ A ■ A ■ A ■ A ■ A ■ A ■ A ■ A ■ A ■ A ■ A ■ A ■ A ■ A ■ A ■ A ■ A ■ A ■ A ■ A ■ A ■ A ■ A ■ A ■ A ■ A ■ A ■ A ■ A ■ % 
80	% ■ ■ ■ ■ ■ ■ ■ ■ ■ ■ ■ ■ ■ ■ ■ ■ ■ ■ ■ ■ ■ ■ ■ ■ ■ ■ ■ ■ ■ ■ ■ ■ ■ ■ ■ ■ ■ ■ ■ ■ ■ ■ ■ ■ ■ ■ ■ ■ ■ ■ ■ ■ ■ ■ ■ ■ ■ ■ ■ ■ ■ ■ ■ ■ ■ ■ ■ ■ ■ ■ ■ ■ ■ ■ ■ ■ ■ ■ ■ ■ ■ ■ ■ ■ ■ ■ ■ ■ ■ ■ ■ ■ ■ ■ ■ ■ ■ ■ ■ ■ % 
81	% A ■ A ■ A ■ A ■ A ■ A ■ A ■ A ■ A ■ A ■ A ■ A ■ A ■ A ■ A ■ A ■ A ■ A ■ A ■ A ■ A ■ A ■ A ■ A ■ A ■ A ■ A ■ A ■ A ■ A ■ A ■ A ■ A ■ A ■ A ■ A ■ A ■ A ■ A ■ A ■ A ■ A ■ A ■ A ■ A ■ A ■ A ■ A ■ A ■ A ■ % 
82	% ■ ■ ■ ■ ■ ■ ■ ■ ■ ■ ■ ■ ■ ■ ■ ■ ■ ■ ■ ■ ■ ■ ■ ■ ■ ■ ■ ■ ■ ■ ■ ■ ■ ■ ■ ■ ■ ■ ■ ■ ■ ■ ■ ■ ■ ■ ■ ■ ■ ■ ■ ■ ■ ■ ■ ■ ■ ■ ■ ■ ■ ■ ■ ■ ■ ■ ■ ■ ■ ■ ■ ■ ■ ■ ■ ■ ■ ■ ■ ■ ■ ■ ■ ■ ■ ■ ■ ■ ■ ■ ■ ■ ■ ■ ■ ■ ■ ■ ■ ■ % 
83	% A ■ A ■ A ■ A ■ A ■ A ■ A ■ A ■ A ■ A ■ A ■ A ■ A ■ A ■ A ■ A ■ A ■ A ■ A ■ A ■ A ■ A ■ A ■ A ■ A ■ A ■ A ■ A ■ A ■ A ■ A ■ A ■ A ■ A ■ A ■ A ■ A ■ A ■ A ■ A ■ A ■ A ■ A ■ A ■ A ■ A ■ A ■ A ■ A ■ A ■ % 
84	% ■ ■ ■ ■ ■ ■ ■ ■ ■ ■ ■ ■ ■ ■ ■ ■ ■ ■ ■ ■ ■ ■ ■ ■ ■ ■ ■ ■ ■ ■ ■ ■ ■ ■ ■ ■ ■ ■ ■ ■ ■ ■ ■ ■ ■ ■ ■ ■ ■ ■ ■ ■ ■ ■ ■ ■ ■ ■ ■ ■ ■ ■ ■ ■ ■ ■ ■ ■ ■ ■ ■ ■ ■ ■ ■ ■ ■ ■ ■ ■ ■ ■ ■ ■ ■ ■ ■ ■ ■ ■ ■ ■ ■ ■ ■ ■ ■ ■ ■ ■ % 
85	% A ■ A ■ A ■ A ■ A ■ A ■ A ■ A ■ A ■ A ■ A ■ A ■ A ■ A ■ A ■ A ■ A ■ A ■ A ■ A ■ A ■ A ■ A ■ A ■ A ■ A ■ A ■ A ■ A ■ A ■ A ■ A ■ A ■ A ■ A ■ A ■ A ■ A ■ A ■ A ■ A ■ A ■ A ■ A ■ A ■ A ■ A ■ A ■ A ■ A ■ % 
86	% ■ ■ ■ ■ ■ ■ ■ ■ ■ ■ ■ ■ ■ ■ ■ ■ ■ ■ ■ ■ ■ ■ ■ ■ ■ ■ ■ ■ ■ ■ ■ ■ ■ ■ ■ ■ ■ ■ ■ ■ ■ ■ ■ ■ ■ ■ ■ ■ ■ ■ ■ ■ ■ ■ ■ ■ ■ ■ ■ ■ ■ ■ ■ ■ ■ ■ ■ ■ ■ ■ ■ ■ ■ ■ ■ ■ ■ ■ ■ ■ ■ ■ ■ ■ ■ ■ ■ ■ ■ ■ ■ ■ ■ ■ ■ ■ ■ ■ ■ ■ % 
87	% A ■ A ■ A ■ A ■ A ■ A ■ A ■ A ■ A ■ A ■ A ■ A ■ A ■ A ■ A ■ A ■ A ■ A ■ A ■ A ■ A ■ A ■ A ■ A ■ A ■ A ■ A ■ A ■ A ■ A ■ A ■ A ■ A ■ A ■ A ■ A ■ A ■ A ■ A ■ A ■ A ■ A ■ A ■ A ■ A ■ A ■ A ■ A ■ A ■ A ■ % 
88	% ■ ■ ■ ■ ■ ■ ■ ■ ■ ■ ■ ■ ■ ■ ■ ■ ■ ■ ■ ■ ■ ■ ■ ■ ■ ■ ■ ■ ■ ■ ■ ■ ■ ■ ■ ■ ■ ■ ■ ■ ■ ■ ■ ■ ■ ■ ■ ■ ■ ■ ■ ■ ■ ■ ■ ■ ■ ■ ■ ■ ■ ■ ■ ■ ■ ■ ■ ■ ■ ■ ■ ■ ■ ■ ■ ■ ■ ■ ■ ■ ■ ■ ■ ■ ■ ■ ■ ■ ■ ■ ■ ■ ■ ■ ■ ■ ■ ■ ■ ■ % 
89	% A ■ A ■ A ■ A ■ A ■ A ■ A ■ A ■ A ■ A ■ A ■ A ■ A ■ A ■ A ■ A ■ A ■ A ■ A ■ A ■ A ■ A ■ A ■ A ■ A ■ A ■ A ■ A ■ A ■ A ■ A ■ A ■ A ■ A ■ A ■ A ■ A ■ A ■ A ■ A ■ A ■ A ■ A ■ A ■ A ■ A ■ A ■ A ■ A ■ A ■ % 
90	% ■ ■ ■ ■ ■ ■ ■ ■ ■ ■ ■ ■ ■ ■ ■ ■ ■ ■ ■ ■ ■ ■ ■ ■ ■ ■ ■ ■ ■ ■ ■ ■ ■ ■ ■ ■ ■ ■ ■ ■ ■ ■ ■ ■ ■ ■ ■ ■ ■ ■ ■ ■ ■ ■ ■ ■ ■ ■ ■ ■ ■ ■ ■ ■ ■ ■ ■ ■ ■ ■ ■ ■ ■ ■ ■ ■ ■ ■ ■ ■ ■ ■ ■ ■ ■ ■ ■ ■ ■ ■ ■ ■ ■ ■ ■ ■ ■ ■ ■ ■ % 
91	% A ■ A ■ A ■ A ■ A ■ A ■ A ■ A ■ A ■ A ■ A ■ A ■ A ■ A ■ A ■ A ■ A ■ A ■ A ■ A ■ A ■ A ■ A ■ A ■ A ■ A ■ A ■ A ■ A ■ A ■ A ■ A ■ A ■ A ■ A ■ A ■ A ■ A ■ A ■ A ■ A ■ A ■ A ■ A ■ A ■ A ■ A ■ A ■ A ■ A ■ % 
92	% ■ ■ ■ ■ ■ ■ ■ ■ ■ ■ ■ ■ ■ ■ ■ ■ ■ ■ ■ ■ ■ ■ ■ ■ ■ ■ ■ ■ ■ ■ ■ ■ ■ ■ ■ ■ ■ ■ ■ ■ ■ ■ ■ ■ ■ ■ ■ ■ ■ ■ ■ ■ ■ ■ ■ ■ ■ ■ ■ ■ ■ ■ ■ ■ ■ ■ ■ ■ ■ ■ ■ ■ ■ ■ ■ ■ ■ ■ ■ ■ ■ ■ ■ ■ ■ ■ ■ ■ ■ ■ ■ ■ ■ ■ ■ ■ ■ ■ ■ ■ % 
93	% A ■ A ■ A ■ A ■ A ■ A ■ A ■ A ■ A ■ A ■ A ■ A ■ A ■ A ■ A ■ A ■ A ■ A ■ A ■ A ■ A ■ A ■ A ■ A ■ A ■ A ■ A ■ A ■ A ■ A ■ A ■ A ■ A ■ A ■ A ■ A ■ A ■ A ■ A ■ A ■ A ■ A ■ A ■ A ■ A ■ A ■ A ■ A ■ A ■ A ■ % 
94	% ■ ■ ■ ■ ■ ■ ■ ■ ■ ■ ■ ■ ■ ■ ■ ■ ■ ■ ■ ■ ■ ■ ■ ■ ■ ■ ■ ■ ■ ■ ■ ■ ■ ■ ■ ■ ■ ■ ■ ■ ■ ■ ■ ■ ■ ■ ■ ■ ■ ■ ■ ■ ■ ■ ■ ■ ■ ■ ■ ■ ■ ■ ■ ■ ■ ■ ■ ■ ■ ■ ■ ■ ■ ■ ■ ■ ■ ■ ■ ■ ■ ■ ■ ■ ■ ■ ■ ■ ■ ■ ■ ■ ■ ■ ■ ■ ■ ■ ■ ■ % 
95	% A ■ A ■ A ■ A ■ A ■ A ■ A ■ A ■ A ■ A ■ A ■ A ■ A ■ A ■ A ■ A ■ A ■ A ■ A ■ A ■ A ■ A ■ A ■ A ■ A ■ A ■ A ■ A ■ A ■ A ■ A ■ A ■ A ■ A ■ A ■ A ■ A ■ A ■ A ■ A ■ A ■ A ■ A ■ A ■ A ■ A ■ A ■ A ■ A ■ A ■ % 
96	% ■ ■ ■ ■ ■ ■ ■ ■ ■ ■ ■ ■ ■ ■ ■ ■ ■ ■ ■ ■ ■ ■ ■ ■ ■ ■ ■ ■ ■ ■ ■ ■ ■ ■ ■ ■ ■ ■ ■ ■ ■ ■ ■ ■ ■ ■ ■ ■ ■ ■ ■ ■ ■ ■ ■ ■ ■ ■ ■ ■ ■ ■ ■ ■ ■ ■ ■ ■ ■ ■ ■ ■ ■ ■ ■ ■ ■ ■ ■ ■ ■ ■ ■ ■ ■ ■ ■ ■ ■ ■ ■ ■ ■ ■ ■ ■ ■ ■ ■ ■ % 
97	% A ■ A ■ A ■ A ■ A ■ A ■ A ■ A ■ A ■ A ■ A ■ A ■ A ■ A ■ A ■ A ■ A ■ A ■ A ■ A ■ A ■ A ■ A ■ A ■ A ■ A ■ A ■ A ■ A ■ A ■ A ■ A ■ A ■ A ■ A ■ A ■ A ■ A ■ A ■ A ■ A ■ A ■ A ■ A ■ A ■ A ■ A ■ A ■ A ■ A ■ % 
98	% ■ ■ ■ ■ ■ ■ ■ ■ ■ ■ ■ ■ ■ ■ ■ ■ ■ ■ ■ ■ ■ ■ ■ ■ ■ ■ ■ ■ ■ ■ ■ ■ ■ ■ ■ ■ ■ ■ ■ ■ ■ ■ ■ ■ ■ ■ ■ ■ ■ ■ ■ ■ ■ ■ ■ ■ ■ ■ ■ ■ ■ ■ ■ ■ ■ ■ ■ ■ ■ ■ ■ ■ ■ ■ ■ ■ ■ ■ ■ ■ ■ ■ ■ ■ ■ ■ ■ ■ ■ ■ ■ ■ ■ ■ ■ ■ ■ ■ ■ ■ % 
99	% A ■ A ■ A ■ A ■ A ■ A ■ A ■ A ■ A ■ A ■ A ■ A ■ A ■ A ■ A ■ A ■ A ■ A ■ A ■ A ■ A ■ A ■ A ■ A ■ A ■ A ■ A ■ A ■ A ■ A ■ A ■ A ■ A ■ A ■ A ■ A ■ A ■ A ■ A ■ A ■ A ■ A ■ A ■ A ■ A ■ A ■ A ■ A ■ A ■ A ■ % 
100	% ■ ■ ■ ■ ■ ■ ■ ■ ■ ■ ■ ■ ■ ■ ■ ■ ■ ■ ■ ■ ■ ■ ■ ■ ■ ■ ■ ■ ■ ■ ■ ■ ■ ■ ■ ■ ■ ■ ■ ■ ■ ■ ■ ■ ■ ■ ■ ■ ■ ■ ■ ■ ■ ■ ■ ■ ■ ■ ■ ■ ■ ■ ■ ■ ■ ■ ■ ■ ■ ■ ■ ■ ■ ■ ■ ■ ■ ■ ■ ■ ■ ■ ■ ■ ■ ■ ■ ■ ■ ■ ■ ■ ■ ■ ■ ■ ■ ■ ■ ■ % 
101	% % % % % % % % % % % % % % % % % % % % % % % % % % % % % % % % % % % % % % % % % % % % % % % % % % % % % % % % % % % % % % % % % % % % % % % % % % % % % % % % % % % % % % % % % % % % % % % % % % % % % % 
2025-11-23 14:28:14,389 - create_map - INFO - [create_map.py:61] - 房间集合为
2025-11-23 14:28:14,389 - create_map - INFO - [create_map.py:63] - ((77, 9))-(85,11)		h: 9  w: 3
2025-11-23 14:28:14,389 - create_map - INFO - [create_map.py:63] - ((17, 23))-(21,29)		h: 5  w: 7
2025-11-23 14:28:14,389 - create_map - INFO - [create_map.py:63] - ((63, 51))-(65,53)		h: 3  w: 3
2025-11-23 14:28:14,389 - create_map - INFO - [create_map.py:63] - ((1, 47))-(3,55)		h: 3  w: 9
2025-11-23 14:28:14,389 - create_map - INFO - [create_map.py:63] - ((45, 47))-(47,49)		h: 3  w: 3
2025-11-23 14:28:14,390 - create_map - INFO - [create_map.py:63] - ((11, 47))-(15,49)		h: 5  w: 3
2025-11-23 14:28:14,390 - create_map - INFO - [create_map.py:63] - ((49, 91))-(53,97)		h: 5  w: 7
2025-11-23 14:28:14,390 - create_map - INFO - [create_map.py:63] - ((85, 41))-(91,49)		h: 7  w: 9
2025-11-23 14:28:14,390 - create_map - INFO - [create_map.py:63] - ((21, 9))-(27,11)		h: 7  w: 3
2025-11-23 14:28:14,390 - create_map - INFO - [create_map.py:63] - ((17, 69))-(21,77)		h: 5  w: 9
2025-11-23 14:28:14,390 - create_map - INFO - [create_map.py:63] - ((75, 65))-(81,71)		h: 7  w: 7
2025-11-23 14:28:14,390 - create_map - INFO - [create_map.py:63] - ((31, 91))-(39,95)		h: 9  w: 5
2025-11-23 14:28:14,390 - create_map - INFO - [create_map.py:63] - ((83, 57))-(91,63)		h: 9  w: 7
2025-11-23 14:28:14,390 - create_map - INFO - [create_map.py:63] - ((11, 51))-(17,57)		h: 7  w: 7
2025-11-23 14:28:14,390 - create_map - INFO - [create_map.py:63] - ((51, 33))-(53,35)		h: 3  w: 3
2025-11-23 14:28:14,390 - create_map - INFO - [create_map.py:63] - ((5, 31))-(9,35)		h: 5  w: 5
2025-11-23 14:28:14,390 - create_map - INFO - [create_map.py:63] - ((31, 17))-(37,25)		h: 7  w: 9
2025-11-23 14:28:14,390 - create_map - INFO - [create_map.py:63] - ((49, 81))-(51,83)		h: 3  w: 3
2025-11-23 14:28:14,390 - create_map - INFO - [create_map.py:63] - ((5, 5))-(7,11)		h: 3  w: 7
2025-11-23 14:28:14,390 - create_map - INFO - [create_map.py:63] - ((69, 41))-(75,47)		h: 7  w: 7
2025-11-23 14:28:14,390 - create_map - INFO - [create_map.py:63] - ((7, 63))-(13,67)		h: 7  w: 5
2025-11-23 14:28:14,390 - create_map - INFO - [create_map.py:63] - ((59, 97))-(65,99)		h: 7  w: 3
2025-11-23 14:28:14,390 - create_map - INFO - [create_map.py:63] - ((67, 61))-(73,67)		h: 7  w: 7
2025-11-23 14:28:14,390 - create_map - INFO - [create_map.py:63] - ((57, 15))-(63,21)		h: 7  w: 7
2025-11-23 14:28:14,390 - create_map - INFO - [create_map.py:63] - ((31, 51))-(39,59)		h: 9  w: 9
2025-11-23 14:28:14,390 - create_map - INFO - [create_map.py:63] - ((73, 37))-(79,39)		h: 7  w: 3
2025-11-23 14:28:14,390 - create_map - INFO - [create_map.py:63] - ((89, 1))-(97,9)		h: 9  w: 9
2025-11-23 14:28:14,390 - create_map - INFO - [create_map.py:63] - ((75, 1))-(83,5)		h: 9  w: 5
2025-11-23 14:28:14,390 - create_map - INFO - [create_map.py:63] - ((73, 91))-(81,93)		h: 9  w: 3
2025-11-23 14:28:14,390 - create_map - INFO - [create_map.py:63] - ((83, 51))-(87,53)		h: 5  w: 3
2025-11-23 14:28:14,390 - create_map - INFO - [create_map.py:63] - ((41, 15))-(43,23)		h: 3  w: 9
2025-11-23 14:28:14,390 - create_map - INFO - [create_map.py:63] - ((93, 33))-(97,41)		h: 5  w: 9
2025-11-23 14:28:14,391 - create_map - INFO - [create_map.py:63] - ((29, 1))-(31,5)		h: 3  w: 5
2025-11-23 14:28:14,391 - create_map - INFO - [create_map.py:63] - ((27, 67))-(33,71)		h: 7  w: 5
2025-11-23 14:28:14,391 - create_map - INFO - [create_map.py:63] - ((17, 13))-(25,19)		h: 9  w: 7
2025-11-23 14:28:14,391 - create_map - INFO - [create_map.py:63] - ((55, 43))-(63,49)		h: 9  w: 7
2025-11-23 14:28:14,391 - create_map - INFO - [create_map.py:63] - ((57, 89))-(65,93)		h: 9  w: 5
2025-11-23 14:28:14,391 - create_map - INFO - [create_map.py:63] - ((79, 25))-(87,29)		h: 9  w: 5
2025-11-23 14:28:14,391 - create_map - INFO - [create_map.py:63] - ((85, 65))-(89,73)		h: 5  w: 9
2025-11-23 14:28:14,391 - create_map - INFO - [create_map.py:63] - ((53, 17))-(55,21)		h: 3  w: 5
2025-11-23 14:28:14,391 - create_map - INFO - [create_map.py:63] - ((9, 87))-(17,95)		h: 9  w: 9
2025-11-23 14:28:14,391 - create_map - INFO - [create_map.py:63] - ((45, 87))-(49,89)		h: 5  w: 3
2025-11-23 14:28:14,391 - create_map - INFO - [create_map.py:63] - ((11, 3))-(19,5)		h: 9  w: 3
2025-11-23 14:28:14,391 - create_map - INFO - [create_map.py:63] - ((77, 97))-(83,99)		h: 7  w: 3
2025-11-23 14:28:14,391 - create_map - INFO - [create_map.py:63] - ((11, 59))-(13,61)		h: 3  w: 3
2025-11-23 14:28:14,391 - create_map - INFO - [create_map.py:63] - ((81, 77))-(87,83)		h: 7  w: 7
2025-11-23 14:28:14,391 - create_map - INFO - [create_map.py:63] - ((5, 73))-(9,75)		h: 5  w: 3
2025-11-23 14:28:14,391 - create_map - INFO - [create_map.py:63] - ((87, 91))-(89,99)		h: 3  w: 9
2025-11-23 14:28:14,391 - create_map - INFO - [create_map.py:63] - ((43, 1))-(45,3)		h: 3  w: 3
2025-11-23 14:28:14,391 - create_map - INFO - [create_map.py:63] - ((43, 57))-(51,65)		h: 9  w: 9
2025-11-23 14:28:14,391 - create_map - INFO - [create_map.py:63] - ((33, 77))-(39,79)		h: 7  w: 3
2025-11-23 14:28:14,391 - create_map - INFO - [create_map.py:63] - ((67, 93))-(69,95)		h: 3  w: 3
2025-11-23 14:28:14,391 - create_map - INFO - [create_map.py:63] - ((65, 69))-(73,71)		h: 9  w: 3
2025-11-23 14:28:14,391 - create_map - INFO - [create_map.py:63] - ((9, 21))-(13,23)		h: 5  w: 3
2025-11-23 14:28:14,391 - create_map - INFO - [create_map.py:63] - ((21, 49))-(23,53)		h: 3  w: 5
2025-11-23 14:28:14,391 - create_map - INFO - [create_map.py:63] - ((3, 13))-(7,15)		h: 5  w: 3
2025-11-23 14:28:14,391 - create_map - INFO - [create_map.py:63] - ((91, 17))-(97,19)		h: 7  w: 3
2025-11-23 14:28:14,391 - create_map - INFO - [create_map.py:63] - ((19, 55))-(27,57)		h: 9  w: 3
2025-11-23 14:28:14,391 - create_map - INFO - [create_map.py:63] - ((47, 41))-(51,45)		h: 5  w: 5
2025-11-23 14:28:14,392 - create_map - INFO - [create_map.py:63] - ((5, 23))-(7,29)		h: 3  w: 7
2025-11-23 14:28:14,392 - create_map - INFO - [create_map.py:63] - ((23, 33))-(31,35)		h: 9  w: 3
2025-11-23 14:28:14,392 - create_map - INFO - [create_map.py:63] - ((73, 21))-(75,27)		h: 3  w: 7
2025-11-23 14:28:14,392 - create_map - INFO - [create_map.py:63] - ((29, 45))-(31,47)		h: 3  w: 3
2025-11-23 14:28:14,392 - create_map - INFO - [create_map.py:63] - ((91, 51))-(95,55)		h: 5  w: 5
2025-11-23 14:28:14,392 - create_map - INFO - [create_map.py:63] - ((13, 39))-(17,45)		h: 5  w: 7
2025-11-23 14:28:14,392 - create_map - INFO - [create_map.py:63] - ((63, 55))-(67,57)		h: 5  w: 3
2025-11-23 14:28:14,392 - create_map - INFO - [create_map.py:63] - ((55, 71))-(57,77)		h: 3  w: 7
2025-11-23 14:28:14,392 - create_map - INFO - [create_map.py:63] - ((1, 77))-(7,79)		h: 7  w: 3
2025-11-23 14:28:14,392 - create_map - INFO - [create_map.py:63] - ((27, 85))-(31,89)		h: 5  w: 5
2025-11-23 14:28:14,392 - create_map - INFO - [create_map.py:63] - ((7, 53))-(9,59)		h: 3  w: 7
2025-11-23 14:28:14,392 - create_map - INFO - [create_map.py:63] - ((51, 51))-(57,53)		h: 7  w: 3
2025-11-23 14:28:14,392 - create_map - INFO - [create_map.py:63] - ((97, 79))-(99,83)		h: 3  w: 5
2025-11-23 14:28:14,392 - create_map - INFO - [create_map.py:63] - ((23, 93))-(25,95)		h: 3  w: 3
2025-11-23 14:28:14,392 - create_map - INFO - [create_map.py:63] - ((45, 5))-(53,9)		h: 9  w: 5
2025-11-23 14:28:14,392 - create_map - INFO - [create_map.py:63] - ((39, 1))-(41,5)		h: 3  w: 5
2025-11-23 14:28:14,392 - create_map - INFO - [create_map.py:63] - ((55, 25))-(57,27)		h: 3  w: 3
2025-11-23 14:28:14,392 - create_map - INFO - [create_map.py:63] - ((65, 13))-(71,21)		h: 7  w: 9
2025-11-23 14:28:14,392 - create_map - INFO - [create_map.py:63] - ((69, 77))-(71,79)		h: 3  w: 3
2025-11-23 14:28:14,392 - create_map - INFO - [create_map.py:63] - ((13, 27))-(15,31)		h: 3  w: 5
2025-11-23 14:28:14,392 - create_map - INFO - [create_map.py:63] - ((1, 67))-(3,73)		h: 3  w: 7
2025-11-23 14:28:14,392 - create_map - INFO - [create_map.py:63] - ((41, 43))-(43,47)		h: 3  w: 5
2025-11-23 14:28:14,392 - create_map - INFO - [create_map.py:63] - ((39, 25))-(41,33)		h: 3  w: 9
2025-11-23 14:28:14,392 - create_map - INFO - [create_map.py:63] - ((19, 37))-(21,45)		h: 3  w: 9
2025-11-23 14:28:14,392 - create_map - INFO - [create_map.py:63] - ((5, 83))-(7,91)		h: 3  w: 9
2025-11-23 14:28:14,392 - create_map - INFO - [create_map.py:63] - ((27, 17))-(29,19)		h: 3  w: 3
2025-11-23 14:28:14,392 - create_map - INFO - [create_map.py:63] - ((37, 63))-(41,71)		h: 5  w: 9
2025-11-23 14:28:14,393 - create_map - INFO - [create_map.py:63] - ((25, 37))-(31,39)		h: 7  w: 3
2025-11-23 14:28:14,393 - create_map - INFO - [create_map.py:63] - ((81, 45))-(83,49)		h: 3  w: 5
2025-11-23 14:28:14,393 - create_map - INFO - [create_map.py:63] - ((41, 85))-(43,93)		h: 3  w: 9
2025-11-23 14:28:14,393 - create_map - INFO - [create_map.py:63] - ((83, 17))-(87,19)		h: 5  w: 3
2025-11-23 14:28:14,393 - create_map - INFO - [create_map.py:63] - ((93, 83))-(95,87)		h: 3  w: 5
2025-11-23 14:28:14,393 - create_map - INFO - [create_map.py:63] - ((93, 11))-(97,15)		h: 5  w: 5
2025-11-23 14:28:14,393 - create_map - INFO - [create_map.py:63] - ((41, 37))-(49,39)		h: 9  w: 3
2025-11-23 14:28:14,393 - create_map - INFO - [create_map.py:63] - ((47, 25))-(49,29)		h: 3  w: 5
2025-11-23 14:28:14,393 - create_map - INFO - [create_map.py:63] - ((69, 9))-(73,11)		h: 5  w: 3
2025-11-23 14:28:14,393 - create_map - INFO - [create_map.py:63] - ((33, 9))-(35,13)		h: 3  w: 5
2025-11-23 14:28:14,393 - create_map - INFO - [create_map.py:63] - ((63, 73))-(67,81)		h: 5  w: 9
2025-11-23 14:28:14,393 - create_map - INFO - [create_map.py:63] - ((93, 61))-(97,67)		h: 5  w: 7
2025-11-23 14:28:14,393 - create_map - INFO - [create_map.py:63] - ((61, 5))-(63,7)		h: 3  w: 3
2025-11-23 14:28:14,393 - create_map - INFO - [create_map.py:63] - ((9, 13))-(15,17)		h: 7  w: 5
2025-11-23 14:28:14,393 - create_map - INFO - [create_map.py:65] - 生成的房间如下

2025-11-23 14:28:14,395 - create_map - INFO - [create_logging.py:131] - 
 0	% % % % % % % % % % % % % % % % % % % % % % % % % % % % % % % % % % % % % % % % % % % % % % % % % % % % % % % % % % % % % % % % % % % % % % % % % % % % % % % % % % % % % % % % % % % % % % % % % % % % % % 
1	% A ■ A ■ A ■ A ■ A ■ A ■ A ■ A ■ A ■ A ■ A ■ A ■ A ■ A ■ A ■ A ■ A ■ A ■ A ■ A ■ A ■ A ■ A ■                   ■ A ■ A ■ A ■ A ■ A ■               ■ A ■       ■ A ■ A ■ A ■ A ■ A ■ A ■ A ■ A ■ A ■ A ■ % 
2	% ■ ■ ■ ■ ■ ■ ■ ■ ■ ■ ■ ■ ■ ■ ■ ■ ■ ■ ■ ■ ■ ■ ■ ■ ■ ■ ■ ■ ■ ■ ■ ■ ■ ■ ■ ■ ■ ■ ■ ■ ■ ■ ■ ■ ■ ■                   ■ ■ ■ ■ ■ ■ ■ ■ ■ ■ ■               ■ ■ ■       ■ ■ ■ ■ ■ ■ ■ ■ ■ ■ ■ ■ ■ ■ ■ ■ ■ ■ ■ ■ ■ % 
3	% A ■ A ■ A ■ A ■ A ■ A ■       ■ A ■ A ■ A ■ A ■ A ■ A ■ A ■ A ■ A ■ A ■ A ■ A ■ A ■ A ■ A ■                   ■ A ■ A ■ A ■ A ■ A ■               ■ A ■       ■ A ■ A ■ A ■ A ■ A ■ A ■ A ■ A ■ A ■ A ■ % 
4	% ■ ■ ■ ■ ■ ■ ■ ■ ■ ■ ■ ■       ■ ■ ■ ■ ■ ■ ■ ■ ■ ■ ■ ■ ■ ■ ■ ■ ■ ■ ■ ■ ■ ■ ■ ■ ■ ■ ■ ■ ■ ■ ■ ■ ■ ■ ■ ■ ■ ■ ■ ■ ■ ■ ■ ■ ■ ■ ■ ■ ■ ■ ■ ■ ■ ■ ■ ■ ■ ■ ■ ■ ■       ■ ■ ■ ■ ■ ■ ■ ■ ■ ■ ■ ■ ■ ■ ■ ■ ■ ■ ■ ■ ■ % 
5	% A ■ A ■               ■       ■ A ■ A ■ A ■               ■           ■ A ■ A ■ A ■ A ■ A ■ A ■ A ■ A ■ A ■ A ■ A ■ A ■ A ■ A ■ A ■ A ■ A ■ A ■       ■       ■ A ■                   ■ A ■ A ■ A ■ A ■ % 
6	% ■ ■ ■ ■               ■       ■ ■ ■ ■ ■ ■ ■               ■           ■ ■ ■ ■ ■ ■ ■ ■ ■ ■ ■ ■ ■ ■ ■ ■ ■ ■ ■ ■ ■ ■ ■ ■ ■ ■ ■ ■ ■ ■ ■ ■ ■ ■ ■ ■ ■       ■       ■ ■ ■                   ■ ■ ■ ■ ■ ■ ■ ■ ■ % 
7	% A ■ A ■               ■       ■ A ■ A ■ A ■               ■           ■ A ■ A ■ A ■ A ■ A ■ A ■ A ■ A ■               ■ A ■           ■ A ■ A ■       ■       ■ A ■                   ■ A ■ A ■ A ■ A ■ % 
8	% ■ ■ ■ ■ ■ ■ ■ ■ ■ ■ ■ ■ ■ ■ ■ ■ ■ ■ ■ ■ ■ ■ ■ ■ ■ ■ ■ ■ ■ ■           ■ ■ ■ ■ ■ ■ ■ ■ ■ ■ ■ ■ ■ ■ ■ ■ ■               ■ ■ ■           ■ ■ ■ ■ ■       ■ ■ ■ ■ ■ ■ ■ ■ ■ ■ ■ ■ ■ ■ ■ ■ ■ ■ ■ ■ ■ ■ ■ ■ ■ % 
9	% A ■ A ■ A ■ A ■ A ■ A ■           ■ A ■       ■ A ■ A ■ A ■           ■ A ■ A ■ A ■ A ■ A ■ A ■ A ■ A ■               ■ A ■           ■ A ■ A ■       ■ A ■ A ■ A ■ A ■ A ■                   ■ A ■ A ■ % 
10	% ■ ■ ■ ■ ■ ■ ■ ■ ■ ■ ■ ■           ■ ■ ■       ■ ■ ■ ■ ■ ■ ■ ■ ■ ■ ■ ■ ■ ■ ■ ■ ■ ■ ■ ■ ■ ■ ■ ■ ■ ■ ■ ■ ■ ■ ■ ■ ■ ■ ■ ■ ■ ■ ■           ■ ■ ■ ■ ■ ■ ■ ■ ■ ■ ■ ■ ■ ■ ■ ■ ■ ■ ■                   ■ ■ ■ ■ ■ % 
11	% A ■       ■ A ■ A ■ A ■           ■ A ■       ■ A ■ A ■ A ■ A ■ A ■ A ■ A ■ A ■ A ■ A ■ A ■       ■               ■       ■           ■ A ■ A ■ A ■ A ■ A ■ A ■ A ■ A ■ A ■                   ■ A ■ A ■ % 
12	% ■ ■       ■ ■ ■ ■ ■ ■ ■           ■ ■ ■       ■ ■ ■ ■ ■ ■ ■ ■ ■ ■ ■ ■ ■ ■ ■ ■ ■ ■ ■ ■ ■ ■ ■       ■               ■       ■           ■ ■ ■ ■ ■ ■ ■ ■ ■ ■ ■ ■ ■ ■ ■ ■ ■ ■ ■                   ■ ■ ■ ■ ■ % 
13	% A ■       ■ A ■ A ■ A ■           ■ A ■       ■ A ■           ■ A ■ A ■ A ■               ■       ■               ■       ■           ■ A ■ A ■ A ■ A ■ A ■ A ■ A ■ A ■ A ■                   ■ A ■ A ■ % 
14	% ■ ■       ■ ■ ■ ■ ■ ■ ■           ■ ■ ■ ■ ■ ■ ■ ■ ■           ■ ■ ■ ■ ■ ■ ■               ■       ■               ■ ■ ■ ■ ■ ■ ■ ■ ■ ■ ■ ■ ■ ■ ■ ■ ■ ■ ■ ■ ■ ■ ■ ■ ■ ■ ■ ■ ■                   ■ ■ ■ ■ ■ % 
15	% A ■       ■ A ■ A ■ A ■           ■ A ■ A ■ A ■ A ■           ■ A ■ A ■ A ■               ■       ■               ■ A ■ A ■ A ■ A ■ A ■ A ■ A ■ A ■ A ■ A ■ A ■ A ■ A ■ A ■                   ■ A ■ A ■ % 
16	% ■ ■       ■ ■ ■ ■ ■ ■ ■ ■ ■ ■ ■ ■ ■ ■ ■ ■ ■ ■ ■ ■ ■ ■ ■ ■ ■ ■ ■ ■ ■ ■ ■ ■ ■               ■ ■ ■ ■ ■               ■ ■ ■ ■ ■ ■ ■ ■ ■ ■ ■ ■ ■ ■ ■ ■ ■ ■ ■ ■ ■ ■ ■ ■ ■ ■ ■ ■ ■                   ■ ■ ■ ■ ■ % 
17	% A ■       ■ A ■ A ■ A ■               ■ A ■               ■ A ■ A ■ A ■ A ■               ■ A ■ A ■               ■ A ■ A ■ A ■ A ■ A ■                   ■ A ■ A ■ A ■ A ■                   ■ A ■ A ■ % 
18	% ■ ■       ■ ■ ■ ■ ■ ■ ■               ■ ■ ■               ■ ■ ■ ■ ■ ■ ■ ■ ■ ■ ■ ■ ■ ■ ■ ■ ■ ■ ■ ■ ■ ■ ■ ■ ■ ■ ■ ■ ■ ■ ■ ■ ■ ■ ■ ■ ■ ■ ■                   ■ ■ ■ ■ ■ ■ ■ ■ ■ ■ ■ ■ ■ ■ ■ ■ ■ ■ ■ ■ ■ ■ ■ % 
19	% A ■       ■ A ■ A ■ A ■               ■ A ■               ■ A ■ A ■ A ■                   ■ A ■ A ■ A ■ A ■       ■ A ■ A ■ A ■ A ■ A ■                   ■ A ■ A ■ A ■ A ■ A ■ A ■ A ■ A ■ A ■ A ■ A ■ % 
20	% ■ ■ ■ ■ ■ ■ ■ ■ ■ ■ ■ ■               ■ ■ ■               ■ ■ ■ ■ ■ ■ ■                   ■ ■ ■ ■ ■ ■ ■ ■ ■       ■ ■ ■ ■ ■ ■ ■ ■ ■ ■ ■                   ■ ■ ■ ■ ■ ■ ■ ■ ■ ■ ■ ■ ■ ■ ■ ■ ■ ■ ■ ■ ■ ■ ■ % 
21	% A ■ A ■ A ■ A ■       ■               ■ A ■               ■ A ■ A ■ A ■                   ■ A ■           ■       ■ A ■ A ■ A ■ A ■ A ■                   ■ A ■ A ■ A ■ A ■ A ■ A ■ A ■ A ■ A ■ A ■ A ■ % 
22	% ■ ■ ■ ■ ■ ■ ■ ■       ■               ■ ■ ■ ■ ■ ■ ■ ■ ■ ■ ■ ■ ■ ■ ■ ■ ■ ■ ■ ■ ■ ■ ■ ■ ■ ■ ■ ■ ■           ■       ■ ■ ■ ■ ■ ■ ■ ■ ■ ■ ■ ■ ■ ■ ■ ■ ■ ■ ■ ■ ■ ■ ■ ■ ■ ■ ■ ■ ■ ■ ■ ■ ■ ■ ■ ■ ■ ■ ■ ■ ■ ■ ■ % 
23	% A ■ A ■ A ■ A ■       ■               ■ A ■ A ■ A ■ A ■ A ■ A ■       ■ A ■ A ■ A ■ A ■ A ■ A ■           ■       ■ A ■ A ■ A ■ A ■ A ■ A ■ A ■ A ■ A ■ A ■ A ■ A ■ A ■ A ■ A ■ A ■ A ■       ■ A ■ A ■ % 
24	% ■ ■ ■ ■ ■ ■ ■ ■       ■               ■ ■ ■ ■ ■ ■ ■ ■ ■ ■ ■ ■ ■       ■ ■ ■ ■ ■ ■ ■ ■ ■ ■ ■ ■ ■ ■ ■ ■ ■ ■ ■       ■ ■ ■ ■ ■ ■ ■ ■ ■ ■ ■ ■ ■ ■ ■ ■ ■ ■ ■ ■ ■ ■ ■ ■ ■ ■ ■ ■ ■ ■ ■ ■ ■ ■ ■       ■ ■ ■ ■ ■ % 
25	% A ■ A ■ A ■ A ■       ■               ■ A ■ A ■ A ■ A ■ A ■ A ■       ■       ■ A ■ A ■ A ■ A ■ A ■ A ■ A ■       ■ A ■ A ■ A ■ A ■ A ■ A ■ A ■ A ■ A ■ A ■ A ■ A ■ A ■ A ■ A ■ A ■ A ■       ■ A ■ A ■ % 
26	% ■ ■ ■ ■ ■ ■ ■ ■       ■ ■ ■ ■ ■ ■ ■ ■ ■ ■ ■ ■ ■ ■ ■ ■ ■ ■ ■ ■ ■       ■       ■ ■ ■ ■ ■ ■ ■ ■ ■ ■ ■ ■ ■ ■ ■       ■ ■ ■ ■ ■ ■ ■ ■ ■ ■ ■ ■ ■ ■ ■ ■ ■ ■ ■ ■ ■ ■ ■ ■ ■ ■ ■ ■ ■ ■ ■ ■ ■ ■ ■ ■ ■ ■ ■ ■ ■ ■ ■ % 
27	% A ■ A ■ A ■ A ■       ■ A ■ A ■       ■ A ■ A ■ A ■ A ■ A ■ A ■       ■       ■ A ■ A ■ A ■ A ■ A ■ A ■ A ■       ■ A ■ A ■ A ■ A ■           ■ A ■ A ■ A ■ A ■ A ■ A ■           ■ A ■ A ■ A ■ A ■ A ■ % 
28	% ■ ■ ■ ■ ■ ■ ■ ■ ■ ■ ■ ■ ■ ■ ■ ■       ■ ■ ■ ■ ■ ■ ■ ■ ■ ■ ■ ■ ■       ■       ■ ■ ■ ■ ■ ■ ■ ■ ■ ■ ■ ■ ■ ■ ■ ■ ■ ■ ■ ■ ■ ■ ■ ■ ■ ■ ■           ■ ■ ■ ■ ■ ■ ■ ■ ■ ■ ■ ■ ■           ■ ■ ■ ■ ■ ■ ■ ■ ■ ■ ■ % 
29	%           ■ A ■ A ■ A ■ A ■ A ■       ■ A ■ A ■ A ■ A ■ A ■ A ■       ■       ■ A ■ A ■       ■ A ■ A ■ A ■ A ■ A ■ A ■ A ■ A ■ A ■           ■ A ■ A ■ A ■ A ■ A ■ A ■           ■ A ■ A ■ A ■ A ■ A ■ % 
30	%           ■ ■ ■ ■ ■ ■ ■ ■ ■ ■ ■ ■ ■ ■ ■ ■ ■ ■ ■ ■ ■ ■ ■ ■ ■ ■ ■       ■       ■ ■ ■ ■ ■       ■ ■ ■ ■ ■ ■ ■ ■ ■ ■ ■ ■ ■ ■ ■ ■ ■ ■ ■           ■ ■ ■ ■ ■ ■ ■ ■ ■ ■ ■ ■ ■           ■ ■ ■ ■ ■ ■ ■ ■ ■ ■ ■ % 
31	%           ■ A ■ A ■ A ■ A ■ A ■                   ■ A ■ A ■ A ■       ■       ■ A ■ A ■       ■ A ■                   ■ A ■ A ■ A ■           ■ A ■ A ■ A ■ A ■ A ■ A ■           ■           ■ A ■ A ■ % 
32	% ■ ■ ■ ■ ■ ■ ■ ■ ■ ■ ■ ■ ■ ■ ■ ■                   ■ ■ ■ ■ ■ ■ ■ ■ ■ ■ ■ ■ ■ ■ ■ ■ ■ ■ ■ ■ ■ ■ ■ ■ ■                   ■ ■ ■ ■ ■ ■ ■           ■ ■ ■ ■ ■ ■ ■ ■ ■ ■ ■ ■ ■ ■ ■ ■ ■ ■ ■           ■ ■ ■ ■ ■ % 
33	% A ■ A ■ A ■ A ■           ■ A ■                   ■ A ■ A ■ A ■ A ■ A ■ A ■ A ■ A ■ A ■ A ■ A ■ A ■                   ■ A ■ A ■ A ■           ■ A ■ A ■       ■ A ■ A ■ A ■ A ■ A ■           ■ A ■ A ■ % 
34	% ■ ■ ■ ■ ■ ■ ■ ■           ■ ■ ■                   ■ ■ ■ ■ ■ ■ ■ ■ ■ ■ ■ ■ ■ ■ ■ ■ ■ ■ ■ ■ ■ ■ ■ ■ ■                   ■ ■ ■ ■ ■ ■ ■ ■ ■ ■ ■ ■ ■ ■ ■ ■ ■       ■ ■ ■ ■ ■ ■ ■ ■ ■ ■ ■           ■ ■ ■ ■ ■ % 
35	% A ■ A ■ A ■ A ■           ■ A ■                   ■ A ■ A ■ A ■ A ■ A ■ A ■ A ■ A ■ A ■ A ■ A ■ A ■                   ■ A ■ A ■ A ■ A ■ A ■ A ■ A ■ A ■       ■ A ■ A ■ A ■ A ■ A ■           ■ A ■ A ■ % 
36	% ■ ■ ■ ■ ■ ■ ■ ■ ■ ■ ■ ■ ■ ■ ■ ■                   ■ ■ ■ ■ ■ ■ ■ ■ ■ ■ ■ ■ ■ ■ ■ ■ ■ ■ ■ ■ ■ ■ ■ ■ ■                   ■ ■ ■ ■ ■ ■ ■ ■ ■ ■ ■ ■ ■ ■ ■ ■ ■       ■ ■ ■ ■ ■ ■ ■ ■ ■ ■ ■           ■ ■ ■ ■ ■ % 
37	% A ■ A ■ A ■ A ■ A ■ A ■ A ■ A ■                   ■ A ■ A ■ A ■ A ■ A ■ A ■ A ■ A ■ A ■ A ■ A ■ A ■                   ■ A ■                   ■ A ■ A ■       ■ A ■ A ■ A ■ A ■ A ■           ■ A ■ A ■ % 
38	% ■ ■ ■ ■ ■ ■ ■ ■ ■ ■ ■ ■ ■ ■ ■ ■ ■ ■ ■ ■ ■ ■ ■ ■ ■ ■ ■ ■ ■ ■ ■ ■ ■ ■ ■ ■ ■ ■ ■ ■ ■ ■ ■ ■ ■ ■ ■ ■ ■ ■                   ■ ■ ■                   ■ ■ ■ ■ ■       ■ ■ ■ ■ ■ ■ ■ ■ ■ ■ ■           ■ ■ ■ ■ ■ % 
39	%           ■ A ■ A ■ A ■ A ■ A ■ A ■ A ■ A ■ A ■                   ■ A ■ A ■ A ■ A ■ A ■ A ■ A ■ A ■                   ■ A ■                   ■ A ■ A ■       ■ A ■ A ■ A ■ A ■ A ■           ■ A ■ A ■ % 
40	%           ■ ■ ■ ■ ■ ■ ■ ■ ■ ■ ■ ■ ■ ■ ■ ■ ■ ■ ■                   ■ ■ ■ ■ ■ ■ ■ ■ ■ ■ ■ ■ ■ ■ ■ ■ ■ ■ ■ ■ ■ ■ ■ ■ ■ ■ ■ ■ ■                   ■ ■ ■ ■ ■ ■ ■ ■ ■ ■ ■ ■ ■ ■ ■ ■ ■ ■ ■ ■ ■ ■ ■ ■ ■ ■ ■ ■ ■ % 
41	%           ■ A ■ A ■ A ■ A ■                   ■                   ■ A ■       ■ A ■           ■ A ■ A ■ A ■ A ■ A ■ A ■ A ■                   ■ A ■ A ■ A ■ A ■ A ■ A ■                   ■ A ■ A ■ A ■ % 
42	% ■ ■ ■ ■ ■ ■ ■ ■ ■ ■ ■ ■ ■ ■                   ■ ■ ■ ■ ■ ■ ■ ■ ■ ■ ■ ■ ■       ■ ■ ■           ■ ■ ■ ■ ■ ■ ■ ■ ■ ■ ■ ■ ■ ■ ■ ■ ■ ■ ■ ■ ■ ■ ■ ■ ■ ■ ■ ■ ■ ■ ■ ■ ■ ■ ■ ■ ■                   ■ ■ ■ ■ ■ ■ ■ % 
43	%       ■ A ■ A ■ A ■ A ■ A ■                   ■ A ■ A ■ A ■ A ■ A ■ A ■       ■ A ■           ■ A ■ A ■ A ■ A ■                   ■ A ■ A ■ A ■ A ■ A ■ A ■ A ■ A ■ A ■                   ■ A ■ A ■ A ■ % 
44	%       ■ ■ ■ ■ ■ ■ ■ ■ ■ ■ ■ ■ ■ ■ ■ ■ ■ ■ ■ ■ ■ ■ ■ ■ ■ ■ ■ ■ ■ ■ ■ ■ ■       ■ ■ ■ ■ ■ ■ ■ ■ ■ ■ ■ ■ ■ ■ ■ ■ ■                   ■ ■ ■ ■ ■ ■ ■ ■ ■ ■ ■ ■ ■ ■ ■ ■ ■ ■ ■ ■ ■ ■ ■ ■ ■ ■ ■ ■ ■ ■ ■ ■ ■ ■ ■ % 
45	%       ■           ■ A ■ A ■ A ■ A ■ A ■ A ■ A ■ A ■ A ■ A ■ A ■ A ■ A ■       ■ A ■ A ■ A ■       ■ A ■ A ■ A ■                   ■ A ■ A ■ A ■ A ■ A ■ A ■ A ■ A ■ A ■ A ■       ■ A ■ A ■ A ■ A ■ A ■ % 
46	% ■ ■ ■ ■           ■ ■ ■ ■ ■ ■ ■ ■ ■ ■ ■ ■ ■ ■ ■ ■ ■ ■ ■ ■ ■ ■ ■ ■ ■ ■ ■       ■ ■ ■ ■ ■ ■ ■       ■ ■ ■ ■ ■ ■ ■                   ■ ■ ■ ■ ■ ■ ■ ■ ■ ■ ■ ■ ■ ■ ■ ■ ■ ■ ■ ■ ■       ■ ■ ■ ■ ■ ■ ■ ■ ■ ■ ■ % 
47	% A ■ A ■           ■ A ■ A ■ A ■ A ■ A ■ A ■ A ■           ■ A ■ A ■ A ■       ■           ■       ■ A ■ A ■ A ■                   ■ A ■ A ■ A ■ A ■ A ■ A ■ A ■ A ■ A ■ A ■       ■ A ■ A ■ A ■ A ■ A ■ % 
48	% ■ ■ ■ ■           ■ ■ ■ ■ ■ ■ ■ ■ ■ ■ ■ ■ ■ ■ ■           ■ ■ ■ ■ ■ ■ ■       ■           ■ ■ ■ ■ ■ ■ ■ ■ ■ ■ ■                   ■ ■ ■ ■ ■ ■ ■ ■ ■ ■ ■ ■ ■ ■ ■ ■ ■ ■ ■ ■ ■       ■ ■ ■ ■ ■ ■ ■ ■ ■ ■ ■ % 
49	% A ■ A ■           ■ A ■ A ■ A ■ A ■ A ■ A ■ A ■           ■ A ■ A ■ A ■       ■           ■ A ■ A ■ A ■ A ■ A ■                   ■ A ■ A ■ A ■ A ■ A ■ A ■ A ■       ■ A ■       ■               ■ A ■ % 
50	% ■ ■ ■ ■           ■ ■ ■ ■ ■ ■ ■ ■ ■ ■ ■ ■ ■ ■ ■ ■ ■ ■ ■ ■ ■ ■ ■ ■ ■ ■ ■ ■ ■ ■ ■           ■ ■ ■ ■ ■ ■ ■ ■ ■ ■ ■                   ■ ■ ■ ■ ■ ■ ■ ■ ■ ■ ■ ■ ■ ■ ■       ■ ■ ■ ■ ■ ■ ■               ■ ■ ■ % 
51	% A ■ A ■           ■ A ■ A ■ A ■ A ■ A ■ A ■ A ■ A ■ A ■ A ■ A ■       ■ A ■ A ■           ■ A ■ A ■       ■ A ■                   ■ A ■ A ■ A ■ A ■ A ■ A ■ A ■       ■ A ■ A ■ A ■               ■ A ■ % 
52	% ■ ■ ■ ■           ■ ■ ■ ■ ■ ■ ■ ■ ■ ■ ■ ■ ■ ■ ■ ■ ■ ■ ■ ■ ■ ■ ■       ■ ■ ■ ■ ■ ■ ■ ■ ■ ■ ■ ■ ■ ■ ■       ■ ■ ■ ■ ■ ■ ■ ■ ■ ■ ■ ■ ■ ■ ■ ■ ■ ■ ■ ■ ■ ■ ■ ■ ■ ■ ■ ■ ■ ■ ■ ■ ■ ■ ■ ■ ■               ■ ■ ■ % 
53	% A ■ A ■           ■ A ■ A ■ A ■           ■ A ■ A ■ A ■ A ■ A ■       ■ A ■ A ■ A ■ A ■ A ■ A ■ A ■       ■ A ■ A ■ A ■ A ■ A ■ A ■ A ■ A ■ A ■ A ■ A ■ A ■ A ■ A ■ A ■ A ■ A ■ A ■               ■ A ■ % 
54	% ■ ■ ■ ■ ■ ■ ■ ■ ■ ■ ■ ■ ■ ■ ■ ■           ■ ■ ■ ■ ■ ■ ■ ■ ■ ■ ■ ■ ■ ■ ■ ■ ■ ■ ■ ■ ■ ■ ■ ■ ■ ■ ■ ■ ■       ■ ■ ■ ■ ■ ■ ■ ■ ■ ■ ■ ■ ■ ■ ■ ■ ■ ■ ■ ■ ■ ■ ■ ■ ■ ■ ■ ■ ■ ■ ■ ■ ■ ■ ■ ■ ■ ■ ■ ■ ■ ■ ■ ■ ■ ■ ■ % 
55	% A ■ A ■ A ■ A ■ A ■ A ■ A ■ A ■           ■ A ■       ■ A ■ A ■ A ■ A ■ A ■ A ■ A ■               ■       ■ A ■ A ■ A ■ A ■ A ■ A ■ A ■ A ■               ■ A ■ A ■ A ■ A ■ A ■ A ■ A ■ A ■ A ■ A ■ A ■ % 
56	% ■ ■ ■ ■ ■ ■ ■ ■ ■ ■ ■ ■ ■ ■ ■ ■ ■ ■ ■ ■ ■ ■ ■ ■       ■ ■ ■ ■ ■ ■ ■ ■ ■ ■ ■ ■ ■ ■ ■               ■       ■ ■ ■ ■ ■ ■ ■ ■ ■ ■ ■ ■ ■ ■ ■ ■ ■               ■ ■ ■ ■ ■ ■ ■ ■ ■ ■ ■ ■ ■ ■ ■ ■ ■ ■ ■ ■ ■ ■ ■ % 
57	% A ■ A ■ A ■ A ■ A ■ A ■ A ■               ■ A ■       ■ A ■ A ■ A ■ A ■ A ■ A ■ A ■               ■       ■ A ■ A ■ A ■ A ■ A ■ A ■ A ■ A ■               ■ A ■ A ■ A ■ A ■ A ■           ■ A ■ A ■ A ■ % 
58	% ■ ■ ■ ■ ■ ■ ■ ■ ■ ■ ■ ■ ■ ■               ■ ■ ■ ■ ■ ■ ■ ■ ■ ■ ■ ■ ■ ■ ■ ■ ■ ■ ■ ■ ■               ■ ■ ■ ■ ■ ■ ■ ■ ■ ■ ■ ■ ■ ■ ■ ■ ■ ■ ■ ■ ■ ■ ■ ■ ■ ■ ■ ■ ■ ■ ■ ■ ■ ■ ■ ■ ■ ■ ■           ■ ■ ■ ■ ■ ■ ■ % 
59	% A ■ A ■ A ■ A ■ A ■ A ■ A ■               ■ A ■ A ■ A ■ A ■ A ■ A ■ A ■ A ■ A ■ A ■               ■ A ■ A ■ A ■ A ■ A ■ A ■ A ■ A ■ A ■ A ■ A ■ A ■ A ■ A ■ A ■ A ■ A ■ A ■ A ■           ■ A ■       ■ % 
60	% ■ ■ ■ ■ ■ ■ ■ ■ ■ ■ ■ ■ ■ ■               ■ ■ ■ ■ ■ ■ ■ ■ ■ ■ ■ ■ ■ ■ ■ ■ ■ ■ ■ ■ ■               ■ ■ ■ ■ ■ ■ ■ ■ ■ ■ ■ ■ ■ ■ ■ ■ ■ ■ ■ ■ ■ ■ ■ ■ ■ ■ ■ ■ ■ ■ ■ ■ ■ ■ ■ ■ ■ ■ ■           ■ ■ ■       ■ % 
61	% A ■ A ■       ■ A ■ A ■ A ■               ■ A ■ A ■ A ■ A ■ A ■ A ■ A ■ A ■ A ■ A ■               ■ A ■ A ■ A ■ A ■ A ■ A ■ A ■ A ■ A ■ A ■ A ■ A ■ A ■ A ■ A ■ A ■ A ■ A ■ A ■           ■ A ■       ■ % 
62	% ■ ■ ■ ■       ■ ■ ■ ■ ■ ■ ■               ■ ■ ■ ■ ■ ■ ■ ■ ■ ■ ■ ■ ■ ■ ■ ■ ■ ■ ■ ■ ■               ■ ■ ■ ■ ■ ■ ■ ■ ■ ■ ■ ■ ■ ■ ■ ■ ■ ■ ■ ■ ■ ■ ■ ■ ■ ■ ■ ■ ■ ■ ■ ■ ■ ■ ■ ■ ■ ■ ■           ■ ■ ■       ■ % 
63	% A ■ A ■       ■ A ■ A ■ A ■               ■ A ■ A ■ A ■ A ■ A ■ A ■ A ■ A ■ A ■ A ■               ■       ■       ■ A ■ A ■ A ■ A ■ A ■ A ■ A ■                   ■ A ■ A ■ A ■           ■ A ■       ■ % 
64	% ■ ■ ■ ■ ■ ■ ■ ■ ■ ■ ■ ■ ■ ■ ■ ■ ■ ■ ■ ■ ■ ■ ■ ■ ■ ■ ■ ■ ■ ■ ■ ■ ■ ■ ■ ■ ■ ■ ■ ■ ■ ■ ■ ■ ■ ■ ■ ■ ■ ■       ■       ■ ■ ■ ■ ■ ■ ■ ■ ■ ■ ■ ■ ■ ■ ■                   ■ ■ ■ ■ ■ ■ ■           ■ ■ ■       ■ % 
65	% A ■ A ■ A ■ A ■ A ■ A ■                   ■ A ■ A ■ A ■ A ■ A ■ A ■ A ■ A ■ A ■ A ■ A ■ A ■ A ■ A ■       ■       ■ A ■ A ■ A ■ A ■ A ■       ■                   ■ A ■ A ■ A ■           ■ A ■       ■ % 
66	% ■ ■ ■ ■ ■ ■ ■ ■ ■ ■ ■ ■                   ■ ■ ■ ■ ■ ■ ■ ■ ■ ■ ■ ■ ■ ■ ■ ■ ■ ■ ■ ■ ■ ■ ■ ■ ■ ■ ■ ■ ■ ■ ■ ■ ■       ■ ■ ■ ■ ■ ■ ■ ■ ■ ■ ■       ■                   ■ ■ ■ ■ ■ ■ ■ ■ ■ ■ ■ ■ ■ ■ ■ ■ ■ ■ ■ % 
67	% A ■ A ■ A ■ A ■ A ■ A ■                   ■ A ■ A ■ A ■ A ■ A ■ A ■ A ■ A ■ A ■ A ■ A ■ A ■ A ■ A ■ A ■ A ■       ■ A ■               ■       ■                   ■ A ■ A ■ A ■ A ■ A ■       ■ A ■ A ■ % 
68	% ■ ■ ■ ■ ■ ■ ■ ■ ■ ■ ■ ■                   ■ ■ ■ ■ ■ ■ ■ ■ ■ ■ ■ ■ ■ ■ ■ ■ ■ ■ ■ ■ ■ ■ ■ ■ ■ ■ ■ ■ ■ ■ ■ ■ ■ ■ ■ ■ ■ ■ ■               ■       ■ ■ ■ ■ ■ ■ ■ ■ ■ ■ ■ ■ ■ ■ ■ ■ ■ ■ ■ ■ ■       ■ ■ ■ ■ ■ % 
69	% A ■ A ■ A ■ A ■       ■                   ■ A ■ A ■ A ■ A ■ A ■ A ■ A ■ A ■ A ■               ■ A ■ A ■ A ■ A ■ A ■ A ■               ■       ■ A ■ A ■       ■ A ■ A ■ A ■ A ■ A ■ A ■       ■ A ■ A ■ % 
70	% ■ ■ ■ ■ ■ ■ ■ ■       ■                   ■ ■ ■ ■ ■ ■ ■ ■ ■ ■ ■ ■ ■ ■ ■ ■ ■ ■ ■               ■ ■ ■ ■ ■ ■ ■ ■ ■ ■ ■ ■ ■               ■       ■ ■ ■ ■ ■       ■ ■ ■ ■ ■ ■ ■ ■ ■ ■ ■ ■ ■ ■ ■ ■ ■ ■ ■ ■ ■ % 
71	% A ■ A ■ A ■ A ■       ■                   ■ A ■ A ■ A ■ A ■ A ■ A ■ A ■ A ■ A ■               ■ A ■ A ■ A ■ A ■ A ■ A ■               ■       ■ A ■ A ■       ■ A ■ A ■ A ■ A ■ A ■ A ■ A ■ A ■ A ■ A ■ % 
72	% ■ ■ ■ ■ ■ ■ ■ ■       ■ ■ ■ ■ ■ ■ ■ ■ ■ ■ ■ ■ ■ ■ ■ ■ ■ ■ ■ ■ ■ ■ ■ ■ ■ ■ ■ ■ ■               ■ ■ ■ ■ ■ ■ ■ ■ ■ ■ ■ ■ ■               ■       ■ ■ ■ ■ ■ ■ ■ ■ ■ ■ ■ ■ ■ ■ ■ ■ ■ ■ ■ ■ ■ ■ ■ ■ ■ ■ ■ ■ ■ % 
73	% A ■ A ■ A ■ A ■       ■ A ■ A ■ A ■ A ■               ■ A ■ A ■ A ■ A ■       ■               ■ A ■ A ■ A ■ A ■ A ■ A ■               ■       ■ A ■ A ■ A ■ A ■ A ■ A ■ A ■ A ■ A ■       ■ A ■ A ■ A ■ % 
74	% ■ ■ ■ ■ ■ ■ ■ ■ ■ ■ ■ ■ ■ ■ ■ ■ ■ ■ ■ ■               ■ ■ ■ ■ ■ ■ ■ ■ ■       ■               ■ ■ ■ ■ ■ ■ ■ ■ ■ ■ ■ ■ ■ ■ ■ ■ ■ ■ ■ ■ ■ ■ ■ ■ ■ ■ ■ ■ ■ ■ ■ ■ ■ ■ ■ ■ ■ ■ ■ ■ ■ ■ ■       ■ ■ ■ ■ ■ ■ ■ % 
75	%           ■ A ■ A ■ A ■ A ■ A ■ A ■ A ■               ■ A ■ A ■ A ■ A ■       ■               ■ A ■ A ■ A ■ A ■ A ■ A ■ A ■ A ■               ■ A ■ A ■ A ■ A ■ A ■ A ■ A ■ A ■ A ■       ■ A ■ A ■ A ■ % 
76	%           ■ ■ ■ ■ ■ ■ ■ ■ ■ ■ ■ ■ ■ ■ ■ ■ ■ ■ ■ ■ ■ ■ ■ ■ ■ ■ ■ ■ ■ ■ ■       ■ ■ ■ ■ ■ ■ ■ ■ ■ ■ ■ ■ ■ ■ ■ ■ ■ ■ ■ ■ ■ ■ ■ ■ ■               ■ ■ ■ ■ ■ ■ ■ ■ ■ ■ ■ ■ ■ ■ ■ ■ ■ ■ ■       ■ ■ ■ ■ ■ ■ ■ % 
77	%           ■ A ■       ■ A ■ A ■ A ■ A ■ A ■ A ■ A ■ A ■ A ■ A ■ A ■ A ■       ■ A ■ A ■ A ■ A ■ A ■ A ■ A ■ A ■ A ■ A ■ A ■ A ■               ■ A ■ A ■ A ■ A ■ A ■ A ■ A ■ A ■ A ■       ■ A ■       ■ % 
78	%           ■ ■ ■       ■ ■ ■ ■ ■ ■ ■ ■ ■ ■ ■ ■ ■ ■ ■ ■ ■ ■ ■ ■ ■ ■ ■ ■ ■       ■ ■ ■ ■ ■ ■ ■ ■ ■ ■ ■ ■ ■ ■ ■ ■ ■ ■ ■ ■ ■ ■ ■ ■ ■               ■ ■ ■ ■ ■ ■ ■ ■ ■ ■ ■ ■ ■ ■ ■ ■ ■ ■ ■       ■ ■ ■       ■ % 
79	%           ■ A ■       ■ A ■ A ■ A ■ A ■ A ■ A ■           ■ A ■ A ■ A ■       ■ A ■ A ■ A ■ A ■ A ■ A ■ A ■ A ■ A ■ A ■ A ■ A ■               ■ A ■ A ■ A ■ A ■ A ■ A ■ A ■ A ■ A ■       ■ A ■       ■ % 
80	%           ■ ■ ■       ■ ■ ■ ■ ■ ■ ■ ■ ■ ■ ■ ■ ■           ■ ■ ■ ■ ■ ■ ■ ■ ■ ■ ■ ■ ■ ■ ■ ■ ■ ■ ■ ■ ■ ■ ■ ■ ■ ■ ■ ■ ■ ■ ■ ■ ■ ■ ■               ■ ■ ■ ■ ■ ■ ■ ■ ■ ■ ■ ■ ■ ■ ■ ■ ■ ■ ■       ■ ■ ■       ■ % 
81	%           ■ A ■       ■ A ■ A ■ A ■ A ■ A ■ A ■           ■ A ■ A ■ A ■ A ■ A ■ A ■ A ■           ■ A ■ A ■ A ■ A ■ A ■ A ■ A ■               ■ A ■ A ■               ■ A ■ A ■ A ■       ■ A ■       ■ % 
82	%           ■ ■ ■       ■ ■ ■ ■ ■ ■ ■ ■ ■ ■ ■ ■ ■           ■ ■ ■ ■ ■ ■ ■ ■ ■ ■ ■ ■ ■ ■ ■           ■ ■ ■ ■ ■ ■ ■ ■ ■ ■ ■ ■ ■ ■ ■ ■ ■ ■ ■ ■ ■ ■ ■ ■ ■ ■ ■               ■ ■ ■ ■ ■ ■ ■ ■ ■ ■ ■ ■ ■       ■ % 
83	%           ■ A ■       ■ A ■ A ■       ■ A ■ A ■           ■ A ■ A ■ A ■ A ■ A ■ A ■ A ■           ■       ■ A ■               ■ A ■ A ■ A ■ A ■ A ■ A ■               ■ A ■ A ■ A ■ A ■ A ■ A ■       ■ % 
84	% ■ ■ ■ ■ ■ ■ ■ ■       ■ ■ ■ ■ ■       ■ ■ ■ ■ ■           ■ ■ ■ ■ ■ ■ ■ ■ ■ ■ ■ ■ ■ ■ ■ ■ ■ ■ ■ ■ ■       ■ ■ ■               ■ ■ ■ ■ ■ ■ ■ ■ ■ ■ ■ ■ ■               ■ ■ ■ ■ ■ ■ ■ ■ ■ ■ ■ ■ ■ ■ ■ ■ ■ % 
85	% A ■ A ■ A ■ A ■       ■ A ■ A ■       ■ A ■ A ■           ■ A ■ A ■ A ■ A ■ A ■                   ■       ■ A ■               ■                   ■ A ■               ■ A ■ A ■ A ■ A ■ A ■ A ■ A ■ A ■ % 
86	% ■ ■ ■ ■ ■ ■ ■ ■ ■ ■ ■ ■ ■ ■ ■ ■       ■ ■ ■ ■ ■           ■ ■ ■ ■ ■ ■ ■ ■ ■ ■ ■                   ■       ■ ■ ■               ■                   ■ ■ ■               ■ ■ ■ ■ ■ ■ ■ ■ ■ ■ ■ ■ ■ ■ ■ ■ ■ % 
87	% A ■ A ■ A ■ A ■ A ■ A ■ A ■ A ■       ■ A ■ A ■           ■ A ■ A ■ A ■ A ■ A ■                   ■       ■ A ■               ■                   ■ A ■               ■ A ■ A ■ A ■                   ■ % 
88	% ■ ■ ■ ■ ■ ■ ■ ■ ■ ■ ■ ■ ■ ■ ■ ■ ■ ■ ■ ■ ■ ■ ■ ■ ■ ■ ■ ■ ■ ■ ■ ■ ■ ■ ■ ■ ■ ■ ■ ■                   ■ ■ ■ ■ ■ ■ ■               ■                   ■ ■ ■ ■ ■ ■ ■ ■ ■ ■ ■ ■ ■ ■ ■ ■ ■                   ■ % 
89	%                   ■ A ■ A ■ A ■ A ■ A ■ A ■ A ■ A ■ A ■ A ■ A ■ A ■ A ■ A ■ A ■                   ■ A ■ A ■ A ■               ■                   ■ A ■ A ■ A ■ A ■ A ■ A ■ A ■ A ■                   ■ % 
90	%                   ■ ■ ■ ■ ■ ■ ■ ■ ■ ■ ■ ■ ■ ■ ■ ■ ■ ■ ■ ■ ■ ■ ■ ■ ■ ■ ■ ■ ■ ■ ■                   ■ ■ ■ ■ ■ ■ ■               ■ ■ ■ ■ ■ ■ ■ ■ ■ ■ ■ ■ ■ ■ ■ ■ ■ ■ ■ ■ ■ ■ ■ ■ ■ ■ ■ ■ ■ ■ ■ ■ ■ ■ ■ ■ ■ % 
91	%                   ■ A ■ A ■ A ■       ■ A ■ A ■ A ■ A ■ A ■ A ■ A ■ A ■ A ■ A ■                   ■           ■               ■ A ■ A ■ A ■ A ■ A ■ A ■ A ■ A ■ A ■ A ■ A ■ A ■ A ■ A ■ A ■ A ■ A ■ A ■ % 
92	%                   ■ ■ ■ ■ ■ ■ ■       ■ ■ ■ ■ ■ ■ ■ ■ ■ ■ ■ ■ ■ ■ ■ ■ ■ ■ ■ ■ ■ ■ ■ ■ ■ ■ ■ ■ ■ ■ ■           ■ ■ ■ ■ ■ ■ ■ ■ ■ ■ ■ ■ ■ ■ ■ ■ ■ ■ ■ ■ ■ ■ ■ ■ ■ ■ ■ ■ ■ ■ ■ ■ ■ ■ ■ ■ ■ ■ ■ ■ ■ ■ ■ ■ ■ % 
93	%                   ■           ■       ■ A ■ A ■ A ■ A ■ A ■ A ■                   ■ A ■ A ■ A ■ A ■           ■ A ■ A ■               ■ A ■ A ■ A ■ A ■ A ■ A ■ A ■           ■ A ■ A ■ A ■ A ■ A ■ A ■ % 
94	%                   ■           ■       ■ ■ ■ ■ ■ ■ ■ ■ ■ ■ ■ ■ ■                   ■ ■ ■ ■ ■ ■ ■ ■ ■           ■ ■ ■ ■ ■               ■ ■ ■ ■ ■ ■ ■ ■ ■ ■ ■ ■ ■ ■ ■           ■ ■ ■ ■ ■ ■ ■ ■ ■ ■ ■ ■ ■ % 
95	%                   ■           ■       ■ A ■ A ■ A ■ A ■ A ■ A ■                   ■ A ■ A ■ A ■ A ■           ■ A ■ A ■               ■ A ■ A ■ A ■ A ■ A ■ A ■ A ■           ■ A ■ A ■ A ■ A ■ A ■ A ■ % 
96	%                   ■           ■       ■ ■ ■ ■ ■ ■ ■ ■ ■ ■ ■ ■ ■                   ■ ■ ■ ■ ■ ■ ■ ■ ■ ■ ■ ■ ■ ■ ■ ■ ■ ■ ■               ■ ■ ■ ■ ■ ■ ■ ■ ■ ■ ■ ■ ■ ■ ■ ■ ■ ■ ■ ■ ■ ■ ■ ■ ■ ■ ■ ■ ■ ■ ■ ■ ■ % 
97	%                   ■           ■       ■ A ■ A ■ A ■ A ■ A ■ A ■                   ■ A ■ A ■ A ■ A ■ A ■ A ■ A ■ A ■ A ■               ■ A ■ A ■ A ■ A ■ A ■           ■ A ■ A ■ A ■ A ■ A ■ A ■ A ■ A ■ % 
98	% ■ ■ ■ ■ ■ ■ ■ ■ ■ ■ ■ ■ ■ ■ ■ ■ ■ ■ ■ ■ ■ ■ ■ ■ ■ ■ ■ ■ ■ ■ ■ ■ ■ ■ ■ ■ ■ ■ ■ ■ ■ ■ ■ ■ ■ ■ ■ ■ ■ ■ ■ ■ ■ ■ ■ ■ ■ ■ ■ ■ ■ ■ ■ ■ ■ ■ ■ ■ ■ ■ ■ ■ ■ ■ ■ ■ ■ ■           ■ ■ ■ ■ ■ ■ ■ ■ ■ ■ ■ ■ ■ ■ ■ ■ ■ % 
99	% A ■ A ■ A ■ A ■ A ■ A ■ A ■ A ■ A ■ A ■ A ■ A ■ A ■ A ■ A ■ A ■ A ■ A ■ A ■ A ■ A ■ A ■ A ■ A ■ A ■ A ■ A ■ A ■ A ■ A ■ A ■ A ■ A ■ A ■ A ■ A ■ A ■ A ■ A ■           ■ A ■ A ■ A ■ A ■ A ■ A ■ A ■ A ■ % 
100	% ■ ■ ■ ■ ■ ■ ■ ■ ■ ■ ■ ■ ■ ■ ■ ■ ■ ■ ■ ■ ■ ■ ■ ■ ■ ■ ■ ■ ■ ■ ■ ■ ■ ■ ■ ■ ■ ■ ■ ■ ■ ■ ■ ■ ■ ■ ■ ■ ■ ■ ■ ■ ■ ■ ■ ■ ■ ■ ■ ■ ■ ■ ■ ■ ■ ■ ■ ■ ■ ■ ■ ■ ■ ■ ■ ■ ■ ■ ■ ■ ■ ■ ■ ■ ■ ■ ■ ■ ■ ■ ■ ■ ■ ■ ■ ■ ■ ■ ■ ■ % 
101	% % % % % % % % % % % % % % % % % % % % % % % % % % % % % % % % % % % % % % % % % % % % % % % % % % % % % % % % % % % % % % % % % % % % % % % % % % % % % % % % % % % % % % % % % % % % % % % % % % % % % % 
2025-11-23 14:28:14,395 - create_map - INFO - [create_map.py:67] - 生成房间完毕

2025-11-23 14:28:14,396 - create_map - INFO - [create_map.py:76] - 生成了100个房间，总共10000个方格,覆盖了2926个方格，剩余7074个方格，房间覆盖率为0.2926
2025-11-23 14:28:14,643 - create_map - INFO - [create_map.py:85] - 道路
2025-11-23 14:28:14,644 - create_map - INFO - [create_map.py:88] - 0:{(23, 4), (27, 4), (5, 1), (19, 9), (9, 8), (2, 11), (26, 5), (7, 1), (18, 1), (27, 6), (5, 3), (9, 1), (19, 11), (9, 10), (11, 7), (13, 1), (24, 1), (13, 10), (15, 7), (26, 7), (7, 3), (22, 3), (3, 8), (17, 7), (9, 3), (11, 9), (15, 9), (21, 4), (27, 1), (3, 1), (3, 10), (17, 9), (9, 5), (1, 3), (25, 4), (16, 1), (1, 12), (15, 11), (18, 7), (20, 1), (22, 7), (3, 3), (17, 11), (9, 7), (1, 5), (13, 7), (6, 1), (18, 9), (3, 5), (5, 2), (9, 9), (10, 1), (1, 7), (13, 9), (7, 2), (18, 11), (12, 1), (23, 1), (3, 7), (14, 7), (9, 2), (25, 1), (13, 11), (11, 11), (20, 7), (21, 6), (23, 3), (3, 9), (27, 3), (1, 2), (25, 3), (1, 11), (23, 5), (4, 1), (3, 11), (14, 11), (27, 5), (8, 1), (19, 1), (19, 10), (2, 3), (25, 5), (1, 13), (21, 1), (12, 7), (3, 4), (23, 7), (4, 3), (27, 7), (10, 9), (1, 6), (9, 11), (2, 5), (11, 8), (25, 7), (15, 8), (22, 1), (21, 3), (17, 8), (9, 4), (11, 1), (2, 7), (15, 1), (15, 10), (21, 5), (23, 2), (12, 11), (27, 2), (17, 1), (19, 7), (1, 1), (9, 6), (25, 2), (16, 11), (21, 7)}

2025-11-23 14:28:14,644 - create_map - INFO - [create_map.py:88] - 1:{(1, 9)}

2025-11-23 14:28:14,644 - create_map - INFO - [create_map.py:88] - 2:{(7, 17), (13, 33), (1, 31), (2, 39), (5, 65), (1, 58), (2, 57), (5, 19), (3, 31), (9, 26), (5, 37), (4, 39), (1, 15), (10, 27), (1, 24), (8, 39), (7, 19), (1, 33), (13, 35), (1, 42), (11, 44), (2, 41), (7, 37), (5, 67), (20, 31), (6, 41), (5, 21), (9, 19), (3, 33), (9, 28), (3, 42), (5, 39), (1, 17), (19, 32), (10, 29), (1, 26), (7, 21), (1, 35), (11, 37), (13, 37), (16, 33), (9, 49), (1, 44), (5, 60), (3, 17), (2, 61), (3, 26), (3, 35), (14, 35), (7, 51), (6, 61), (4, 43), (1, 19), (19, 34), (1, 28), (2, 27), (4, 61), (1, 37), (9, 42), (11, 39), (5, 53), (9, 51), (3, 65), (2, 45), (8, 61), (3, 19), (7, 44), (3, 37), (14, 37), (4, 45), (1, 21), (11, 32), (2, 29), (8, 45), (5, 46), (1, 39), (9, 44), (11, 41), (5, 55), (5, 64), (3, 21), (5, 18), (12, 33), (3, 30), (1, 60), (1, 23), (9, 37), (11, 34), (5, 48), (8, 47), (2, 31), (9, 46), (11, 43), (5, 57), (3, 60), (5, 66), (7, 39), (6, 49), (7, 48), (1, 62), (1, 16), (17, 34), (19, 31), (1, 25), (11, 27), (5, 41), (10, 37), (9, 39), (11, 36), (2, 33), (5, 50), (9, 48), (11, 45), (5, 59), (15, 36), (21, 31), (3, 25), (7, 41), (6, 51), (2, 63), (1, 18), (17, 36), (19, 33), (11, 29), (5, 43), (9, 41), (11, 38), (5, 52), (6, 17), (9, 50), (3, 64), (5, 61), (4, 63), (16, 37), (4, 17), (7, 43), (1, 57), (2, 65), (7, 61), (1, 20), (3, 39), (9, 25), (19, 35), (2, 19), (11, 31), (5, 45), (9, 43), (11, 40), (5, 54), (3, 57), (7, 18), (13, 34), (5, 63), (9, 61), (1, 41), (6, 37), (7, 45), (1, 59), (5, 20), (8, 19), (3, 32), (17, 31), (9, 27), (3, 41), (11, 33), (5, 47), (9, 45), (11, 42), (5, 56), (3, 59), (6, 21), (1, 34), (15, 33), (1, 43), (7, 38), (4, 21), (7, 47), (1, 61), (17, 33), (9, 29), (3, 43), (5, 40), (9, 38), (11, 35), (5, 49), (9, 47), (1, 27), (5, 58), (3, 61), (1, 36), (15, 35), (18, 31), (1, 45), (7, 49), (1, 63), (3, 27), (3, 36), (17, 35), (3, 45), (9, 40), (5, 51), (1, 29), (3, 63), (1, 38), (15, 37), (18, 33), (7, 42), (3, 20), (5, 17), (1, 65), (3, 29), (17, 37), (4, 37), (11, 30), (1, 22)}

2025-11-23 14:28:14,644 - create_map - INFO - [create_map.py:88] - 3:{(3, 75), (1, 75), (2, 75)}

2025-11-23 14:28:14,644 - create_map - INFO - [create_map.py:88] - 4:{(67, 59), (26, 21), (59, 55), (89, 77), (47, 80), (63, 61), (21, 64), (73, 74), (33, 38), (39, 81), (74, 75), (35, 83), (55, 61), (1, 90), (59, 68), (77, 85), (69, 81), (73, 87), (20, 81), (12, 77), (13, 78), (24, 87), (36, 61), (9, 80), (27, 97), (33, 28), (19, 93), (54, 87), (23, 99), (43, 77), (35, 73), (88, 85), (17, 61), (77, 75), (61, 67), (39, 48), (30, 79), (73, 77), (39, 84), (23, 76), (99, 71), (50, 71), (61, 80), (19, 83), (11, 79), (35, 27), (95, 78), (53, 81), (23, 89), (35, 63), (88, 75), (57, 87), (29, 25), (61, 57), (91, 85), (19, 96), (20, 61), (23, 66), (87, 87), (34, 81), (99, 61), (57, 64), (76, 77), (15, 67), (79, 88), (61, 70), (27, 77), (11, 69), (83, 94), (41, 97), (25, 89), (53, 71), (45, 67), (22, 83), (14, 79), (26, 53), (37, 99), (49, 73), (15, 80), (18, 85), (71, 97), (91, 75), (60, 87), (53, 84), (3, 83), (89, 86), (27, 31), (90, 87), (63, 70), (29, 77), (19, 63), (39, 41), (75, 80), (33, 83), (53, 61), (25, 79), (85, 93), (14, 69), (59, 77), (15, 70), (71, 87), (30, 49), (91, 65), (63, 83), (21, 86), (40, 99), (60, 77), (52, 73), (44, 69), (74, 97), (34, 61), (89, 76), (55, 83), (47, 79), (27, 21), (70, 99), (63, 60), (21, 63), (23, 23), (21, 99), (41, 77), (33, 73), (25, 69), (37, 43), (22, 63), (59, 67), (89, 89), (29, 80), (60, 67), (73, 86), (66, 83), (13, 77), (97, 70), (43, 99), (47, 69), (59, 80), (70, 89), (17, 83), (9, 79), (29, 57), (33, 27), (25, 23), (73, 99), (33, 63), (93, 77), (25, 59), (37, 33), (23, 98), (35, 72), (26, 23), (59, 57), (24, 99), (89, 79), (17, 60), (36, 73), (63, 63), (73, 76), (33, 40), (39, 83), (31, 79), (74, 77), (85, 86), (35, 85), (55, 63), (1, 92), (77, 87), (9, 69), (69, 83), (61, 79), (73, 89), (12, 79), (23, 88), (35, 62), (36, 27), (24, 89), (16, 85), (28, 59), (29, 24), (58, 87), (42, 79), (27, 99), (19, 95), (39, 73), (23, 65), (35, 39), (54, 89), (43, 79), (35, 75), (1, 82), (88, 87), (77, 77), (61, 69), (27, 76), (30, 81), (83, 93), (39, 86), (23, 78), (99, 73), (46, 67), (37, 98), (76, 89), (68, 85), (28, 49), (15, 79), (38, 99), (69, 86), (61, 82), (19, 85), (11, 81), (35, 29), (95, 80), (53, 83), (45, 79), (61, 59), (18, 97), (19, 62), (39, 40), (91, 87), (75, 79), (53, 60), (23, 68), (34, 83), (99, 63), (45, 92), (37, 88), (76, 79), (15, 69), (71, 86), (94, 69), (11, 71), (31, 49), (95, 70), (41, 99), (25, 91), (53, 73), (45, 69), (14, 81), (49, 75), (26, 91), (71, 99), (30, 61), (91, 77), (41, 76), (52, 85), (25, 68), (44, 81), (64, 59), (24, 23), (56, 55), (34, 73), (45, 82), (78, 79), (3, 85), (89, 88), (79, 80), (82, 85), (42, 49), (29, 79), (33, 85), (53, 63), (25, 81), (85, 95), (97, 69), (67, 83), (59, 79), (28, 91), (48, 69), (71, 89), (63, 85), (91, 67), (29, 92), (21, 88), (34, 27), (52, 75), (37, 32), (34, 63), (55, 85), (47, 81), (27, 23), (90, 79), (63, 62), (82, 75), (21, 65), (33, 39), (33, 75), (25, 71), (85, 85), (37, 45), (2, 87), (22, 65), (55, 62), (59, 69), (36, 85), (28, 81), (47, 94), (51, 69), (74, 89), (13, 79), (35, 97), (47, 71), (17, 85), (9, 81), (29, 59), (33, 29), (25, 25), (93, 79), (25, 61), (20, 95), (85, 75), (37, 35), (24, 65), (1, 81), (26, 25), (59, 59), (16, 97), (17, 62), (77, 76), (47, 84), (54, 65), (73, 78), (33, 42), (39, 85), (31, 81), (23, 77), (84, 93), (13, 69), (35, 87), (55, 65), (92, 69), (77, 89), (9, 71), (69, 85), (29, 49), (61, 81), (93, 69), (12, 81), (72, 95), (43, 68), (36, 29), (46, 79), (68, 97), (28, 61), (29, 26), (40, 35), (69, 98), (42, 81), (54, 55), (19, 97), (25, 28), (39, 75), (23, 67), (35, 41), (99, 62), (45, 91), (77, 79), (61, 71), (27, 78), (30, 83), (83, 95), (95, 69), (12, 71), (32, 49), (23, 80), (99, 75), (68, 87), (15, 81), (71, 98), (50, 75), (27, 91), (19, 87), (11, 83), (31, 61), (35, 31), (53, 85), (45, 81), (65, 59), (57, 55), (3, 84), (22, 97), (61, 61), (18, 99), (19, 64), (39, 42), (83, 85), (75, 81), (33, 84), (53, 62), (34, 85), (99, 65), (57, 68), (98, 69), (15, 71), (91, 66), (29, 91), (11, 73), (33, 97), (53, 75), (45, 71), (22, 87), (14, 83), (27, 22), (30, 27), (61, 51), (91, 79), (23, 24), (83, 75), (41, 78), (33, 74), (25, 70), (64, 61), (37, 44), (56, 57), (34, 75), (86, 85), (57, 58), (3, 87), (15, 61), (47, 93), (79, 82), (82, 87), (29, 81), (33, 87), (25, 83), (53, 65), (97, 71), (14, 73), (67, 85), (59, 81), (17, 84), (36, 97), (29, 58), (48, 71), (63, 87), (29, 94), (21, 90), (33, 64), (93, 78), (25, 60), (44, 73), (38, 35), (55, 87), (47, 83), (27, 25), (17, 97), (21, 67), (33, 41), (25, 73), (85, 87), (32, 81), (37, 47), (1, 93), (59, 71), (77, 88), (9, 70), (28, 83), (47, 96), (39, 97), (51, 71), (43, 67), (66, 87), (13, 81), (97, 74), (35, 99), (47, 73), (92, 81), (9, 83), (69, 97), (29, 61), (41, 35), (33, 31), (25, 27), (20, 97), (93, 81), (43, 80), (16, 63), (36, 41), (1, 83), (59, 61), (46, 91), (28, 73), (62, 71), (39, 87), (31, 83), (23, 79), (84, 95), (13, 71), (99, 74), (35, 89), (55, 67), (92, 71), (69, 87), (29, 51), (61, 83), (19, 86), (95, 81), (12, 83), (72, 97), (51, 74), (43, 70), (35, 66), (36, 31), (28, 27), (58, 55), (28, 63), (61, 60), (81, 74), (19, 99), (31, 73), (23, 69), (35, 43), (99, 64), (45, 93), (37, 89), (57, 67), (49, 99), (77, 81), (61, 73), (27, 80), (95, 71), (12, 73), (72, 87), (23, 82), (64, 83), (56, 79), (34, 97), (99, 77), (46, 71), (49, 76), (68, 89), (15, 83), (31, 27), (50, 77), (91, 78), (42, 73), (19, 89), (11, 85), (31, 63), (23, 59), (84, 75), (35, 33), (53, 87), (45, 83), (65, 61), (57, 57), (3, 86), (22, 99), (79, 81), (61, 63), (19, 66), (83, 87), (75, 83), (33, 86), (44, 95), (56, 69), (34, 87), (15, 73), (91, 68), (29, 93), (21, 89), (94, 73), (11, 75), (75, 96), (33, 99), (53, 77), (45, 73), (67, 97), (26, 59), (27, 24), (30, 29), (60, 57), (23, 26), (75, 73), (34, 41), (52, 89), (37, 46), (78, 83), (38, 47), (3, 89), (15, 63), (47, 95), (79, 84), (82, 89), (29, 83), (21, 79), (25, 49), (10, 69), (33, 89), (25, 85), (97, 73), (35, 98), (14, 75), (67, 87), (26, 49), (59, 83), (28, 95), (48, 73), (21, 92), (34, 31), (25, 62), (44, 75), (37, 36), (78, 73), (89, 82), (17, 63), (55, 89), (47, 85), (27, 27), (17, 99), (63, 66), (29, 73), (73, 79), (33, 43), (85, 89), (13, 70), (37, 49), (32, 83), (35, 88), (55, 66), (59, 73), (36, 89), (29, 50), (62, 83), (54, 79), (25, 52), (39, 99), (23, 91), (51, 73), (43, 69), (35, 65), (13, 83), (55, 79), (29, 27), (47, 75), (9, 85), (69, 99), (29, 63), (21, 59), (81, 73), (33, 33), (25, 29), (32, 73), (51, 86), (24, 69), (43, 82), (55, 56), (1, 85), (59, 63), (46, 93), (38, 89), (61, 72), (80, 85), (40, 49), (27, 79), (50, 99), (42, 95), (81, 86), (73, 82), (39, 89), (23, 81), (13, 73), (99, 76), (65, 83), (57, 79), (69, 89), (61, 85), (27, 92), (19, 88), (11, 84), (31, 62), (12, 85), (53, 86), (4, 81), (72, 99), (32, 63), (24, 59), (35, 68), (36, 33), (28, 29), (46, 83), (29, 30), (80, 75), (19, 65), (39, 43), (62, 63), (31, 75), (23, 71), (84, 87), (43, 49), (35, 45), (99, 66), (45, 95), (57, 69), (61, 75), (75, 95), (95, 73), (12, 75), (72, 89), (45, 72), (64, 85), (56, 81), (34, 99), (65, 86), (57, 82), (68, 91), (15, 85), (7, 81), (27, 59), (31, 29), (91, 80), (23, 25), (42, 75), (41, 79), (31, 65), (23, 61), (35, 35), (53, 89), (45, 85), (37, 81), (65, 63), (57, 59), (3, 88), (49, 55), (79, 83), (83, 89), (75, 85), (25, 84), (53, 66), (34, 89), (70, 91), (98, 73), (49, 68), (15, 75), (27, 49), (71, 92), (91, 70), (29, 95), (21, 91), (33, 65), (25, 97), (53, 79), (45, 75), (89, 81), (22, 91), (67, 99), (27, 26), (79, 73), (30, 31), (17, 98), (63, 65), (60, 59), (52, 55), (23, 28), (75, 75), (41, 82), (34, 43), (53, 56), (85, 88), (64, 65), (59, 72), (38, 49), (47, 97), (71, 82), (21, 81), (25, 51), (10, 71), (25, 87), (37, 61), (97, 75), (47, 74), (67, 89), (59, 85), (9, 84), (33, 32), (37, 38), (51, 85), (43, 81), (55, 55), (29, 75), (81, 85), (41, 49), (73, 81), (33, 45), (39, 88), (85, 91), (55, 68), (28, 51), (59, 75), (62, 85), (93, 72), (31, 97), (51, 75), (43, 71), (35, 67), (13, 85), (59, 52), (29, 29), (47, 77), (21, 61), (81, 75), (33, 35), (25, 31), (32, 75), (24, 71), (36, 45), (1, 87), (46, 95), (58, 69), (77, 82), (61, 74), (27, 81), (42, 97), (73, 84), (23, 83), (96, 73), (13, 75), (65, 85), (57, 81), (49, 77), (15, 84), (92, 75), (69, 91), (61, 87), (8, 81), (19, 90), (25, 21), (30, 99), (31, 64), (32, 29), (23, 60), (35, 70), (36, 35), (46, 85), (58, 59), (50, 55), (15, 97), (61, 64), (19, 67), (62, 65), (75, 84), (31, 77), (23, 73), (51, 55), (84, 89), (35, 47), (99, 68), (45, 97), (49, 67), (15, 74), (71, 91), (91, 69), (61, 77), (60, 81), (11, 76), (75, 97), (95, 75), (34, 65), (53, 78), (45, 74), (64, 87), (67, 98), (57, 84), (90, 81), (61, 54), (27, 61), (39, 35), (31, 31), (23, 27), (41, 81), (53, 55), (23, 63), (35, 37), (22, 67), (37, 83), (65, 65), (57, 61), (14, 99), (15, 64), (26, 73), (79, 85), (71, 81), (52, 67), (83, 91), (75, 87), (25, 86), (53, 68), (72, 81), (59, 84), (15, 77), (27, 51), (71, 94), (29, 97), (21, 93), (25, 63), (37, 37), (25, 99), (45, 77), (37, 73), (89, 83), (26, 63), (18, 59), (79, 75), (63, 67), (29, 74), (40, 83), (60, 61), (23, 30), (75, 77), (34, 45), (53, 58), (25, 76), (85, 90), (78, 87), (70, 83), (47, 99), (21, 83), (93, 71), (25, 53), (37, 27), (59, 51), (32, 97), (97, 77), (55, 80), (47, 76), (67, 91), (59, 87), (28, 99), (40, 73), (60, 51), (33, 34), (25, 30), (34, 35), (51, 87), (43, 83), (55, 57), (1, 86), (13, 97), (59, 64), (81, 87), (73, 83), (33, 47), (24, 83), (28, 53), (17, 80), (29, 54), (27, 93), (62, 87), (73, 96), (93, 74), (31, 99), (37, 30), (51, 77), (43, 73), (35, 69), (59, 54), (29, 31), (73, 73), (33, 37), (20, 67), (35, 46), (99, 67), (24, 73), (55, 60), (1, 89), (46, 97), (50, 67), (80, 89), (27, 83), (19, 79), (42, 99), (51, 67), (23, 85), (96, 75), (65, 87), (57, 83), (49, 79), (61, 53), (92, 77), (91, 81), (27, 96), (19, 92), (24, 27), (35, 36), (37, 82), (65, 64), (58, 61), (77, 74), (15, 99), (61, 66), (27, 73), (39, 47), (83, 90), (54, 63), (53, 67), (23, 75), (35, 49), (22, 79), (99, 70), (45, 99), (49, 69), (18, 81), (71, 93), (91, 71), (19, 82), (60, 83), (75, 99), (95, 77), (25, 98), (53, 80), (56, 85), (46, 77), (79, 74), (90, 83), (61, 56), (27, 63), (19, 59), (91, 84), (23, 29), (41, 83), (53, 57), (25, 75), (2, 91), (37, 85), (65, 67), (57, 63), (15, 66), (79, 87), (71, 83), (48, 99), (60, 73), (75, 89), (41, 96), (53, 70), (97, 76), (67, 90), (27, 53), (91, 74), (29, 99), (94, 79), (21, 95), (41, 73), (25, 65), (37, 39), (10, 85), (2, 81), (26, 29), (37, 75), (89, 85), (26, 65), (79, 77), (63, 69), (29, 76), (60, 63), (74, 83), (34, 47), (25, 78), (85, 92), (51, 99), (43, 95), (55, 69), (59, 76), (70, 85), (17, 79), (29, 53), (21, 85), (73, 95), (93, 73), (37, 29), (59, 53), (32, 99), (89, 75), (55, 82), (28, 65), (47, 78), (5, 81), (63, 59), (48, 79), (40, 75), (60, 53), (74, 73), (34, 37), (37, 42), (51, 89), (35, 81), (55, 59), (1, 88), (13, 99), (77, 83), (47, 91), (81, 89), (73, 85), (33, 49), (20, 79), (23, 84), (43, 98), (16, 81), (47, 68), (9, 78), (50, 79), (29, 56), (27, 95), (19, 91), (54, 85), (66, 59), (23, 97), (51, 79), (43, 75), (35, 71), (17, 59), (77, 73), (15, 98), (61, 65), (73, 75), (39, 82), (31, 78), (23, 74), (99, 69), (45, 98), (76, 85), (36, 49), (1, 91), (46, 99), (77, 86), (50, 69), (69, 82), (19, 81), (11, 77), (75, 98), (95, 76), (23, 87), (35, 61), (57, 85), (29, 23), (61, 55), (26, 97), (27, 62), (91, 83), (27, 98), (19, 94), (20, 59), (87, 85), (37, 84), (65, 66), (16, 61), (57, 62), (36, 39), (3, 91), (15, 65), (58, 63), (61, 68), (27, 75), (39, 49), (75, 88), (41, 95), (53, 69), (99, 72), (37, 97), (49, 71), (15, 78), (27, 52), (18, 83), (71, 95), (91, 73), (29, 98), (60, 85), (44, 77), (35, 28), (95, 79), (87, 75), (37, 74), (38, 39), (56, 87), (3, 81), (27, 29), (38, 75), (79, 76), (27, 65), (19, 61), (39, 39), (91, 86), (23, 31), (75, 78), (33, 81), (53, 59), (25, 77), (37, 87), (57, 65), (15, 68), (26, 77), (79, 89), (71, 85), (40, 97), (60, 75), (52, 71), (44, 67), (25, 90), (53, 72), (55, 81), (90, 75), (29, 65), (6, 81), (21, 97), (41, 75), (25, 67), (37, 41), (51, 88), (2, 83), (22, 61), (26, 31), (13, 98), (59, 65), (89, 87), (36, 81), (18, 63), (79, 79), (63, 71), (29, 78), (33, 48), (25, 80), (43, 97), (47, 67), (59, 78), (17, 81), (9, 77), (29, 55), (21, 87), (73, 97), (33, 61), (93, 75), (37, 31), (10, 77), (51, 78)}

2025-11-23 14:28:14,644 - create_map - INFO - [create_map.py:88] - 5:{(11, 97), (2, 97), (1, 95), (1, 98), (7, 93), (7, 99), (6, 97), (4, 97), (3, 95), (5, 95), (9, 99), (8, 97), (11, 99), (10, 97), (2, 99), (1, 97), (7, 95), (6, 93), (6, 99), (3, 94), (4, 93), (3, 97), (5, 97), (8, 99), (9, 98), (10, 99), (2, 95), (1, 99), (7, 94), (7, 97), (6, 95), (3, 93), (3, 99), (5, 96), (5, 93), (5, 99), (9, 97)}

2025-11-23 14:28:14,644 - create_map - INFO - [create_map.py:88] - 6:{(3, 23)}

2025-11-23 14:28:14,644 - create_map - INFO - [create_map.py:88] - 7:{(5, 69), (6, 69), (5, 71), (5, 70), (7, 69)}

2025-11-23 14:28:14,644 - create_map - INFO - [create_map.py:88] - 8:{(7, 71)}

2025-11-23 14:28:14,644 - create_map - INFO - [create_map.py:88] - 9:{(15, 21), (15, 24), (17, 21), (11, 19), (15, 23), (12, 19), (15, 20), (13, 19), (14, 19), (14, 25), (11, 25), (15, 19), (15, 25), (12, 25), (13, 25), (15, 22), (16, 21)}

2025-11-23 14:28:14,644 - create_map - INFO - [create_map.py:88] - 10:{(15, 59)}

2025-11-23 14:28:14,645 - create_map - INFO - [create_map.py:88] - 11:{(27, 47), (30, 43), (19, 49), (25, 41), (25, 47), (24, 45), (25, 44), (18, 47), (29, 41), (31, 41), (20, 47), (23, 43), (22, 47), (23, 46), (27, 46), (27, 43), (17, 48), (19, 51), (19, 48), (25, 43), (24, 41), (26, 41), (26, 47), (29, 43), (31, 43), (23, 42), (23, 45), (28, 41), (17, 47), (27, 45), (19, 47), (25, 42), (19, 50), (25, 45), (26, 43), (29, 42), (17, 49), (31, 42), (21, 47), (23, 41), (23, 47), (27, 44), (27, 41)}

2025-11-23 14:28:14,645 - create_map - INFO - [create_map.py:88] - 12:{(17, 67), (17, 65), (17, 66)}

2025-11-23 14:28:14,645 - create_map - INFO - [create_map.py:88] - 13:{(19, 21)}

2025-11-23 14:28:14,645 - create_map - INFO - [create_map.py:88] - 14:{(19, 53)}

2025-11-23 14:28:14,645 - create_map - INFO - [create_map.py:88] - 15:{(21, 21)}

2025-11-23 14:28:14,645 - create_map - INFO - [create_map.py:88] - 16:{(21, 33)}

2025-11-23 14:28:14,645 - create_map - INFO - [create_map.py:88] - 17:{(21, 35)}

2025-11-23 14:28:14,645 - create_map - INFO - [create_map.py:88] - 18:{(23, 21)}

2025-11-23 14:28:14,645 - create_map - INFO - [create_map.py:88] - 19:{(23, 38), (23, 39), (23, 37)}

2025-11-23 14:28:14,645 - create_map - INFO - [create_map.py:88] - 20:{(29, 14), (31, 11), (27, 15), (28, 13), (31, 13), (29, 13), (31, 10), (27, 13), (29, 9), (30, 9), (29, 12), (31, 9), (28, 15), (29, 15), (31, 12), (29, 11), (30, 11)}

2025-11-23 14:28:14,645 - create_map - INFO - [create_map.py:88] - 21:{(49, 23), (67, 4), (58, 1), (34, 1), (56, 1), (53, 14), (55, 11), (69, 1), (59, 9), (37, 6), (45, 19), (47, 16), (37, 15), (75, 8), (51, 16), (52, 15), (46, 11), (57, 11), (49, 16), (40, 13), (55, 4), (59, 2), (55, 13), (54, 15), (59, 11), (37, 8), (45, 21), (47, 18), (65, 8), (41, 8), (43, 5), (35, 1), (57, 13), (44, 13), (38, 9), (62, 3), (73, 3), (39, 10), (64, 9), (34, 5), (56, 5), (59, 4), (55, 15), (31, 15), (45, 14), (47, 11), (37, 1), (65, 1), (51, 11), (50, 13), (32, 7), (43, 7), (57, 6), (35, 3), (66, 9), (33, 15), (38, 11), (49, 11), (73, 5), (53, 2), (67, 1), (54, 1), (53, 11), (55, 8), (63, 13), (34, 7), (56, 7), (64, 11), (37, 3), (47, 13), (37, 12), (52, 3), (51, 13), (50, 15), (41, 12), (35, 5), (71, 1), (73, 7), (55, 1), (54, 3), (48, 17), (39, 14), (53, 13), (56, 9), (77, 7), (37, 5), (58, 3), (69, 3), (37, 14), (75, 7), (57, 1), (33, 1), (51, 15), (68, 1), (43, 11), (42, 13), (35, 7), (79, 7), (72, 1), (71, 3), (39, 7), (55, 3), (48, 19), (45, 11), (37, 7), (67, 8), (69, 5), (50, 1), (61, 1), (60, 11), (59, 13), (61, 10), (41, 7), (75, 9), (33, 3), (50, 19), (43, 13), (65, 10), (71, 5), (73, 2), (63, 1), (46, 15), (39, 9), (62, 11), (48, 21), (49, 20), (45, 13), (56, 13), (37, 9), (67, 10), (58, 7), (69, 7), (51, 1), (61, 3), (41, 9), (43, 6), (33, 5), (35, 2), (47, 22), (71, 7), (53, 1), (63, 3), (64, 1), (46, 17), (39, 11), (38, 13), (49, 13), (31, 7), (63, 12), (62, 13), (48, 23), (37, 2), (67, 3), (37, 11), (55, 10), (51, 3), (59, 8), (47, 15), (36, 15), (41, 11), (33, 7), (57, 10), (73, 6), (46, 19), (39, 13), (49, 15), (37, 4), (67, 5), (59, 1), (53, 15), (70, 1), (58, 11), (45, 20), (47, 17), (41, 13), (52, 13), (35, 6), (76, 7), (65, 7), (57, 3), (71, 2), (68, 3), (51, 17), (39, 15), (49, 17), (55, 5), (67, 7), (78, 7), (59, 3), (70, 3), (55, 14), (58, 13), (59, 12), (61, 9), (33, 2), (47, 19), (44, 11), (65, 9), (57, 5), (71, 4), (62, 1), (49, 1), (73, 1), (51, 19), (48, 11), (32, 15), (29, 7), (40, 7), (63, 9), (72, 5), (49, 19), (55, 7), (67, 9), (60, 3), (36, 3), (59, 5), (70, 5), (45, 15), (47, 12), (61, 11), (34, 15), (42, 7), (33, 4), (47, 21), (51, 12), (65, 11), (57, 7), (68, 7), (71, 6), (63, 2), (49, 12), (40, 9), (63, 11), (49, 21), (53, 3), (53, 12), (55, 9), (67, 11), (59, 7), (70, 7), (52, 1), (45, 17), (61, 13), (37, 13), (30, 7), (47, 23), (74, 7), (57, 9), (35, 15)}

2025-11-23 14:28:14,645 - create_map - INFO - [create_map.py:88] - 22:{(29, 21)}

2025-11-23 14:28:14,645 - create_map - INFO - [create_map.py:88] - 23:{(39, 17)}

2025-11-23 14:28:14,645 - create_map - INFO - [create_map.py:88] - 24:{(39, 21), (39, 20), (39, 23), (39, 22), (39, 19)}

2025-11-23 14:28:14,645 - create_map - INFO - [create_map.py:88] - 25:{(39, 37)}

2025-11-23 14:28:14,645 - create_map - INFO - [create_map.py:88] - 26:{(39, 45)}

2025-11-23 14:28:14,645 - create_map - INFO - [create_map.py:88] - 27:{(40, 61), (41, 61), (39, 61)}

2025-11-23 14:28:14,645 - create_map - INFO - [create_map.py:88] - 28:{(42, 41), (44, 41), (45, 41), (41, 41), (43, 41)}

2025-11-23 14:28:14,645 - create_map - INFO - [create_map.py:88] - 29:{(47, 53), (41, 52), (44, 51), (41, 55), (43, 55), (49, 53), (45, 52), (45, 55), (47, 52), (47, 55), (41, 51), (41, 54), (43, 51), (42, 53), (44, 53), (48, 53), (46, 53), (45, 51), (47, 51), (47, 54), (43, 53), (42, 55), (41, 53), (46, 55), (45, 53)}

2025-11-23 14:28:14,645 - create_map - INFO - [create_map.py:88] - 30:{(41, 57), (41, 58), (41, 59)}

2025-11-23 14:28:14,645 - create_map - INFO - [create_map.py:88] - 31:{(43, 9)}

2025-11-23 14:28:14,645 - create_map - INFO - [create_map.py:88] - 32:{(43, 31), (46, 33), (45, 25), (45, 28), (45, 31), (45, 34), (47, 31), (43, 27), (44, 29), (44, 35), (43, 33), (45, 24), (45, 30), (45, 27), (45, 33), (47, 33), (43, 26), (43, 32), (43, 29), (43, 35), (46, 31), (45, 23), (45, 26), (45, 32), (45, 29), (45, 35), (43, 25), (43, 28), (43, 34)}

2025-11-23 14:28:14,645 - create_map - INFO - [create_map.py:88] - 33:{(45, 43), (45, 44), (45, 45)}

2025-11-23 14:28:14,646 - create_map - INFO - [create_map.py:88] - 34:{(47, 1), (49, 3), (47, 3), (48, 3), (47, 2)}

2025-11-23 14:28:14,646 - create_map - INFO - [create_map.py:88] - 35:{(78, 59), (70, 55), (79, 33), (71, 29), (63, 25), (71, 38), (79, 51), (63, 34), (79, 60), (91, 25), (94, 21), (83, 21), (91, 34), (75, 17), (60, 37), (83, 39), (75, 35), (84, 13), (53, 25), (74, 57), (97, 31), (67, 27), (56, 39), (67, 36), (67, 45), (59, 41), (98, 23), (79, 19), (82, 15), (70, 59), (71, 24), (90, 37), (71, 33), (79, 46), (63, 29), (91, 11), (71, 51), (91, 29), (75, 12), (60, 23), (94, 25), (75, 30), (52, 37), (87, 13), (67, 31), (55, 29), (89, 31), (59, 27), (55, 38), (59, 36), (78, 49), (67, 49), (98, 27), (79, 23), (71, 28), (63, 24), (48, 35), (71, 37), (63, 33), (91, 15), (60, 27), (52, 23), (81, 59), (73, 55), (74, 29), (85, 38), (66, 43), (97, 21), (86, 21), (78, 17), (89, 17), (97, 30), (78, 35), (55, 33), (67, 35), (59, 31), (89, 35), (59, 40), (90, 27), (77, 57), (82, 23), (71, 23), (71, 32), (63, 37), (81, 36), (75, 11), (62, 41), (73, 50), (81, 63), (73, 59), (51, 31), (85, 33), (66, 29), (97, 25), (89, 21), (67, 30), (59, 26), (67, 39), (55, 37), (89, 39), (59, 35), (70, 35), (90, 13), (79, 13), (77, 43), (77, 52), (77, 61), (63, 23), (69, 57), (80, 57), (81, 31), (62, 27), (81, 40), (54, 41), (74, 19), (51, 26), (85, 37), (89, 16), (97, 29), (55, 23), (89, 25), (67, 25), (55, 32), (89, 34), (59, 30), (55, 41), (92, 27), (77, 47), (82, 13), (77, 56), (80, 61), (81, 35), (73, 31), (62, 31), (81, 53), (73, 49), (85, 14), (93, 27), (85, 23), (51, 30), (51, 39), (66, 37), (89, 11), (89, 20), (59, 25), (70, 25), (77, 33), (69, 29), (92, 31), (77, 42), (77, 51), (61, 34), (77, 60), (69, 56), (81, 21), (73, 17), (81, 39), (73, 35), (73, 53), (51, 25), (99, 29), (89, 15), (65, 45), (57, 41), (77, 19), (76, 63), (77, 28), (69, 24), (80, 33), (69, 33), (77, 46), (58, 33), (61, 29), (77, 55), (69, 51), (62, 39), (75, 58), (74, 13), (85, 13), (85, 22), (51, 29), (88, 15), (99, 24), (65, 31), (99, 33), (57, 36), (65, 49), (49, 32), (77, 14), (77, 23), (92, 21), (69, 28), (77, 41), (61, 24), (69, 37), (61, 33), (73, 16), (62, 25), (75, 53), (84, 31), (95, 31), (87, 36), (53, 43), (76, 17), (99, 28), (76, 35), (65, 35), (99, 37), (68, 31), (57, 31), (65, 44), (57, 40), (76, 53), (77, 18), (68, 49), (77, 27), (58, 23), (80, 23), (69, 23), (79, 55), (80, 41), (61, 37), (91, 38), (81, 15), (83, 34), (83, 43), (95, 26), (75, 57), (87, 22), (72, 33), (84, 35), (87, 31), (53, 29), (53, 38), (96, 27), (99, 23), (88, 23), (99, 32), (65, 39), (57, 35), (65, 48), (49, 31), (77, 13), (79, 41), (68, 53), (79, 50), (69, 27), (61, 23), (79, 59), (91, 24), (71, 55), (82, 55), (61, 32), (91, 33), (94, 29), (95, 21), (75, 52), (95, 30), (75, 61), (53, 24), (64, 33), (87, 35), (56, 29), (53, 42), (99, 27), (65, 25), (65, 34), (67, 53), (57, 30), (98, 31), (68, 39), (57, 39), (49, 35), (77, 17), (80, 13), (79, 45), (82, 41), (79, 54), (71, 50), (83, 15), (79, 63), (91, 28), (71, 59), (91, 37), (83, 33), (75, 29), (83, 42), (95, 25), (87, 21), (53, 28), (53, 37), (64, 37), (87, 39), (88, 13), (76, 29), (67, 48), (68, 25), (79, 22), (79, 31), (71, 27), (79, 49), (91, 14), (79, 58), (63, 41), (91, 23), (71, 54), (91, 32), (75, 15), (75, 33), (52, 31), (75, 51), (53, 23), (74, 55), (64, 41), (56, 37), (76, 15), (67, 43), (70, 39), (59, 39), (67, 52), (79, 17), (70, 57), (79, 35), (71, 31), (82, 31), (79, 44), (63, 27), (79, 53), (71, 49), (83, 14), (91, 27), (71, 58), (83, 23), (75, 19), (83, 32), (87, 11), (64, 27), (53, 27), (56, 23), (74, 59), (97, 24), (86, 33), (67, 29), (89, 29), (55, 36), (59, 34), (67, 47), (79, 21), (90, 39), (82, 35), (71, 35), (63, 31), (91, 13), (91, 22), (75, 14), (60, 25), (81, 57), (75, 32), (93, 31), (52, 39), (66, 41), (89, 24), (67, 24), (86, 37), (78, 33), (67, 33), (55, 31), (70, 29), (59, 29), (67, 42), (89, 33), (78, 51), (67, 51), (79, 16), (98, 29), (90, 25), (82, 21), (71, 30), (71, 39), (82, 39), (63, 35), (83, 13), (81, 43), (81, 52), (75, 18), (81, 61), (93, 26), (73, 57), (74, 31), (85, 31), (66, 27), (74, 49), (66, 45), (97, 23), (78, 19), (89, 19), (89, 28), (55, 35), (67, 37), (89, 37), (59, 33), (67, 46), (90, 11), (79, 20), (77, 59), (71, 25), (69, 55), (63, 30), (81, 38), (81, 56), (93, 21), (73, 52), (51, 24), (85, 35), (66, 31), (74, 53), (97, 27), (89, 23), (78, 23), (67, 23), (67, 32), (89, 32), (55, 39), (47, 35), (70, 37), (59, 37), (79, 15), (90, 15), (77, 45), (58, 41), (69, 50), (77, 63), (69, 59), (80, 59), (81, 33), (73, 29), (81, 51), (93, 25), (85, 21), (51, 28), (51, 37), (85, 39), (66, 35), (86, 13), (97, 22), (89, 18), (89, 27), (59, 23), (76, 57), (55, 34), (77, 31), (92, 29), (69, 36), (77, 49), (61, 41), (69, 54), (73, 15), (80, 63), (81, 37), (73, 33), (81, 55), (73, 51), (93, 29), (51, 23), (85, 34), (66, 39), (99, 36), (89, 13), (65, 43), (76, 61), (77, 26), (77, 35), (69, 31), (58, 31), (77, 44), (61, 27), (80, 31), (77, 53), (61, 36), (69, 49), (77, 62), (81, 23), (73, 19), (81, 32), (81, 41), (62, 37), (51, 27), (72, 59), (66, 25), (99, 22), (65, 29), (88, 31), (99, 31), (57, 34), (65, 47), (77, 21), (77, 30), (69, 26), (80, 35), (69, 35), (77, 48), (50, 31), (61, 31), (61, 40), (80, 53), (69, 53), (73, 14), (83, 55), (73, 32), (95, 29), (85, 15), (53, 41), (96, 21), (99, 26), (65, 24), (76, 33), (65, 33), (88, 35), (57, 29), (99, 35), (49, 34), (77, 25), (80, 21), (79, 62), (69, 39), (61, 35), (91, 36), (81, 13), (83, 41), (73, 18), (54, 23), (75, 55), (87, 38), (72, 49), (53, 45), (56, 41), (99, 21), (65, 37), (88, 39), (68, 33), (57, 33), (65, 46), (76, 55), (77, 20), (77, 29), (79, 48), (69, 25), (79, 57), (69, 34), (71, 53), (61, 30), (91, 31), (61, 39), (73, 13), (87, 15), (75, 59), (72, 35), (64, 31), (87, 33), (53, 31), (53, 40), (99, 25), (65, 23), (99, 34), (65, 41), (57, 37), (49, 33), (77, 15), (79, 43), (61, 25), (79, 61), (71, 57), (91, 35), (83, 31), (84, 23), (75, 63), (53, 26), (87, 37), (56, 31), (53, 44), (88, 11), (65, 27), (57, 23), (78, 55), (80, 15), (79, 47), (91, 12), (82, 43), (79, 56), (63, 39), (91, 21), (71, 52), (91, 30), (75, 13), (91, 39), (83, 35), (75, 31), (75, 49), (95, 27), (87, 23), (87, 32), (64, 39), (53, 39), (78, 41), (67, 41), (67, 50), (68, 27)}

2025-11-23 14:28:14,646 - create_map - INFO - [create_map.py:88] - 36:{(52, 49), (51, 47), (53, 49), (49, 49), (49, 48), (49, 51), (51, 49), (49, 47), (50, 47), (53, 48), (49, 50), (52, 47), (53, 47)}

2025-11-23 14:28:14,646 - create_map - INFO - [create_map.py:88] - 37:{(49, 85)}

2025-11-23 14:28:14,646 - create_map - INFO - [create_map.py:88] - 38:{(51, 21)}

2025-11-23 14:28:14,646 - create_map - INFO - [create_map.py:88] - 39:{(53, 99)}

2025-11-23 14:28:14,646 - create_map - INFO - [create_map.py:88] - 40:{(55, 91)}

2025-11-23 14:28:14,646 - create_map - INFO - [create_map.py:88] - 41:{(57, 98), (55, 98), (55, 95), (57, 97), (55, 94), (57, 96), (56, 99), (55, 97), (57, 99), (55, 93), (55, 96), (55, 99), (57, 95)}

2025-11-23 14:28:14,646 - create_map - INFO - [create_map.py:88] - 42:{(61, 95), (59, 95), (60, 95)}

2025-11-23 14:28:14,646 - create_map - INFO - [create_map.py:88] - 43:{(63, 95)}

2025-11-23 14:28:14,646 - create_map - INFO - [create_map.py:88] - 44:{(65, 3), (65, 4), (65, 5)}

2025-11-23 14:28:14,646 - create_map - INFO - [create_map.py:88] - 45:{(65, 95)}

2025-11-23 14:28:14,646 - create_map - INFO - [create_map.py:88] - 46:{(69, 75), (71, 74), (71, 73), (69, 74), (70, 75), (69, 73), (71, 75)}

2025-11-23 14:28:14,646 - create_map - INFO - [create_map.py:88] - 47:{(77, 95)}

2025-11-23 14:28:14,646 - create_map - INFO - [create_map.py:88] - 48:{(80, 95), (81, 95), (79, 95)}

2025-11-23 14:28:14,646 - create_map - INFO - [create_map.py:88] - 49:{(87, 7), (86, 5), (85, 6), (85, 3), (82, 7), (86, 1), (84, 7), (87, 6), (87, 3), (87, 9), (85, 2), (85, 5), (81, 7), (86, 3), (87, 5), (87, 8), (85, 1), (83, 7), (85, 7), (87, 1), (87, 4)}

2025-11-23 14:28:14,646 - create_map - INFO - [create_map.py:88] - 50:{(81, 17)}

2025-11-23 14:28:14,646 - create_map - INFO - [create_map.py:88] - 51:{(81, 19)}

2025-11-23 14:28:14,646 - create_map - INFO - [create_map.py:88] - 52:{(83, 37)}

2025-11-23 14:28:14,646 - create_map - INFO - [create_map.py:88] - 53:{(83, 65), (83, 68), (83, 67), (83, 66), (83, 69)}

2025-11-23 14:28:14,647 - create_map - INFO - [create_map.py:88] - 54:{(83, 71), (83, 72), (83, 73)}

2025-11-23 14:28:14,647 - create_map - INFO - [create_map.py:88] - 55:{(85, 55)}

2025-11-23 14:28:14,647 - create_map - INFO - [create_map.py:88] - 56:{(85, 97)}

2025-11-23 14:28:14,647 - create_map - INFO - [create_map.py:88] - 57:{(85, 99)}

2025-11-23 14:28:14,647 - create_map - INFO - [create_map.py:88] - 58:{(87, 55), (89, 52), (88, 55), (89, 55), (89, 51), (89, 54), (89, 53)}

2025-11-23 14:28:14,647 - create_map - INFO - [create_map.py:88] - 59:{(87, 89)}

2025-11-23 14:28:14,647 - create_map - INFO - [create_map.py:88] - 60:{(99, 94), (96, 95), (99, 97), (98, 95), (97, 87), (97, 93), (95, 96), (95, 93), (95, 99), (97, 99), (91, 89), (91, 92), (93, 89), (92, 91), (91, 95), (96, 91), (93, 99), (93, 98), (99, 87), (93, 95), (98, 91), (99, 90), (99, 93), (99, 99), (98, 97), (93, 96), (95, 89), (97, 86), (95, 92), (97, 89), (95, 98), (95, 95), (97, 98), (97, 95), (91, 91), (91, 94), (93, 91), (92, 93), (92, 99), (91, 97), (93, 94), (96, 93), (94, 99), (99, 89), (98, 87), (98, 93), (93, 97), (96, 99), (99, 95), (98, 99), (95, 91), (97, 85), (97, 91), (97, 88), (95, 97), (92, 89), (97, 97), (91, 93), (94, 89), (91, 96), (93, 93), (91, 99), (96, 89), (99, 91), (99, 88)}

2025-11-23 14:28:14,647 - create_map - INFO - [create_map.py:88] - 61:{(93, 23), (94, 23), (95, 23)}

2025-11-23 14:28:14,647 - create_map - INFO - [create_map.py:88] - 62:{(94, 43), (95, 43), (93, 43)}

2025-11-23 14:28:14,647 - create_map - INFO - [create_map.py:88] - 63:{(94, 49), (93, 47), (99, 39), (98, 43), (99, 42), (96, 49), (99, 45), (99, 48), (95, 47), (97, 47), (93, 46), (93, 49), (99, 44), (96, 45), (99, 41), (99, 47), (98, 45), (95, 46), (95, 49), (97, 46), (97, 43), (97, 49), (93, 48), (93, 45), (99, 40), (99, 46), (99, 43), (99, 49), (95, 45), (97, 48), (97, 45)}

2025-11-23 14:28:14,647 - create_map - INFO - [create_map.py:88] - 64:{(99, 51), (93, 59), (98, 55), (99, 54), (99, 57), (97, 53), (95, 59), (97, 59), (94, 57), (99, 53), (98, 51), (99, 56), (96, 57), (99, 59), (98, 57), (97, 55), (94, 59), (93, 57), (98, 53), (99, 52), (99, 58), (96, 59), (99, 55), (98, 59), (97, 51), (95, 57), (97, 57)}

2025-11-23 14:28:14,647 - create_map - INFO - [create_map.py:88] - 65:{(99, 1), (99, 2), (99, 3)}

2025-11-23 14:28:14,647 - create_map - INFO - [create_map.py:88] - 66:{(99, 5), (99, 6), (99, 7)}

2025-11-23 14:28:14,647 - create_map - INFO - [create_map.py:88] - 67:{(99, 17), (99, 13), (99, 10), (99, 16), (99, 19), (99, 9), (99, 15), (99, 12), (99, 18), (99, 11), (99, 14)}

2025-11-23 14:28:14,647 - create_map - INFO - [create_map.py:88] - 68:{(99, 85)}

2025-11-23 14:28:14,656 - create_map - INFO - [create_map.py:98] - 生成道路，总共69条路，总共10000个方格,覆盖了2877个方格，剩余4197个方格，路径覆盖率为0.2877,总覆盖率0.5803


