2025-11-23 14:28:14,345 - create_room - INFO - [create_room.py:136] - 正在生成房间

2025-11-23 14:28:14,346 - create_room - INFO - [create_room.py:160] - 生成参数为tryLimit=1000	roomLimit=100	roomAtLimit=1

2025-11-23 14:28:14,346 - create_room - INFO - [create_room.py:161] - roomMaxHeight=10	roomMaxWidth=10	roomMinHeight=2,roomMinWidth=2

2025-11-23 14:28:14,346 - create_room - INFO - [create_room.py:166] - 第1次尝试生成房间

2025-11-23 14:28:14,346 - create_room - INFO - [create_room.py:187] - 房间的参数为:上左顶点(77, 9)，高度9，宽度3

2025-11-23 14:28:14,346 - create_room - INFO - [create_room.py:166] - 第2次尝试生成房间

2025-11-23 14:28:14,346 - create_room - INFO - [create_room.py:187] - 房间的参数为:上左顶点(17, 23)，高度5，宽度7

2025-11-23 14:28:14,346 - create_room - INFO - [create_room.py:166] - 第3次尝试生成房间

2025-11-23 14:28:14,346 - create_room - INFO - [create_room.py:187] - 房间的参数为:上左顶点(69, 99)，高度9，宽度5

2025-11-23 14:28:14,346 - create_room - WARNING - [create_room.py:191] - 尝试生成失败，因为边缘越界

2025-11-23 14:28:14,346 - create_room - INFO - [create_room.py:166] - 第4次尝试生成房间

2025-11-23 14:28:14,346 - create_room - INFO - [create_room.py:187] - 房间的参数为:上左顶点(63, 51)，高度3，宽度3

2025-11-23 14:28:14,346 - create_room - INFO - [create_room.py:166] - 第5次尝试生成房间

2025-11-23 14:28:14,346 - create_room - INFO - [create_room.py:187] - 房间的参数为:上左顶点(1, 47)，高度3，宽度9

2025-11-23 14:28:14,346 - create_room - INFO - [create_room.py:166] - 第6次尝试生成房间

2025-11-23 14:28:14,346 - create_room - INFO - [create_room.py:187] - 房间的参数为:上左顶点(45, 47)，高度3，宽度3

2025-11-23 14:28:14,347 - create_room - INFO - [create_room.py:166] - 第7次尝试生成房间

2025-11-23 14:28:14,347 - create_room - INFO - [create_room.py:187] - 房间的参数为:上左顶点(11, 47)，高度5，宽度3

2025-11-23 14:28:14,347 - create_room - INFO - [create_room.py:166] - 第8次尝试生成房间

2025-11-23 14:28:14,347 - create_room - INFO - [create_room.py:187] - 房间的参数为:上左顶点(49, 91)，高度5，宽度7

2025-11-23 14:28:14,347 - create_room - INFO - [create_room.py:166] - 第9次尝试生成房间

2025-11-23 14:28:14,347 - create_room - INFO - [create_room.py:187] - 房间的参数为:上左顶点(85, 41)，高度7，宽度9

2025-11-23 14:28:14,347 - create_room - INFO - [create_room.py:166] - 第10次尝试生成房间

2025-11-23 14:28:14,347 - create_room - INFO - [create_room.py:187] - 房间的参数为:上左顶点(21, 9)，高度7，宽度3

2025-11-23 14:28:14,347 - create_room - INFO - [create_room.py:166] - 第11次尝试生成房间

2025-11-23 14:28:14,347 - create_room - INFO - [create_room.py:187] - 房间的参数为:上左顶点(17, 69)，高度5，宽度9

2025-11-23 14:28:14,347 - create_room - INFO - [create_room.py:166] - 第12次尝试生成房间

2025-11-23 14:28:14,347 - create_room - INFO - [create_room.py:187] - 房间的参数为:上左顶点(93, 81)，高度9，宽度5

2025-11-23 14:28:14,347 - create_room - WARNING - [create_room.py:191] - 尝试生成失败，因为边缘越界

2025-11-23 14:28:14,347 - create_room - INFO - [create_room.py:166] - 第13次尝试生成房间

2025-11-23 14:28:14,347 - create_room - INFO - [create_room.py:187] - 房间的参数为:上左顶点(75, 65)，高度7，宽度7

2025-11-23 14:28:14,347 - create_room - INFO - [create_room.py:166] - 第14次尝试生成房间

2025-11-23 14:28:14,347 - create_room - INFO - [create_room.py:187] - 房间的参数为:上左顶点(31, 91)，高度9，宽度5

2025-11-23 14:28:14,347 - create_room - INFO - [create_room.py:166] - 第15次尝试生成房间

2025-11-23 14:28:14,347 - create_room - INFO - [create_room.py:187] - 房间的参数为:上左顶点(83, 57)，高度9，宽度7

2025-11-23 14:28:14,347 - create_room - INFO - [create_room.py:166] - 第16次尝试生成房间

2025-11-23 14:28:14,347 - create_room - INFO - [create_room.py:187] - 房间的参数为:上左顶点(11, 51)，高度7，宽度7

2025-11-23 14:28:14,348 - create_room - INFO - [create_room.py:166] - 第17次尝试生成房间

2025-11-23 14:28:14,348 - create_room - INFO - [create_room.py:187] - 房间的参数为:上左顶点(51, 33)，高度3，宽度3

2025-11-23 14:28:14,348 - create_room - INFO - [create_room.py:166] - 第18次尝试生成房间

2025-11-23 14:28:14,348 - create_room - INFO - [create_room.py:187] - 房间的参数为:上左顶点(5, 31)，高度5，宽度5

2025-11-23 14:28:14,348 - create_room - INFO - [create_room.py:166] - 第19次尝试生成房间

2025-11-23 14:28:14,348 - create_room - INFO - [create_room.py:187] - 房间的参数为:上左顶点(31, 17)，高度7，宽度9

2025-11-23 14:28:14,348 - create_room - INFO - [create_room.py:166] - 第20次尝试生成房间

2025-11-23 14:28:14,348 - create_room - INFO - [create_room.py:187] - 房间的参数为:上左顶点(49, 81)，高度3，宽度3

2025-11-23 14:28:14,348 - create_room - INFO - [create_room.py:166] - 第21次尝试生成房间

2025-11-23 14:28:14,348 - create_room - INFO - [create_room.py:187] - 房间的参数为:上左顶点(5, 5)，高度3，宽度7

2025-11-23 14:28:14,348 - create_room - INFO - [create_room.py:166] - 第22次尝试生成房间

2025-11-23 14:28:14,348 - create_room - INFO - [create_room.py:187] - 房间的参数为:上左顶点(69, 41)，高度7，宽度7

2025-11-23 14:28:14,348 - create_room - INFO - [create_room.py:166] - 第23次尝试生成房间

2025-11-23 14:28:14,348 - create_room - INFO - [create_room.py:187] - 房间的参数为:上左顶点(5, 33)，高度5，宽度9

2025-11-23 14:28:14,348 - create_room - WARNING - [create_room.py:194] - 尝试生成失败，因为与现有的房间碰撞

2025-11-23 14:28:14,348 - create_room - INFO - [create_room.py:166] - 第24次尝试生成房间

2025-11-23 14:28:14,348 - create_room - INFO - [create_room.py:187] - 房间的参数为:上左顶点(7, 63)，高度7，宽度5

2025-11-23 14:28:14,348 - create_room - INFO - [create_room.py:166] - 第25次尝试生成房间

2025-11-23 14:28:14,348 - create_room - INFO - [create_room.py:187] - 房间的参数为:上左顶点(59, 97)，高度7，宽度3

2025-11-23 14:28:14,348 - create_room - INFO - [create_room.py:166] - 第26次尝试生成房间

2025-11-23 14:28:14,348 - create_room - INFO - [create_room.py:187] - 房间的参数为:上左顶点(67, 61)，高度7，宽度7

2025-11-23 14:28:14,348 - create_room - INFO - [create_room.py:166] - 第27次尝试生成房间

2025-11-23 14:28:14,348 - create_room - INFO - [create_room.py:187] - 房间的参数为:上左顶点(57, 15)，高度7，宽度7

2025-11-23 14:28:14,349 - create_room - INFO - [create_room.py:166] - 第28次尝试生成房间

2025-11-23 14:28:14,349 - create_room - INFO - [create_room.py:187] - 房间的参数为:上左顶点(31, 51)，高度9，宽度9

2025-11-23 14:28:14,349 - create_room - INFO - [create_room.py:166] - 第29次尝试生成房间

2025-11-23 14:28:14,349 - create_room - INFO - [create_room.py:187] - 房间的参数为:上左顶点(73, 37)，高度7，宽度3

2025-11-23 14:28:14,349 - create_room - INFO - [create_room.py:166] - 第30次尝试生成房间

2025-11-23 14:28:14,349 - create_room - INFO - [create_room.py:187] - 房间的参数为:上左顶点(89, 1)，高度9，宽度9

2025-11-23 14:28:14,349 - create_room - INFO - [create_room.py:166] - 第31次尝试生成房间

2025-11-23 14:28:14,349 - create_room - INFO - [create_room.py:187] - 房间的参数为:上左顶点(75, 1)，高度9，宽度5

2025-11-23 14:28:14,349 - create_room - INFO - [create_room.py:166] - 第32次尝试生成房间

2025-11-23 14:28:14,349 - create_room - INFO - [create_room.py:187] - 房间的参数为:上左顶点(39, 55)，高度3，宽度5

2025-11-23 14:28:14,349 - create_room - WARNING - [create_room.py:194] - 尝试生成失败，因为与现有的房间碰撞

2025-11-23 14:28:14,349 - create_room - INFO - [create_room.py:166] - 第33次尝试生成房间

2025-11-23 14:28:14,349 - create_room - INFO - [create_room.py:187] - 房间的参数为:上左顶点(13, 25)，高度7，宽度7

2025-11-23 14:28:14,349 - create_room - WARNING - [create_room.py:194] - 尝试生成失败，因为与现有的房间碰撞

2025-11-23 14:28:14,349 - create_room - INFO - [create_room.py:166] - 第34次尝试生成房间

2025-11-23 14:28:14,349 - create_room - INFO - [create_room.py:187] - 房间的参数为:上左顶点(73, 91)，高度9，宽度3

2025-11-23 14:28:14,349 - create_room - INFO - [create_room.py:166] - 第35次尝试生成房间

2025-11-23 14:28:14,349 - create_room - INFO - [create_room.py:187] - 房间的参数为:上左顶点(9, 15)，高度9，宽度9

2025-11-23 14:28:14,349 - create_room - WARNING - [create_room.py:194] - 尝试生成失败，因为与现有的房间碰撞

2025-11-23 14:28:14,349 - create_room - INFO - [create_room.py:166] - 第36次尝试生成房间

2025-11-23 14:28:14,349 - create_room - INFO - [create_room.py:187] - 房间的参数为:上左顶点(83, 51)，高度5，宽度3

2025-11-23 14:28:14,350 - create_room - INFO - [create_room.py:166] - 第37次尝试生成房间

2025-11-23 14:28:14,350 - create_room - INFO - [create_room.py:187] - 房间的参数为:上左顶点(67, 41)，高度9，宽度9

2025-11-23 14:28:14,350 - create_room - WARNING - [create_room.py:194] - 尝试生成失败，因为与现有的房间碰撞

2025-11-23 14:28:14,350 - create_room - INFO - [create_room.py:166] - 第38次尝试生成房间

2025-11-23 14:28:14,350 - create_room - INFO - [create_room.py:187] - 房间的参数为:上左顶点(41, 15)，高度3，宽度9

2025-11-23 14:28:14,350 - create_room - INFO - [create_room.py:166] - 第39次尝试生成房间

2025-11-23 14:28:14,350 - create_room - INFO - [create_room.py:187] - 房间的参数为:上左顶点(93, 33)，高度5，宽度9

2025-11-23 14:28:14,350 - create_room - INFO - [create_room.py:166] - 第40次尝试生成房间

2025-11-23 14:28:14,350 - create_room - INFO - [create_room.py:187] - 房间的参数为:上左顶点(29, 1)，高度3，宽度5

2025-11-23 14:28:14,350 - create_room - INFO - [create_room.py:166] - 第41次尝试生成房间

2025-11-23 14:28:14,350 - create_room - INFO - [create_room.py:187] - 房间的参数为:上左顶点(27, 67)，高度7，宽度5

2025-11-23 14:28:14,350 - create_room - INFO - [create_room.py:166] - 第42次尝试生成房间

2025-11-23 14:28:14,350 - create_room - INFO - [create_room.py:187] - 房间的参数为:上左顶点(87, 41)，高度7，宽度7

2025-11-23 14:28:14,350 - create_room - WARNING - [create_room.py:194] - 尝试生成失败，因为与现有的房间碰撞

2025-11-23 14:28:14,350 - create_room - INFO - [create_room.py:166] - 第43次尝试生成房间

2025-11-23 14:28:14,350 - create_room - INFO - [create_room.py:187] - 房间的参数为:上左顶点(17, 13)，高度9，宽度7

2025-11-23 14:28:14,350 - create_room - INFO - [create_room.py:166] - 第44次尝试生成房间

2025-11-23 14:28:14,350 - create_room - INFO - [create_room.py:187] - 房间的参数为:上左顶点(65, 97)，高度3，宽度3

2025-11-23 14:28:14,350 - create_room - WARNING - [create_room.py:194] - 尝试生成失败，因为与现有的房间碰撞

2025-11-23 14:28:14,350 - create_room - INFO - [create_room.py:166] - 第45次尝试生成房间

2025-11-23 14:28:14,350 - create_room - INFO - [create_room.py:187] - 房间的参数为:上左顶点(55, 43)，高度9，宽度7

2025-11-23 14:28:14,350 - create_room - INFO - [create_room.py:166] - 第46次尝试生成房间

2025-11-23 14:28:14,351 - create_room - INFO - [create_room.py:187] - 房间的参数为:上左顶点(63, 41)，高度7，宽度9

2025-11-23 14:28:14,351 - create_room - WARNING - [create_room.py:194] - 尝试生成失败，因为与现有的房间碰撞

2025-11-23 14:28:14,351 - create_room - INFO - [create_room.py:166] - 第47次尝试生成房间

2025-11-23 14:28:14,351 - create_room - INFO - [create_room.py:187] - 房间的参数为:上左顶点(57, 89)，高度9，宽度5

2025-11-23 14:28:14,351 - create_room - INFO - [create_room.py:166] - 第48次尝试生成房间

2025-11-23 14:28:14,351 - create_room - INFO - [create_room.py:187] - 房间的参数为:上左顶点(53, 93)，高度3，宽度5

2025-11-23 14:28:14,351 - create_room - WARNING - [create_room.py:194] - 尝试生成失败，因为与现有的房间碰撞

2025-11-23 14:28:14,351 - create_room - INFO - [create_room.py:166] - 第49次尝试生成房间

2025-11-23 14:28:14,351 - create_room - INFO - [create_room.py:187] - 房间的参数为:上左顶点(79, 25)，高度9，宽度5

2025-11-23 14:28:14,351 - create_room - INFO - [create_room.py:166] - 第50次尝试生成房间

2025-11-23 14:28:14,351 - create_room - INFO - [create_room.py:187] - 房间的参数为:上左顶点(85, 65)，高度5，宽度9

2025-11-23 14:28:14,351 - create_room - INFO - [create_room.py:166] - 第51次尝试生成房间

2025-11-23 14:28:14,351 - create_room - INFO - [create_room.py:187] - 房间的参数为:上左顶点(53, 17)，高度3，宽度5

2025-11-23 14:28:14,351 - create_room - INFO - [create_room.py:166] - 第52次尝试生成房间

2025-11-23 14:28:14,351 - create_room - INFO - [create_room.py:187] - 房间的参数为:上左顶点(9, 87)，高度9，宽度9

2025-11-23 14:28:14,351 - create_room - INFO - [create_room.py:166] - 第53次尝试生成房间

2025-11-23 14:28:14,351 - create_room - INFO - [create_room.py:187] - 房间的参数为:上左顶点(45, 87)，高度5，宽度3

2025-11-23 14:28:14,351 - create_room - INFO - [create_room.py:166] - 第54次尝试生成房间

2025-11-23 14:28:14,351 - create_room - INFO - [create_room.py:187] - 房间的参数为:上左顶点(11, 3)，高度9，宽度3

2025-11-23 14:28:14,351 - create_room - INFO - [create_room.py:166] - 第55次尝试生成房间

2025-11-23 14:28:14,351 - create_room - INFO - [create_room.py:187] - 房间的参数为:上左顶点(77, 97)，高度7，宽度3

2025-11-23 14:28:14,352 - create_room - INFO - [create_room.py:166] - 第56次尝试生成房间

2025-11-23 14:28:14,352 - create_room - INFO - [create_room.py:187] - 房间的参数为:上左顶点(93, 27)，高度9，宽度7

2025-11-23 14:28:14,352 - create_room - WARNING - [create_room.py:191] - 尝试生成失败，因为边缘越界

2025-11-23 14:28:14,352 - create_room - INFO - [create_room.py:166] - 第57次尝试生成房间

2025-11-23 14:28:14,352 - create_room - INFO - [create_room.py:187] - 房间的参数为:上左顶点(11, 59)，高度3，宽度3

2025-11-23 14:28:14,352 - create_room - INFO - [create_room.py:166] - 第58次尝试生成房间

2025-11-23 14:28:14,352 - create_room - INFO - [create_room.py:187] - 房间的参数为:上左顶点(33, 53)，高度5，宽度9

2025-11-23 14:28:14,352 - create_room - WARNING - [create_room.py:194] - 尝试生成失败，因为与现有的房间碰撞

2025-11-23 14:28:14,352 - create_room - INFO - [create_room.py:166] - 第59次尝试生成房间

2025-11-23 14:28:14,352 - create_room - INFO - [create_room.py:187] - 房间的参数为:上左顶点(71, 41)，高度5，宽度5

2025-11-23 14:28:14,352 - create_room - WARNING - [create_room.py:194] - 尝试生成失败，因为与现有的房间碰撞

2025-11-23 14:28:14,352 - create_room - INFO - [create_room.py:166] - 第60次尝试生成房间

2025-11-23 14:28:14,352 - create_room - INFO - [create_room.py:187] - 房间的参数为:上左顶点(75, 99)，高度9，宽度9

2025-11-23 14:28:14,352 - create_room - WARNING - [create_room.py:191] - 尝试生成失败，因为边缘越界

2025-11-23 14:28:14,352 - create_room - INFO - [create_room.py:166] - 第61次尝试生成房间

2025-11-23 14:28:14,352 - create_room - INFO - [create_room.py:187] - 房间的参数为:上左顶点(97, 31)，高度7，宽度3

2025-11-23 14:28:14,352 - create_room - WARNING - [create_room.py:191] - 尝试生成失败，因为边缘越界

2025-11-23 14:28:14,352 - create_room - INFO - [create_room.py:166] - 第62次尝试生成房间

2025-11-23 14:28:14,352 - create_room - INFO - [create_room.py:187] - 房间的参数为:上左顶点(81, 77)，高度7，宽度7

2025-11-23 14:28:14,352 - create_room - INFO - [create_room.py:166] - 第63次尝试生成房间

2025-11-23 14:28:14,352 - create_room - INFO - [create_room.py:187] - 房间的参数为:上左顶点(7, 59)，高度5，宽度9

2025-11-23 14:28:14,352 - create_room - WARNING - [create_room.py:194] - 尝试生成失败，因为与现有的房间碰撞

2025-11-23 14:28:14,353 - create_room - INFO - [create_room.py:166] - 第64次尝试生成房间

2025-11-23 14:28:14,353 - create_room - INFO - [create_room.py:187] - 房间的参数为:上左顶点(83, 5)，高度9，宽度3

2025-11-23 14:28:14,353 - create_room - WARNING - [create_room.py:194] - 尝试生成失败，因为与现有的房间碰撞

2025-11-23 14:28:14,353 - create_room - INFO - [create_room.py:166] - 第65次尝试生成房间

2025-11-23 14:28:14,353 - create_room - INFO - [create_room.py:187] - 房间的参数为:上左顶点(5, 73)，高度5，宽度3

2025-11-23 14:28:14,353 - create_room - INFO - [create_room.py:166] - 第66次尝试生成房间

2025-11-23 14:28:14,353 - create_room - INFO - [create_room.py:187] - 房间的参数为:上左顶点(85, 73)，高度9，宽度9

2025-11-23 14:28:14,353 - create_room - WARNING - [create_room.py:194] - 尝试生成失败，因为与现有的房间碰撞

2025-11-23 14:28:14,353 - create_room - INFO - [create_room.py:166] - 第67次尝试生成房间

2025-11-23 14:28:14,353 - create_room - INFO - [create_room.py:187] - 房间的参数为:上左顶点(13, 83)，高度7，宽度5

2025-11-23 14:28:14,353 - create_room - WARNING - [create_room.py:194] - 尝试生成失败，因为与现有的房间碰撞

2025-11-23 14:28:14,353 - create_room - INFO - [create_room.py:166] - 第68次尝试生成房间

2025-11-23 14:28:14,353 - create_room - INFO - [create_room.py:187] - 房间的参数为:上左顶点(15, 11)，高度9，宽度7

2025-11-23 14:28:14,353 - create_room - WARNING - [create_room.py:194] - 尝试生成失败，因为与现有的房间碰撞

2025-11-23 14:28:14,353 - create_room - INFO - [create_room.py:166] - 第69次尝试生成房间

2025-11-23 14:28:14,353 - create_room - INFO - [create_room.py:187] - 房间的参数为:上左顶点(81, 85)，高度3，宽度7

2025-11-23 14:28:14,353 - create_room - WARNING - [create_room.py:194] - 尝试生成失败，因为与现有的房间碰撞

2025-11-23 14:28:14,353 - create_room - INFO - [create_room.py:166] - 第70次尝试生成房间

2025-11-23 14:28:14,353 - create_room - INFO - [create_room.py:187] - 房间的参数为:上左顶点(55, 19)，高度9，宽度7

2025-11-23 14:28:14,353 - create_room - WARNING - [create_room.py:194] - 尝试生成失败，因为与现有的房间碰撞

2025-11-23 14:28:14,353 - create_room - INFO - [create_room.py:166] - 第71次尝试生成房间

2025-11-23 14:28:14,353 - create_room - INFO - [create_room.py:187] - 房间的参数为:上左顶点(69, 65)，高度3，宽度5

2025-11-23 14:28:14,353 - create_room - WARNING - [create_room.py:194] - 尝试生成失败，因为与现有的房间碰撞

2025-11-23 14:28:14,354 - create_room - INFO - [create_room.py:166] - 第72次尝试生成房间

2025-11-23 14:28:14,354 - create_room - INFO - [create_room.py:187] - 房间的参数为:上左顶点(17, 1)，高度3，宽度7

2025-11-23 14:28:14,354 - create_room - WARNING - [create_room.py:194] - 尝试生成失败，因为与现有的房间碰撞

2025-11-23 14:28:14,354 - create_room - INFO - [create_room.py:166] - 第73次尝试生成房间

2025-11-23 14:28:14,354 - create_room - INFO - [create_room.py:187] - 房间的参数为:上左顶点(87, 91)，高度3，宽度9

2025-11-23 14:28:14,354 - create_room - INFO - [create_room.py:166] - 第74次尝试生成房间

2025-11-23 14:28:14,354 - create_room - INFO - [create_room.py:187] - 房间的参数为:上左顶点(43, 19)，高度7，宽度5

2025-11-23 14:28:14,354 - create_room - WARNING - [create_room.py:194] - 尝试生成失败，因为与现有的房间碰撞

2025-11-23 14:28:14,354 - create_room - INFO - [create_room.py:166] - 第75次尝试生成房间

2025-11-23 14:28:14,354 - create_room - INFO - [create_room.py:187] - 房间的参数为:上左顶点(87, 77)，高度7，宽度5

2025-11-23 14:28:14,354 - create_room - WARNING - [create_room.py:194] - 尝试生成失败，因为与现有的房间碰撞

2025-11-23 14:28:14,354 - create_room - INFO - [create_room.py:166] - 第76次尝试生成房间

2025-11-23 14:28:14,354 - create_room - INFO - [create_room.py:187] - 房间的参数为:上左顶点(15, 71)，高度7，宽度5

2025-11-23 14:28:14,354 - create_room - WARNING - [create_room.py:194] - 尝试生成失败，因为与现有的房间碰撞

2025-11-23 14:28:14,354 - create_room - INFO - [create_room.py:166] - 第77次尝试生成房间

2025-11-23 14:28:14,354 - create_room - INFO - [create_room.py:187] - 房间的参数为:上左顶点(19, 1)，高度3，宽度5

2025-11-23 14:28:14,354 - create_room - WARNING - [create_room.py:194] - 尝试生成失败，因为与现有的房间碰撞

2025-11-23 14:28:14,354 - create_room - INFO - [create_room.py:166] - 第78次尝试生成房间

2025-11-23 14:28:14,354 - create_room - INFO - [create_room.py:187] - 房间的参数为:上左顶点(35, 91)，高度5，宽度3

2025-11-23 14:28:14,354 - create_room - WARNING - [create_room.py:194] - 尝试生成失败，因为与现有的房间碰撞

2025-11-23 14:28:14,354 - create_room - INFO - [create_room.py:166] - 第79次尝试生成房间

2025-11-23 14:28:14,354 - create_room - INFO - [create_room.py:187] - 房间的参数为:上左顶点(63, 85)，高度9，宽度5

2025-11-23 14:28:14,354 - create_room - WARNING - [create_room.py:194] - 尝试生成失败，因为与现有的房间碰撞

2025-11-23 14:28:14,354 - create_room - INFO - [create_room.py:166] - 第80次尝试生成房间

2025-11-23 14:28:14,355 - create_room - INFO - [create_room.py:187] - 房间的参数为:上左顶点(43, 1)，高度3，宽度3

2025-11-23 14:28:14,355 - create_room - INFO - [create_room.py:166] - 第81次尝试生成房间

2025-11-23 14:28:14,355 - create_room - INFO - [create_room.py:187] - 房间的参数为:上左顶点(87, 63)，高度5，宽度7

2025-11-23 14:28:14,355 - create_room - WARNING - [create_room.py:194] - 尝试生成失败，因为与现有的房间碰撞

2025-11-23 14:28:14,355 - create_room - INFO - [create_room.py:166] - 第82次尝试生成房间

2025-11-23 14:28:14,355 - create_room - INFO - [create_room.py:187] - 房间的参数为:上左顶点(43, 57)，高度9，宽度9

2025-11-23 14:28:14,355 - create_room - INFO - [create_room.py:166] - 第83次尝试生成房间

2025-11-23 14:28:14,355 - create_room - INFO - [create_room.py:187] - 房间的参数为:上左顶点(33, 77)，高度7，宽度3

2025-11-23 14:28:14,355 - create_room - INFO - [create_room.py:166] - 第84次尝试生成房间

2025-11-23 14:28:14,355 - create_room - INFO - [create_room.py:187] - 房间的参数为:上左顶点(27, 3)，高度7，宽度7

2025-11-23 14:28:14,355 - create_room - WARNING - [create_room.py:194] - 尝试生成失败，因为与现有的房间碰撞

2025-11-23 14:28:14,355 - create_room - INFO - [create_room.py:166] - 第85次尝试生成房间

2025-11-23 14:28:14,355 - create_room - INFO - [create_room.py:187] - 房间的参数为:上左顶点(67, 93)，高度3，宽度3

2025-11-23 14:28:14,355 - create_room - INFO - [create_room.py:166] - 第86次尝试生成房间

2025-11-23 14:28:14,355 - create_room - INFO - [create_room.py:187] - 房间的参数为:上左顶点(33, 91)，高度5，宽度3

2025-11-23 14:28:14,355 - create_room - WARNING - [create_room.py:194] - 尝试生成失败，因为与现有的房间碰撞

2025-11-23 14:28:14,355 - create_room - INFO - [create_room.py:166] - 第87次尝试生成房间

2025-11-23 14:28:14,355 - create_room - INFO - [create_room.py:187] - 房间的参数为:上左顶点(65, 69)，高度9，宽度3

2025-11-23 14:28:14,355 - create_room - INFO - [create_room.py:166] - 第88次尝试生成房间

2025-11-23 14:28:14,355 - create_room - INFO - [create_room.py:187] - 房间的参数为:上左顶点(9, 21)，高度5，宽度3

2025-11-23 14:28:14,355 - create_room - INFO - [create_room.py:166] - 第89次尝试生成房间

2025-11-23 14:28:14,355 - create_room - INFO - [create_room.py:187] - 房间的参数为:上左顶点(35, 21)，高度5，宽度3

2025-11-23 14:28:14,356 - create_room - WARNING - [create_room.py:194] - 尝试生成失败，因为与现有的房间碰撞

2025-11-23 14:28:14,356 - create_room - INFO - [create_room.py:166] - 第90次尝试生成房间

2025-11-23 14:28:14,356 - create_room - INFO - [create_room.py:187] - 房间的参数为:上左顶点(17, 5)，高度9，宽度3

2025-11-23 14:28:14,356 - create_room - WARNING - [create_room.py:194] - 尝试生成失败，因为与现有的房间碰撞

2025-11-23 14:28:14,356 - create_room - INFO - [create_room.py:166] - 第91次尝试生成房间

2025-11-23 14:28:14,356 - create_room - INFO - [create_room.py:187] - 房间的参数为:上左顶点(17, 73)，高度7，宽度9

2025-11-23 14:28:14,356 - create_room - WARNING - [create_room.py:194] - 尝试生成失败，因为与现有的房间碰撞

2025-11-23 14:28:14,356 - create_room - INFO - [create_room.py:166] - 第92次尝试生成房间

2025-11-23 14:28:14,356 - create_room - INFO - [create_room.py:187] - 房间的参数为:上左顶点(45, 3)，高度9，宽度5

2025-11-23 14:28:14,356 - create_room - WARNING - [create_room.py:194] - 尝试生成失败，因为与现有的房间碰撞

2025-11-23 14:28:14,356 - create_room - INFO - [create_room.py:166] - 第93次尝试生成房间

2025-11-23 14:28:14,356 - create_room - INFO - [create_room.py:187] - 房间的参数为:上左顶点(13, 3)，高度5，宽度5

2025-11-23 14:28:14,356 - create_room - WARNING - [create_room.py:194] - 尝试生成失败，因为与现有的房间碰撞

2025-11-23 14:28:14,356 - create_room - INFO - [create_room.py:166] - 第94次尝试生成房间

2025-11-23 14:28:14,356 - create_room - INFO - [create_room.py:187] - 房间的参数为:上左顶点(87, 33)，高度7，宽度3

2025-11-23 14:28:14,356 - create_room - WARNING - [create_room.py:194] - 尝试生成失败，因为与现有的房间碰撞

2025-11-23 14:28:14,356 - create_room - INFO - [create_room.py:166] - 第95次尝试生成房间

2025-11-23 14:28:14,356 - create_room - INFO - [create_room.py:187] - 房间的参数为:上左顶点(9, 31)，高度9，宽度5

2025-11-23 14:28:14,356 - create_room - WARNING - [create_room.py:194] - 尝试生成失败，因为与现有的房间碰撞

2025-11-23 14:28:14,356 - create_room - INFO - [create_room.py:166] - 第96次尝试生成房间

2025-11-23 14:28:14,356 - create_room - INFO - [create_room.py:187] - 房间的参数为:上左顶点(27, 89)，高度9，宽度9

2025-11-23 14:28:14,356 - create_room - WARNING - [create_room.py:194] - 尝试生成失败，因为与现有的房间碰撞

2025-11-23 14:28:14,356 - create_room - INFO - [create_room.py:166] - 第97次尝试生成房间

2025-11-23 14:28:14,356 - create_room - INFO - [create_room.py:187] - 房间的参数为:上左顶点(21, 49)，高度3，宽度5

2025-11-23 14:28:14,357 - create_room - INFO - [create_room.py:166] - 第98次尝试生成房间

2025-11-23 14:28:14,357 - create_room - INFO - [create_room.py:187] - 房间的参数为:上左顶点(3, 13)，高度5，宽度3

2025-11-23 14:28:14,357 - create_room - INFO - [create_room.py:166] - 第99次尝试生成房间

2025-11-23 14:28:14,357 - create_room - INFO - [create_room.py:187] - 房间的参数为:上左顶点(85, 91)，高度3，宽度5

2025-11-23 14:28:14,357 - create_room - WARNING - [create_room.py:194] - 尝试生成失败，因为与现有的房间碰撞

2025-11-23 14:28:14,357 - create_room - INFO - [create_room.py:166] - 第100次尝试生成房间

2025-11-23 14:28:14,357 - create_room - INFO - [create_room.py:187] - 房间的参数为:上左顶点(63, 71)，高度7，宽度7

2025-11-23 14:28:14,357 - create_room - WARNING - [create_room.py:194] - 尝试生成失败，因为与现有的房间碰撞

2025-11-23 14:28:14,357 - create_room - INFO - [create_room.py:166] - 第101次尝试生成房间

2025-11-23 14:28:14,357 - create_room - INFO - [create_room.py:187] - 房间的参数为:上左顶点(33, 59)，高度7，宽度7

2025-11-23 14:28:14,357 - create_room - WARNING - [create_room.py:194] - 尝试生成失败，因为与现有的房间碰撞

2025-11-23 14:28:14,357 - create_room - INFO - [create_room.py:166] - 第102次尝试生成房间

2025-11-23 14:28:14,357 - create_room - INFO - [create_room.py:187] - 房间的参数为:上左顶点(91, 17)，高度7，宽度3

2025-11-23 14:28:14,357 - create_room - INFO - [create_room.py:166] - 第103次尝试生成房间

2025-11-23 14:28:14,357 - create_room - INFO - [create_room.py:187] - 房间的参数为:上左顶点(65, 65)，高度5，宽度3

2025-11-23 14:28:14,357 - create_room - WARNING - [create_room.py:194] - 尝试生成失败，因为与现有的房间碰撞

2025-11-23 14:28:14,357 - create_room - INFO - [create_room.py:166] - 第104次尝试生成房间

2025-11-23 14:28:14,357 - create_room - INFO - [create_room.py:187] - 房间的参数为:上左顶点(13, 51)，高度3，宽度9

2025-11-23 14:28:14,357 - create_room - WARNING - [create_room.py:194] - 尝试生成失败，因为与现有的房间碰撞

2025-11-23 14:28:14,357 - create_room - INFO - [create_room.py:166] - 第105次尝试生成房间

2025-11-23 14:28:14,357 - create_room - INFO - [create_room.py:187] - 房间的参数为:上左顶点(21, 13)，高度9，宽度5

2025-11-23 14:28:14,357 - create_room - WARNING - [create_room.py:194] - 尝试生成失败，因为与现有的房间碰撞

2025-11-23 14:28:14,357 - create_room - INFO - [create_room.py:166] - 第106次尝试生成房间

2025-11-23 14:28:14,358 - create_room - INFO - [create_room.py:187] - 房间的参数为:上左顶点(19, 55)，高度9，宽度3

2025-11-23 14:28:14,358 - create_room - INFO - [create_room.py:166] - 第107次尝试生成房间

2025-11-23 14:28:14,358 - create_room - INFO - [create_room.py:187] - 房间的参数为:上左顶点(35, 53)，高度7，宽度7

2025-11-23 14:28:14,358 - create_room - WARNING - [create_room.py:194] - 尝试生成失败，因为与现有的房间碰撞

2025-11-23 14:28:14,358 - create_room - INFO - [create_room.py:166] - 第108次尝试生成房间

2025-11-23 14:28:14,358 - create_room - INFO - [create_room.py:187] - 房间的参数为:上左顶点(29, 21)，高度3，宽度7

2025-11-23 14:28:14,358 - create_room - WARNING - [create_room.py:194] - 尝试生成失败，因为与现有的房间碰撞

2025-11-23 14:28:14,358 - create_room - INFO - [create_room.py:166] - 第109次尝试生成房间

2025-11-23 14:28:14,358 - create_room - INFO - [create_room.py:187] - 房间的参数为:上左顶点(43, 61)，高度9，宽度7

2025-11-23 14:28:14,358 - create_room - WARNING - [create_room.py:194] - 尝试生成失败，因为与现有的房间碰撞

2025-11-23 14:28:14,358 - create_room - INFO - [create_room.py:166] - 第110次尝试生成房间

2025-11-23 14:28:14,358 - create_room - INFO - [create_room.py:187] - 房间的参数为:上左顶点(73, 89)，高度7，宽度5

2025-11-23 14:28:14,358 - create_room - WARNING - [create_room.py:194] - 尝试生成失败，因为与现有的房间碰撞

2025-11-23 14:28:14,358 - create_room - INFO - [create_room.py:166] - 第111次尝试生成房间

2025-11-23 14:28:14,358 - create_room - INFO - [create_room.py:187] - 房间的参数为:上左顶点(79, 11)，高度9，宽度7

2025-11-23 14:28:14,358 - create_room - WARNING - [create_room.py:194] - 尝试生成失败，因为与现有的房间碰撞

2025-11-23 14:28:14,358 - create_room - INFO - [create_room.py:166] - 第112次尝试生成房间

2025-11-23 14:28:14,358 - create_room - INFO - [create_room.py:187] - 房间的参数为:上左顶点(81, 93)，高度3，宽度9

2025-11-23 14:28:14,358 - create_room - WARNING - [create_room.py:191] - 尝试生成失败，因为边缘越界

2025-11-23 14:28:14,358 - create_room - INFO - [create_room.py:166] - 第113次尝试生成房间

2025-11-23 14:28:14,358 - create_room - INFO - [create_room.py:187] - 房间的参数为:上左顶点(69, 65)，高度9，宽度3

2025-11-23 14:28:14,358 - create_room - WARNING - [create_room.py:194] - 尝试生成失败，因为与现有的房间碰撞

2025-11-23 14:28:14,359 - create_room - INFO - [create_room.py:166] - 第114次尝试生成房间

2025-11-23 14:28:14,359 - create_room - INFO - [create_room.py:187] - 房间的参数为:上左顶点(47, 41)，高度5，宽度5

2025-11-23 14:28:14,359 - create_room - INFO - [create_room.py:166] - 第115次尝试生成房间

2025-11-23 14:28:14,359 - create_room - INFO - [create_room.py:187] - 房间的参数为:上左顶点(97, 9)，高度9，宽度3

2025-11-23 14:28:14,359 - create_room - WARNING - [create_room.py:191] - 尝试生成失败，因为边缘越界

2025-11-23 14:28:14,359 - create_room - INFO - [create_room.py:166] - 第116次尝试生成房间

2025-11-23 14:28:14,359 - create_room - INFO - [create_room.py:187] - 房间的参数为:上左顶点(83, 43)，高度7，宽度9

2025-11-23 14:28:14,359 - create_room - WARNING - [create_room.py:194] - 尝试生成失败，因为与现有的房间碰撞

2025-11-23 14:28:14,359 - create_room - INFO - [create_room.py:166] - 第117次尝试生成房间

2025-11-23 14:28:14,359 - create_room - INFO - [create_room.py:187] - 房间的参数为:上左顶点(5, 23)，高度3，宽度7

2025-11-23 14:28:14,359 - create_room - INFO - [create_room.py:166] - 第118次尝试生成房间

2025-11-23 14:28:14,359 - create_room - INFO - [create_room.py:187] - 房间的参数为:上左顶点(59, 11)，高度9，宽度7

2025-11-23 14:28:14,359 - create_room - WARNING - [create_room.py:194] - 尝试生成失败，因为与现有的房间碰撞

2025-11-23 14:28:14,359 - create_room - INFO - [create_room.py:166] - 第119次尝试生成房间

2025-11-23 14:28:14,359 - create_room - INFO - [create_room.py:187] - 房间的参数为:上左顶点(23, 3)，高度3，宽度9

2025-11-23 14:28:14,359 - create_room - WARNING - [create_room.py:194] - 尝试生成失败，因为与现有的房间碰撞

2025-11-23 14:28:14,359 - create_room - INFO - [create_room.py:166] - 第120次尝试生成房间

2025-11-23 14:28:14,359 - create_room - INFO - [create_room.py:187] - 房间的参数为:上左顶点(41, 99)，高度7，宽度5

2025-11-23 14:28:14,359 - create_room - WARNING - [create_room.py:191] - 尝试生成失败，因为边缘越界

2025-11-23 14:28:14,359 - create_room - INFO - [create_room.py:166] - 第121次尝试生成房间

2025-11-23 14:28:14,359 - create_room - INFO - [create_room.py:187] - 房间的参数为:上左顶点(29, 91)，高度3，宽度5

2025-11-23 14:28:14,359 - create_room - WARNING - [create_room.py:194] - 尝试生成失败，因为与现有的房间碰撞

2025-11-23 14:28:14,359 - create_room - INFO - [create_room.py:166] - 第122次尝试生成房间

2025-11-23 14:28:14,359 - create_room - INFO - [create_room.py:187] - 房间的参数为:上左顶点(83, 83)，高度3，宽度9

2025-11-23 14:28:14,360 - create_room - WARNING - [create_room.py:194] - 尝试生成失败，因为与现有的房间碰撞

2025-11-23 14:28:14,360 - create_room - INFO - [create_room.py:166] - 第123次尝试生成房间

2025-11-23 14:28:14,360 - create_room - INFO - [create_room.py:187] - 房间的参数为:上左顶点(45, 17)，高度9，宽度9

2025-11-23 14:28:14,360 - create_room - WARNING - [create_room.py:194] - 尝试生成失败，因为与现有的房间碰撞

2025-11-23 14:28:14,360 - create_room - INFO - [create_room.py:166] - 第124次尝试生成房间

2025-11-23 14:28:14,360 - create_room - INFO - [create_room.py:187] - 房间的参数为:上左顶点(23, 33)，高度9，宽度3

2025-11-23 14:28:14,360 - create_room - INFO - [create_room.py:166] - 第125次尝试生成房间

2025-11-23 14:28:14,360 - create_room - INFO - [create_room.py:187] - 房间的参数为:上左顶点(87, 59)，高度3，宽度3

2025-11-23 14:28:14,360 - create_room - WARNING - [create_room.py:194] - 尝试生成失败，因为与现有的房间碰撞

2025-11-23 14:28:14,360 - create_room - INFO - [create_room.py:166] - 第126次尝试生成房间

2025-11-23 14:28:14,360 - create_room - INFO - [create_room.py:187] - 房间的参数为:上左顶点(19, 15)，高度7，宽度7

2025-11-23 14:28:14,360 - create_room - WARNING - [create_room.py:194] - 尝试生成失败，因为与现有的房间碰撞

2025-11-23 14:28:14,360 - create_room - INFO - [create_room.py:166] - 第127次尝试生成房间

2025-11-23 14:28:14,360 - create_room - INFO - [create_room.py:187] - 房间的参数为:上左顶点(77, 77)，高度7，宽度3

2025-11-23 14:28:14,360 - create_room - WARNING - [create_room.py:194] - 尝试生成失败，因为与现有的房间碰撞

2025-11-23 14:28:14,360 - create_room - INFO - [create_room.py:166] - 第128次尝试生成房间

2025-11-23 14:28:14,360 - create_room - INFO - [create_room.py:187] - 房间的参数为:上左顶点(73, 21)，高度3，宽度7

2025-11-23 14:28:14,360 - create_room - INFO - [create_room.py:166] - 第129次尝试生成房间

2025-11-23 14:28:14,360 - create_room - INFO - [create_room.py:187] - 房间的参数为:上左顶点(17, 29)，高度9，宽度5

2025-11-23 14:28:14,360 - create_room - WARNING - [create_room.py:194] - 尝试生成失败，因为与现有的房间碰撞

2025-11-23 14:28:14,360 - create_room - INFO - [create_room.py:166] - 第130次尝试生成房间

2025-11-23 14:28:14,360 - create_room - INFO - [create_room.py:187] - 房间的参数为:上左顶点(87, 51)，高度7，宽度7

2025-11-23 14:28:14,360 - create_room - WARNING - [create_room.py:194] - 尝试生成失败，因为与现有的房间碰撞

2025-11-23 14:28:14,361 - create_room - INFO - [create_room.py:166] - 第131次尝试生成房间

2025-11-23 14:28:14,361 - create_room - INFO - [create_room.py:187] - 房间的参数为:上左顶点(39, 45)，高度5，宽度7

2025-11-23 14:28:14,361 - create_room - WARNING - [create_room.py:194] - 尝试生成失败，因为与现有的房间碰撞

2025-11-23 14:28:14,361 - create_room - INFO - [create_room.py:166] - 第132次尝试生成房间

2025-11-23 14:28:14,361 - create_room - INFO - [create_room.py:187] - 房间的参数为:上左顶点(29, 45)，高度3，宽度3

2025-11-23 14:28:14,361 - create_room - INFO - [create_room.py:166] - 第133次尝试生成房间

2025-11-23 14:28:14,361 - create_room - INFO - [create_room.py:187] - 房间的参数为:上左顶点(91, 51)，高度5，宽度5

2025-11-23 14:28:14,361 - create_room - INFO - [create_room.py:166] - 第134次尝试生成房间

2025-11-23 14:28:14,361 - create_room - INFO - [create_room.py:187] - 房间的参数为:上左顶点(17, 1)，高度7，宽度7

2025-11-23 14:28:14,361 - create_room - WARNING - [create_room.py:194] - 尝试生成失败，因为与现有的房间碰撞

2025-11-23 14:28:14,361 - create_room - INFO - [create_room.py:166] - 第135次尝试生成房间

2025-11-23 14:28:14,361 - create_room - INFO - [create_room.py:187] - 房间的参数为:上左顶点(9, 59)，高度5，宽度3

2025-11-23 14:28:14,361 - create_room - WARNING - [create_room.py:194] - 尝试生成失败，因为与现有的房间碰撞

2025-11-23 14:28:14,361 - create_room - INFO - [create_room.py:166] - 第136次尝试生成房间

2025-11-23 14:28:14,361 - create_room - INFO - [create_room.py:187] - 房间的参数为:上左顶点(63, 41)，高度9，宽度5

2025-11-23 14:28:14,361 - create_room - WARNING - [create_room.py:194] - 尝试生成失败，因为与现有的房间碰撞

2025-11-23 14:28:14,361 - create_room - INFO - [create_room.py:166] - 第137次尝试生成房间

2025-11-23 14:28:14,361 - create_room - INFO - [create_room.py:187] - 房间的参数为:上左顶点(13, 39)，高度5，宽度7

2025-11-23 14:28:14,361 - create_room - INFO - [create_room.py:166] - 第138次尝试生成房间

2025-11-23 14:28:14,361 - create_room - INFO - [create_room.py:187] - 房间的参数为:上左顶点(63, 55)，高度5，宽度3

2025-11-23 14:28:14,361 - create_room - INFO - [create_room.py:166] - 第139次尝试生成房间

2025-11-23 14:28:14,361 - create_room - INFO - [create_room.py:187] - 房间的参数为:上左顶点(3, 25)，高度7，宽度5

2025-11-23 14:28:14,362 - create_room - WARNING - [create_room.py:194] - 尝试生成失败，因为与现有的房间碰撞

2025-11-23 14:28:14,362 - create_room - INFO - [create_room.py:166] - 第140次尝试生成房间

2025-11-23 14:28:14,362 - create_room - INFO - [create_room.py:187] - 房间的参数为:上左顶点(23, 1)，高度7，宽度5

2025-11-23 14:28:14,362 - create_room - WARNING - [create_room.py:194] - 尝试生成失败，因为与现有的房间碰撞

2025-11-23 14:28:14,362 - create_room - INFO - [create_room.py:166] - 第141次尝试生成房间

2025-11-23 14:28:14,362 - create_room - INFO - [create_room.py:187] - 房间的参数为:上左顶点(55, 71)，高度3，宽度7

2025-11-23 14:28:14,362 - create_room - INFO - [create_room.py:166] - 第142次尝试生成房间

2025-11-23 14:28:14,362 - create_room - INFO - [create_room.py:187] - 房间的参数为:上左顶点(93, 55)，高度5，宽度5

2025-11-23 14:28:14,362 - create_room - WARNING - [create_room.py:194] - 尝试生成失败，因为与现有的房间碰撞

2025-11-23 14:28:14,362 - create_room - INFO - [create_room.py:166] - 第143次尝试生成房间

2025-11-23 14:28:14,362 - create_room - INFO - [create_room.py:187] - 房间的参数为:上左顶点(15, 57)，高度9，宽度9

2025-11-23 14:28:14,362 - create_room - WARNING - [create_room.py:194] - 尝试生成失败，因为与现有的房间碰撞

2025-11-23 14:28:14,362 - create_room - INFO - [create_room.py:166] - 第144次尝试生成房间

2025-11-23 14:28:14,362 - create_room - INFO - [create_room.py:187] - 房间的参数为:上左顶点(1, 77)，高度7，宽度3

2025-11-23 14:28:14,362 - create_room - INFO - [create_room.py:166] - 第145次尝试生成房间

2025-11-23 14:28:14,362 - create_room - INFO - [create_room.py:187] - 房间的参数为:上左顶点(33, 11)，高度7，宽度9

2025-11-23 14:28:14,362 - create_room - WARNING - [create_room.py:194] - 尝试生成失败，因为与现有的房间碰撞

2025-11-23 14:28:14,362 - create_room - INFO - [create_room.py:166] - 第146次尝试生成房间

2025-11-23 14:28:14,362 - create_room - INFO - [create_room.py:187] - 房间的参数为:上左顶点(7, 99)，高度7，宽度7

2025-11-23 14:28:14,362 - create_room - WARNING - [create_room.py:191] - 尝试生成失败，因为边缘越界

2025-11-23 14:28:14,362 - create_room - INFO - [create_room.py:166] - 第147次尝试生成房间

2025-11-23 14:28:14,362 - create_room - INFO - [create_room.py:187] - 房间的参数为:上左顶点(27, 85)，高度5，宽度5

2025-11-23 14:28:14,362 - create_room - INFO - [create_room.py:166] - 第148次尝试生成房间

2025-11-23 14:28:14,363 - create_room - INFO - [create_room.py:187] - 房间的参数为:上左顶点(1, 55)，高度3，宽度5

2025-11-23 14:28:14,363 - create_room - WARNING - [create_room.py:194] - 尝试生成失败，因为与现有的房间碰撞

2025-11-23 14:28:14,363 - create_room - INFO - [create_room.py:166] - 第149次尝试生成房间

2025-11-23 14:28:14,363 - create_room - INFO - [create_room.py:187] - 房间的参数为:上左顶点(47, 99)，高度7，宽度5

2025-11-23 14:28:14,363 - create_room - WARNING - [create_room.py:191] - 尝试生成失败，因为边缘越界

2025-11-23 14:28:14,363 - create_room - INFO - [create_room.py:166] - 第150次尝试生成房间

2025-11-23 14:28:14,363 - create_room - INFO - [create_room.py:187] - 房间的参数为:上左顶点(83, 83)，高度7，宽度3

2025-11-23 14:28:14,363 - create_room - WARNING - [create_room.py:194] - 尝试生成失败，因为与现有的房间碰撞

2025-11-23 14:28:14,363 - create_room - INFO - [create_room.py:166] - 第151次尝试生成房间

2025-11-23 14:28:14,363 - create_room - INFO - [create_room.py:187] - 房间的参数为:上左顶点(7, 53)，高度3，宽度7

2025-11-23 14:28:14,363 - create_room - INFO - [create_room.py:166] - 第152次尝试生成房间

2025-11-23 14:28:14,363 - create_room - INFO - [create_room.py:187] - 房间的参数为:上左顶点(81, 59)，高度5，宽度9

2025-11-23 14:28:14,363 - create_room - WARNING - [create_room.py:194] - 尝试生成失败，因为与现有的房间碰撞

2025-11-23 14:28:14,363 - create_room - INFO - [create_room.py:166] - 第153次尝试生成房间

2025-11-23 14:28:14,363 - create_room - INFO - [create_room.py:187] - 房间的参数为:上左顶点(65, 99)，高度9，宽度9

2025-11-23 14:28:14,363 - create_room - WARNING - [create_room.py:191] - 尝试生成失败，因为边缘越界

2025-11-23 14:28:14,363 - create_room - INFO - [create_room.py:166] - 第154次尝试生成房间

2025-11-23 14:28:14,363 - create_room - INFO - [create_room.py:187] - 房间的参数为:上左顶点(51, 51)，高度7，宽度3

2025-11-23 14:28:14,363 - create_room - INFO - [create_room.py:166] - 第155次尝试生成房间

2025-11-23 14:28:14,363 - create_room - INFO - [create_room.py:187] - 房间的参数为:上左顶点(81, 73)，高度5，宽度5

2025-11-23 14:28:14,363 - create_room - WARNING - [create_room.py:194] - 尝试生成失败，因为与现有的房间碰撞

2025-11-23 14:28:14,363 - create_room - INFO - [create_room.py:166] - 第156次尝试生成房间

2025-11-23 14:28:14,363 - create_room - INFO - [create_room.py:187] - 房间的参数为:上左顶点(29, 43)，高度7，宽度9

2025-11-23 14:28:14,363 - create_room - WARNING - [create_room.py:194] - 尝试生成失败，因为与现有的房间碰撞

2025-11-23 14:28:14,364 - create_room - INFO - [create_room.py:166] - 第157次尝试生成房间

2025-11-23 14:28:14,364 - create_room - INFO - [create_room.py:187] - 房间的参数为:上左顶点(97, 79)，高度3，宽度5

2025-11-23 14:28:14,364 - create_room - INFO - [create_room.py:166] - 第158次尝试生成房间

2025-11-23 14:28:14,364 - create_room - INFO - [create_room.py:187] - 房间的参数为:上左顶点(23, 93)，高度3，宽度3

2025-11-23 14:28:14,364 - create_room - INFO - [create_room.py:166] - 第159次尝试生成房间

2025-11-23 14:28:14,364 - create_room - INFO - [create_room.py:187] - 房间的参数为:上左顶点(87, 51)，高度7，宽度7

2025-11-23 14:28:14,364 - create_room - WARNING - [create_room.py:194] - 尝试生成失败，因为与现有的房间碰撞

2025-11-23 14:28:14,364 - create_room - INFO - [create_room.py:166] - 第160次尝试生成房间

2025-11-23 14:28:14,364 - create_room - INFO - [create_room.py:187] - 房间的参数为:上左顶点(45, 5)，高度9，宽度5

2025-11-23 14:28:14,364 - create_room - INFO - [create_room.py:166] - 第161次尝试生成房间

2025-11-23 14:28:14,364 - create_room - INFO - [create_room.py:187] - 房间的参数为:上左顶点(77, 3)，高度9，宽度7

2025-11-23 14:28:14,364 - create_room - WARNING - [create_room.py:194] - 尝试生成失败，因为与现有的房间碰撞

2025-11-23 14:28:14,364 - create_room - INFO - [create_room.py:166] - 第162次尝试生成房间

2025-11-23 14:28:14,364 - create_room - INFO - [create_room.py:187] - 房间的参数为:上左顶点(39, 1)，高度3，宽度5

2025-11-23 14:28:14,364 - create_room - INFO - [create_room.py:166] - 第163次尝试生成房间

2025-11-23 14:28:14,364 - create_room - INFO - [create_room.py:187] - 房间的参数为:上左顶点(97, 23)，高度7，宽度3

2025-11-23 14:28:14,364 - create_room - WARNING - [create_room.py:191] - 尝试生成失败，因为边缘越界

2025-11-23 14:28:14,364 - create_room - INFO - [create_room.py:166] - 第164次尝试生成房间

2025-11-23 14:28:14,364 - create_room - INFO - [create_room.py:187] - 房间的参数为:上左顶点(45, 35)，高度5，宽度9

2025-11-23 14:28:14,364 - create_room - WARNING - [create_room.py:194] - 尝试生成失败，因为与现有的房间碰撞

2025-11-23 14:28:14,364 - create_room - INFO - [create_room.py:166] - 第165次尝试生成房间

2025-11-23 14:28:14,364 - create_room - INFO - [create_room.py:187] - 房间的参数为:上左顶点(55, 25)，高度3，宽度3

2025-11-23 14:28:14,365 - create_room - INFO - [create_room.py:166] - 第166次尝试生成房间

2025-11-23 14:28:14,365 - create_room - INFO - [create_room.py:187] - 房间的参数为:上左顶点(79, 71)，高度3，宽度5

2025-11-23 14:28:14,365 - create_room - WARNING - [create_room.py:194] - 尝试生成失败，因为与现有的房间碰撞

2025-11-23 14:28:14,365 - create_room - INFO - [create_room.py:166] - 第167次尝试生成房间

2025-11-23 14:28:14,365 - create_room - INFO - [create_room.py:187] - 房间的参数为:上左顶点(95, 71)，高度7，宽度5

2025-11-23 14:28:14,365 - create_room - WARNING - [create_room.py:191] - 尝试生成失败，因为边缘越界

2025-11-23 14:28:14,365 - create_room - INFO - [create_room.py:166] - 第168次尝试生成房间

2025-11-23 14:28:14,365 - create_room - INFO - [create_room.py:187] - 房间的参数为:上左顶点(65, 13)，高度7，宽度9

2025-11-23 14:28:14,365 - create_room - INFO - [create_room.py:166] - 第169次尝试生成房间

2025-11-23 14:28:14,365 - create_room - INFO - [create_room.py:187] - 房间的参数为:上左顶点(95, 49)，高度7，宽度5

2025-11-23 14:28:14,365 - create_room - WARNING - [create_room.py:191] - 尝试生成失败，因为边缘越界

2025-11-23 14:28:14,365 - create_room - INFO - [create_room.py:166] - 第170次尝试生成房间

2025-11-23 14:28:14,365 - create_room - INFO - [create_room.py:187] - 房间的参数为:上左顶点(57, 83)，高度5，宽度9

2025-11-23 14:28:14,365 - create_room - WARNING - [create_room.py:194] - 尝试生成失败，因为与现有的房间碰撞

2025-11-23 14:28:14,365 - create_room - INFO - [create_room.py:166] - 第171次尝试生成房间

2025-11-23 14:28:14,365 - create_room - INFO - [create_room.py:187] - 房间的参数为:上左顶点(81, 57)，高度9，宽度7

2025-11-23 14:28:14,365 - create_room - WARNING - [create_room.py:194] - 尝试生成失败，因为与现有的房间碰撞

2025-11-23 14:28:14,365 - create_room - INFO - [create_room.py:166] - 第172次尝试生成房间

2025-11-23 14:28:14,365 - create_room - INFO - [create_room.py:187] - 房间的参数为:上左顶点(37, 17)，高度5，宽度5

2025-11-23 14:28:14,365 - create_room - WARNING - [create_room.py:194] - 尝试生成失败，因为与现有的房间碰撞

2025-11-23 14:28:14,365 - create_room - INFO - [create_room.py:166] - 第173次尝试生成房间

2025-11-23 14:28:14,365 - create_room - INFO - [create_room.py:187] - 房间的参数为:上左顶点(33, 65)，高度7，宽度5

2025-11-23 14:28:14,365 - create_room - WARNING - [create_room.py:194] - 尝试生成失败，因为与现有的房间碰撞

2025-11-23 14:28:14,366 - create_room - INFO - [create_room.py:166] - 第174次尝试生成房间

2025-11-23 14:28:14,366 - create_room - INFO - [create_room.py:187] - 房间的参数为:上左顶点(69, 77)，高度3，宽度3

2025-11-23 14:28:14,366 - create_room - INFO - [create_room.py:166] - 第175次尝试生成房间

2025-11-23 14:28:14,366 - create_room - INFO - [create_room.py:187] - 房间的参数为:上左顶点(13, 27)，高度3，宽度5

2025-11-23 14:28:14,366 - create_room - INFO - [create_room.py:166] - 第176次尝试生成房间

2025-11-23 14:28:14,366 - create_room - INFO - [create_room.py:187] - 房间的参数为:上左顶点(7, 19)，高度9，宽度5

2025-11-23 14:28:14,366 - create_room - WARNING - [create_room.py:194] - 尝试生成失败，因为与现有的房间碰撞

2025-11-23 14:28:14,366 - create_room - INFO - [create_room.py:166] - 第177次尝试生成房间

2025-11-23 14:28:14,366 - create_room - INFO - [create_room.py:187] - 房间的参数为:上左顶点(1, 67)，高度3，宽度7

2025-11-23 14:28:14,366 - create_room - INFO - [create_room.py:166] - 第178次尝试生成房间

2025-11-23 14:28:14,366 - create_room - INFO - [create_room.py:187] - 房间的参数为:上左顶点(47, 29)，高度5，宽度5

2025-11-23 14:28:14,366 - create_room - WARNING - [create_room.py:194] - 尝试生成失败，因为与现有的房间碰撞

2025-11-23 14:28:14,366 - create_room - INFO - [create_room.py:166] - 第179次尝试生成房间

2025-11-23 14:28:14,366 - create_room - INFO - [create_room.py:187] - 房间的参数为:上左顶点(41, 43)，高度3，宽度5

2025-11-23 14:28:14,366 - create_room - INFO - [create_room.py:166] - 第180次尝试生成房间

2025-11-23 14:28:14,366 - create_room - INFO - [create_room.py:187] - 房间的参数为:上左顶点(61, 47)，高度5，宽度3

2025-11-23 14:28:14,366 - create_room - WARNING - [create_room.py:194] - 尝试生成失败，因为与现有的房间碰撞

2025-11-23 14:28:14,366 - create_room - INFO - [create_room.py:166] - 第181次尝试生成房间

2025-11-23 14:28:14,366 - create_room - INFO - [create_room.py:187] - 房间的参数为:上左顶点(71, 63)，高度5，宽度5

2025-11-23 14:28:14,366 - create_room - WARNING - [create_room.py:194] - 尝试生成失败，因为与现有的房间碰撞

2025-11-23 14:28:14,366 - create_room - INFO - [create_room.py:166] - 第182次尝试生成房间

2025-11-23 14:28:14,367 - create_room - INFO - [create_room.py:187] - 房间的参数为:上左顶点(39, 25)，高度3，宽度9

2025-11-23 14:28:14,367 - create_room - INFO - [create_room.py:166] - 第183次尝试生成房间

2025-11-23 14:28:14,367 - create_room - INFO - [create_room.py:187] - 房间的参数为:上左顶点(91, 3)，高度5，宽度3

2025-11-23 14:28:14,367 - create_room - WARNING - [create_room.py:194] - 尝试生成失败，因为与现有的房间碰撞

2025-11-23 14:28:14,367 - create_room - INFO - [create_room.py:166] - 第184次尝试生成房间

2025-11-23 14:28:14,367 - create_room - INFO - [create_room.py:187] - 房间的参数为:上左顶点(47, 49)，高度3，宽度3

2025-11-23 14:28:14,367 - create_room - WARNING - [create_room.py:194] - 尝试生成失败，因为与现有的房间碰撞

2025-11-23 14:28:14,367 - create_room - INFO - [create_room.py:166] - 第185次尝试生成房间

2025-11-23 14:28:14,367 - create_room - INFO - [create_room.py:187] - 房间的参数为:上左顶点(19, 7)，高度3，宽度9

2025-11-23 14:28:14,367 - create_room - WARNING - [create_room.py:194] - 尝试生成失败，因为与现有的房间碰撞

2025-11-23 14:28:14,367 - create_room - INFO - [create_room.py:166] - 第186次尝试生成房间

2025-11-23 14:28:14,367 - create_room - INFO - [create_room.py:187] - 房间的参数为:上左顶点(17, 49)，高度3，宽度7

2025-11-23 14:28:14,367 - create_room - WARNING - [create_room.py:194] - 尝试生成失败，因为与现有的房间碰撞

2025-11-23 14:28:14,367 - create_room - INFO - [create_room.py:166] - 第187次尝试生成房间

2025-11-23 14:28:14,367 - create_room - INFO - [create_room.py:187] - 房间的参数为:上左顶点(19, 37)，高度3，宽度9

2025-11-23 14:28:14,367 - create_room - INFO - [create_room.py:166] - 第188次尝试生成房间

2025-11-23 14:28:14,367 - create_room - INFO - [create_room.py:187] - 房间的参数为:上左顶点(91, 43)，高度3，宽度3

2025-11-23 14:28:14,367 - create_room - WARNING - [create_room.py:194] - 尝试生成失败，因为与现有的房间碰撞

2025-11-23 14:28:14,367 - create_room - INFO - [create_room.py:166] - 第189次尝试生成房间

2025-11-23 14:28:14,367 - create_room - INFO - [create_room.py:187] - 房间的参数为:上左顶点(27, 29)，高度5，宽度5

2025-11-23 14:28:14,367 - create_room - WARNING - [create_room.py:194] - 尝试生成失败，因为与现有的房间碰撞

2025-11-23 14:28:14,367 - create_room - INFO - [create_room.py:166] - 第190次尝试生成房间

2025-11-23 14:28:14,368 - create_room - INFO - [create_room.py:187] - 房间的参数为:上左顶点(11, 61)，高度9，宽度9

2025-11-23 14:28:14,368 - create_room - WARNING - [create_room.py:194] - 尝试生成失败，因为与现有的房间碰撞

2025-11-23 14:28:14,368 - create_room - INFO - [create_room.py:166] - 第191次尝试生成房间

2025-11-23 14:28:14,368 - create_room - INFO - [create_room.py:187] - 房间的参数为:上左顶点(55, 41)，高度3，宽度9

2025-11-23 14:28:14,368 - create_room - WARNING - [create_room.py:194] - 尝试生成失败，因为与现有的房间碰撞

2025-11-23 14:28:14,368 - create_room - INFO - [create_room.py:166] - 第192次尝试生成房间

2025-11-23 14:28:14,368 - create_room - INFO - [create_room.py:187] - 房间的参数为:上左顶点(93, 49)，高度5，宽度5

2025-11-23 14:28:14,368 - create_room - WARNING - [create_room.py:194] - 尝试生成失败，因为与现有的房间碰撞

2025-11-23 14:28:14,368 - create_room - INFO - [create_room.py:166] - 第193次尝试生成房间

2025-11-23 14:28:14,368 - create_room - INFO - [create_room.py:187] - 房间的参数为:上左顶点(63, 51)，高度5，宽度7

2025-11-23 14:28:14,368 - create_room - WARNING - [create_room.py:194] - 尝试生成失败，因为与现有的房间碰撞

2025-11-23 14:28:14,368 - create_room - INFO - [create_room.py:166] - 第194次尝试生成房间

2025-11-23 14:28:14,368 - create_room - INFO - [create_room.py:187] - 房间的参数为:上左顶点(45, 97)，高度3，宽度5

2025-11-23 14:28:14,368 - create_room - WARNING - [create_room.py:191] - 尝试生成失败，因为边缘越界

2025-11-23 14:28:14,368 - create_room - INFO - [create_room.py:166] - 第195次尝试生成房间

2025-11-23 14:28:14,368 - create_room - INFO - [create_room.py:187] - 房间的参数为:上左顶点(5, 83)，高度3，宽度9

2025-11-23 14:28:14,368 - create_room - INFO - [create_room.py:166] - 第196次尝试生成房间

2025-11-23 14:28:14,368 - create_room - INFO - [create_room.py:187] - 房间的参数为:上左顶点(87, 65)，高度7，宽度3

2025-11-23 14:28:14,368 - create_room - WARNING - [create_room.py:194] - 尝试生成失败，因为与现有的房间碰撞

2025-11-23 14:28:14,368 - create_room - INFO - [create_room.py:166] - 第197次尝试生成房间

2025-11-23 14:28:14,368 - create_room - INFO - [create_room.py:187] - 房间的参数为:上左顶点(37, 7)，高度9，宽度3

2025-11-23 14:28:14,368 - create_room - WARNING - [create_room.py:194] - 尝试生成失败，因为与现有的房间碰撞

2025-11-23 14:28:14,368 - create_room - INFO - [create_room.py:166] - 第198次尝试生成房间

2025-11-23 14:28:14,369 - create_room - INFO - [create_room.py:187] - 房间的参数为:上左顶点(27, 17)，高度3，宽度3

2025-11-23 14:28:14,369 - create_room - INFO - [create_room.py:166] - 第199次尝试生成房间

2025-11-23 14:28:14,369 - create_room - INFO - [create_room.py:187] - 房间的参数为:上左顶点(37, 63)，高度5，宽度9

2025-11-23 14:28:14,369 - create_room - INFO - [create_room.py:166] - 第200次尝试生成房间

2025-11-23 14:28:14,369 - create_room - INFO - [create_room.py:187] - 房间的参数为:上左顶点(1, 89)，高度7，宽度7

2025-11-23 14:28:14,369 - create_room - WARNING - [create_room.py:194] - 尝试生成失败，因为与现有的房间碰撞

2025-11-23 14:28:14,369 - create_room - INFO - [create_room.py:166] - 第201次尝试生成房间

2025-11-23 14:28:14,369 - create_room - INFO - [create_room.py:187] - 房间的参数为:上左顶点(51, 87)，高度5，宽度7

2025-11-23 14:28:14,369 - create_room - WARNING - [create_room.py:194] - 尝试生成失败，因为与现有的房间碰撞

2025-11-23 14:28:14,369 - create_room - INFO - [create_room.py:166] - 第202次尝试生成房间

2025-11-23 14:28:14,369 - create_room - INFO - [create_room.py:187] - 房间的参数为:上左顶点(15, 95)，高度7，宽度9

2025-11-23 14:28:14,369 - create_room - WARNING - [create_room.py:191] - 尝试生成失败，因为边缘越界

2025-11-23 14:28:14,369 - create_room - INFO - [create_room.py:166] - 第203次尝试生成房间

2025-11-23 14:28:14,369 - create_room - INFO - [create_room.py:187] - 房间的参数为:上左顶点(93, 67)，高度9，宽度7

2025-11-23 14:28:14,369 - create_room - WARNING - [create_room.py:191] - 尝试生成失败，因为边缘越界

2025-11-23 14:28:14,369 - create_room - INFO - [create_room.py:166] - 第204次尝试生成房间

2025-11-23 14:28:14,369 - create_room - INFO - [create_room.py:187] - 房间的参数为:上左顶点(31, 93)，高度3，宽度9

2025-11-23 14:28:14,369 - create_room - WARNING - [create_room.py:191] - 尝试生成失败，因为边缘越界

2025-11-23 14:28:14,369 - create_room - INFO - [create_room.py:166] - 第205次尝试生成房间

2025-11-23 14:28:14,369 - create_room - INFO - [create_room.py:187] - 房间的参数为:上左顶点(89, 53)，高度7，宽度5

2025-11-23 14:28:14,369 - create_room - WARNING - [create_room.py:194] - 尝试生成失败，因为与现有的房间碰撞

2025-11-23 14:28:14,369 - create_room - INFO - [create_room.py:166] - 第206次尝试生成房间

2025-11-23 14:28:14,370 - create_room - INFO - [create_room.py:187] - 房间的参数为:上左顶点(65, 65)，高度3，宽度5

2025-11-23 14:28:14,370 - create_room - WARNING - [create_room.py:194] - 尝试生成失败，因为与现有的房间碰撞

2025-11-23 14:28:14,370 - create_room - INFO - [create_room.py:166] - 第207次尝试生成房间

2025-11-23 14:28:14,370 - create_room - INFO - [create_room.py:187] - 房间的参数为:上左顶点(25, 37)，高度7，宽度3

2025-11-23 14:28:14,370 - create_room - INFO - [create_room.py:166] - 第208次尝试生成房间

2025-11-23 14:28:14,370 - create_room - INFO - [create_room.py:187] - 房间的参数为:上左顶点(81, 45)，高度3，宽度5

2025-11-23 14:28:14,370 - create_room - INFO - [create_room.py:166] - 第209次尝试生成房间

2025-11-23 14:28:14,370 - create_room - INFO - [create_room.py:187] - 房间的参数为:上左顶点(3, 91)，高度3，宽度5

2025-11-23 14:28:14,370 - create_room - WARNING - [create_room.py:194] - 尝试生成失败，因为与现有的房间碰撞

2025-11-23 14:28:14,370 - create_room - INFO - [create_room.py:166] - 第210次尝试生成房间

2025-11-23 14:28:14,370 - create_room - INFO - [create_room.py:187] - 房间的参数为:上左顶点(11, 55)，高度5，宽度7

2025-11-23 14:28:14,370 - create_room - WARNING - [create_room.py:194] - 尝试生成失败，因为与现有的房间碰撞

2025-11-23 14:28:14,370 - create_room - INFO - [create_room.py:166] - 第211次尝试生成房间

2025-11-23 14:28:14,370 - create_room - INFO - [create_room.py:187] - 房间的参数为:上左顶点(41, 85)，高度3，宽度9

2025-11-23 14:28:14,370 - create_room - INFO - [create_room.py:166] - 第212次尝试生成房间

2025-11-23 14:28:14,370 - create_room - INFO - [create_room.py:187] - 房间的参数为:上左顶点(39, 63)，高度3，宽度7

2025-11-23 14:28:14,370 - create_room - WARNING - [create_room.py:194] - 尝试生成失败，因为与现有的房间碰撞

2025-11-23 14:28:14,370 - create_room - INFO - [create_room.py:166] - 第213次尝试生成房间

2025-11-23 14:28:14,370 - create_room - INFO - [create_room.py:187] - 房间的参数为:上左顶点(45, 55)，高度9，宽度9

2025-11-23 14:28:14,370 - create_room - WARNING - [create_room.py:194] - 尝试生成失败，因为与现有的房间碰撞

2025-11-23 14:28:14,370 - create_room - INFO - [create_room.py:166] - 第214次尝试生成房间

2025-11-23 14:28:14,371 - create_room - INFO - [create_room.py:187] - 房间的参数为:上左顶点(31, 19)，高度7，宽度3

2025-11-23 14:28:14,371 - create_room - WARNING - [create_room.py:194] - 尝试生成失败，因为与现有的房间碰撞

2025-11-23 14:28:14,371 - create_room - INFO - [create_room.py:166] - 第215次尝试生成房间

2025-11-23 14:28:14,371 - create_room - INFO - [create_room.py:187] - 房间的参数为:上左顶点(29, 19)，高度5，宽度9

2025-11-23 14:28:14,371 - create_room - WARNING - [create_room.py:194] - 尝试生成失败，因为与现有的房间碰撞

2025-11-23 14:28:14,371 - create_room - INFO - [create_room.py:166] - 第216次尝试生成房间

2025-11-23 14:28:14,371 - create_room - INFO - [create_room.py:187] - 房间的参数为:上左顶点(49, 99)，高度9，宽度3

2025-11-23 14:28:14,371 - create_room - WARNING - [create_room.py:191] - 尝试生成失败，因为边缘越界

2025-11-23 14:28:14,371 - create_room - INFO - [create_room.py:166] - 第217次尝试生成房间

2025-11-23 14:28:14,371 - create_room - INFO - [create_room.py:187] - 房间的参数为:上左顶点(59, 69)，高度7，宽度9

2025-11-23 14:28:14,371 - create_room - WARNING - [create_room.py:194] - 尝试生成失败，因为与现有的房间碰撞

2025-11-23 14:28:14,371 - create_room - INFO - [create_room.py:166] - 第218次尝试生成房间

2025-11-23 14:28:14,371 - create_room - INFO - [create_room.py:187] - 房间的参数为:上左顶点(83, 17)，高度5，宽度3

2025-11-23 14:28:14,371 - create_room - INFO - [create_room.py:166] - 第219次尝试生成房间

2025-11-23 14:28:14,371 - create_room - INFO - [create_room.py:187] - 房间的参数为:上左顶点(85, 51)，高度3，宽度5

2025-11-23 14:28:14,371 - create_room - WARNING - [create_room.py:194] - 尝试生成失败，因为与现有的房间碰撞

2025-11-23 14:28:14,371 - create_room - INFO - [create_room.py:166] - 第220次尝试生成房间

2025-11-23 14:28:14,371 - create_room - INFO - [create_room.py:187] - 房间的参数为:上左顶点(17, 51)，高度9，宽度7

2025-11-23 14:28:14,371 - create_room - WARNING - [create_room.py:194] - 尝试生成失败，因为与现有的房间碰撞

2025-11-23 14:28:14,371 - create_room - INFO - [create_room.py:166] - 第221次尝试生成房间

2025-11-23 14:28:14,371 - create_room - INFO - [create_room.py:187] - 房间的参数为:上左顶点(93, 83)，高度3，宽度5

2025-11-23 14:28:14,371 - create_room - INFO - [create_room.py:166] - 第222次尝试生成房间

2025-11-23 14:28:14,371 - create_room - INFO - [create_room.py:187] - 房间的参数为:上左顶点(73, 71)，高度9，宽度3

2025-11-23 14:28:14,371 - create_room - WARNING - [create_room.py:194] - 尝试生成失败，因为与现有的房间碰撞

2025-11-23 14:28:14,372 - create_room - INFO - [create_room.py:166] - 第223次尝试生成房间

2025-11-23 14:28:14,372 - create_room - INFO - [create_room.py:187] - 房间的参数为:上左顶点(99, 11)，高度9，宽度5

2025-11-23 14:28:14,372 - create_room - WARNING - [create_room.py:191] - 尝试生成失败，因为边缘越界

2025-11-23 14:28:14,372 - create_room - INFO - [create_room.py:166] - 第224次尝试生成房间

2025-11-23 14:28:14,372 - create_room - INFO - [create_room.py:187] - 房间的参数为:上左顶点(73, 57)，高度9，宽度9

2025-11-23 14:28:14,372 - create_room - WARNING - [create_room.py:194] - 尝试生成失败，因为与现有的房间碰撞

2025-11-23 14:28:14,372 - create_room - INFO - [create_room.py:166] - 第225次尝试生成房间

2025-11-23 14:28:14,372 - create_room - INFO - [create_room.py:187] - 房间的参数为:上左顶点(21, 43)，高度7，宽度5

2025-11-23 14:28:14,372 - create_room - WARNING - [create_room.py:194] - 尝试生成失败，因为与现有的房间碰撞

2025-11-23 14:28:14,372 - create_room - INFO - [create_room.py:166] - 第226次尝试生成房间

2025-11-23 14:28:14,372 - create_room - INFO - [create_room.py:187] - 房间的参数为:上左顶点(49, 19)，高度7，宽度7

2025-11-23 14:28:14,372 - create_room - WARNING - [create_room.py:194] - 尝试生成失败，因为与现有的房间碰撞

2025-11-23 14:28:14,372 - create_room - INFO - [create_room.py:166] - 第227次尝试生成房间

2025-11-23 14:28:14,372 - create_room - INFO - [create_room.py:187] - 房间的参数为:上左顶点(53, 7)，高度3，宽度3

2025-11-23 14:28:14,372 - create_room - WARNING - [create_room.py:194] - 尝试生成失败，因为与现有的房间碰撞

2025-11-23 14:28:14,372 - create_room - INFO - [create_room.py:166] - 第228次尝试生成房间

2025-11-23 14:28:14,372 - create_room - INFO - [create_room.py:187] - 房间的参数为:上左顶点(93, 11)，高度5，宽度5

2025-11-23 14:28:14,372 - create_room - INFO - [create_room.py:166] - 第229次尝试生成房间

2025-11-23 14:28:14,372 - create_room - INFO - [create_room.py:187] - 房间的参数为:上左顶点(35, 97)，高度5，宽度9

2025-11-23 14:28:14,372 - create_room - WARNING - [create_room.py:191] - 尝试生成失败，因为边缘越界

2025-11-23 14:28:14,372 - create_room - INFO - [create_room.py:166] - 第230次尝试生成房间

2025-11-23 14:28:14,372 - create_room - INFO - [create_room.py:187] - 房间的参数为:上左顶点(41, 37)，高度9，宽度3

2025-11-23 14:28:14,373 - create_room - INFO - [create_room.py:166] - 第231次尝试生成房间

2025-11-23 14:28:14,373 - create_room - INFO - [create_room.py:187] - 房间的参数为:上左顶点(29, 45)，高度3，宽度7

2025-11-23 14:28:14,373 - create_room - WARNING - [create_room.py:194] - 尝试生成失败，因为与现有的房间碰撞

2025-11-23 14:28:14,373 - create_room - INFO - [create_room.py:166] - 第232次尝试生成房间

2025-11-23 14:28:14,373 - create_room - INFO - [create_room.py:187] - 房间的参数为:上左顶点(77, 37)，高度3，宽度7

2025-11-23 14:28:14,373 - create_room - WARNING - [create_room.py:194] - 尝试生成失败，因为与现有的房间碰撞

2025-11-23 14:28:14,373 - create_room - INFO - [create_room.py:166] - 第233次尝试生成房间

2025-11-23 14:28:14,373 - create_room - INFO - [create_room.py:187] - 房间的参数为:上左顶点(49, 85)，高度7，宽度7

2025-11-23 14:28:14,373 - create_room - WARNING - [create_room.py:194] - 尝试生成失败，因为与现有的房间碰撞

2025-11-23 14:28:14,373 - create_room - INFO - [create_room.py:166] - 第234次尝试生成房间

2025-11-23 14:28:14,373 - create_room - INFO - [create_room.py:187] - 房间的参数为:上左顶点(83, 33)，高度9，宽度9

2025-11-23 14:28:14,373 - create_room - WARNING - [create_room.py:194] - 尝试生成失败，因为与现有的房间碰撞

2025-11-23 14:28:14,373 - create_room - INFO - [create_room.py:166] - 第235次尝试生成房间

2025-11-23 14:28:14,373 - create_room - INFO - [create_room.py:187] - 房间的参数为:上左顶点(67, 41)，高度5，宽度3

2025-11-23 14:28:14,373 - create_room - WARNING - [create_room.py:194] - 尝试生成失败，因为与现有的房间碰撞

2025-11-23 14:28:14,373 - create_room - INFO - [create_room.py:166] - 第236次尝试生成房间

2025-11-23 14:28:14,373 - create_room - INFO - [create_room.py:187] - 房间的参数为:上左顶点(47, 25)，高度3，宽度5

2025-11-23 14:28:14,373 - create_room - INFO - [create_room.py:166] - 第237次尝试生成房间

2025-11-23 14:28:14,373 - create_room - INFO - [create_room.py:187] - 房间的参数为:上左顶点(25, 19)，高度3，宽度7

2025-11-23 14:28:14,373 - create_room - WARNING - [create_room.py:194] - 尝试生成失败，因为与现有的房间碰撞

2025-11-23 14:28:14,373 - create_room - INFO - [create_room.py:166] - 第238次尝试生成房间

2025-11-23 14:28:14,373 - create_room - INFO - [create_room.py:187] - 房间的参数为:上左顶点(35, 17)，高度7，宽度5

2025-11-23 14:28:14,373 - create_room - WARNING - [create_room.py:194] - 尝试生成失败，因为与现有的房间碰撞

2025-11-23 14:28:14,373 - create_room - INFO - [create_room.py:166] - 第239次尝试生成房间

2025-11-23 14:28:14,374 - create_room - INFO - [create_room.py:187] - 房间的参数为:上左顶点(3, 31)，高度7，宽度9

2025-11-23 14:28:14,374 - create_room - WARNING - [create_room.py:194] - 尝试生成失败，因为与现有的房间碰撞

2025-11-23 14:28:14,374 - create_room - INFO - [create_room.py:166] - 第240次尝试生成房间

2025-11-23 14:28:14,374 - create_room - INFO - [create_room.py:187] - 房间的参数为:上左顶点(85, 67)，高度7，宽度7

2025-11-23 14:28:14,374 - create_room - WARNING - [create_room.py:194] - 尝试生成失败，因为与现有的房间碰撞

2025-11-23 14:28:14,374 - create_room - INFO - [create_room.py:166] - 第241次尝试生成房间

2025-11-23 14:28:14,374 - create_room - INFO - [create_room.py:187] - 房间的参数为:上左顶点(21, 37)，高度7，宽度9

2025-11-23 14:28:14,374 - create_room - WARNING - [create_room.py:194] - 尝试生成失败，因为与现有的房间碰撞

2025-11-23 14:28:14,374 - create_room - INFO - [create_room.py:166] - 第242次尝试生成房间

2025-11-23 14:28:14,374 - create_room - INFO - [create_room.py:187] - 房间的参数为:上左顶点(69, 9)，高度5，宽度3

2025-11-23 14:28:14,374 - create_room - INFO - [create_room.py:166] - 第243次尝试生成房间

2025-11-23 14:28:14,374 - create_room - INFO - [create_room.py:187] - 房间的参数为:上左顶点(33, 25)，高度5，宽度3

2025-11-23 14:28:14,374 - create_room - WARNING - [create_room.py:194] - 尝试生成失败，因为与现有的房间碰撞

2025-11-23 14:28:14,374 - create_room - INFO - [create_room.py:166] - 第244次尝试生成房间

2025-11-23 14:28:14,374 - create_room - INFO - [create_room.py:187] - 房间的参数为:上左顶点(19, 5)，高度3，宽度5

2025-11-23 14:28:14,374 - create_room - WARNING - [create_room.py:194] - 尝试生成失败，因为与现有的房间碰撞

2025-11-23 14:28:14,374 - create_room - INFO - [create_room.py:166] - 第245次尝试生成房间

2025-11-23 14:28:14,374 - create_room - INFO - [create_room.py:187] - 房间的参数为:上左顶点(13, 43)，高度7，宽度7

2025-11-23 14:28:14,374 - create_room - WARNING - [create_room.py:194] - 尝试生成失败，因为与现有的房间碰撞

2025-11-23 14:28:14,374 - create_room - INFO - [create_room.py:166] - 第246次尝试生成房间

2025-11-23 14:28:14,374 - create_room - INFO - [create_room.py:187] - 房间的参数为:上左顶点(25, 57)，高度3，宽度7

2025-11-23 14:28:14,374 - create_room - WARNING - [create_room.py:194] - 尝试生成失败，因为与现有的房间碰撞

2025-11-23 14:28:14,374 - create_room - INFO - [create_room.py:166] - 第247次尝试生成房间

2025-11-23 14:28:14,375 - create_room - INFO - [create_room.py:187] - 房间的参数为:上左顶点(33, 95)，高度5，宽度5

2025-11-23 14:28:14,375 - create_room - WARNING - [create_room.py:194] - 尝试生成失败，因为与现有的房间碰撞

2025-11-23 14:28:14,375 - create_room - INFO - [create_room.py:166] - 第248次尝试生成房间

2025-11-23 14:28:14,375 - create_room - INFO - [create_room.py:187] - 房间的参数为:上左顶点(19, 11)，高度5，宽度7

2025-11-23 14:28:14,375 - create_room - WARNING - [create_room.py:194] - 尝试生成失败，因为与现有的房间碰撞

2025-11-23 14:28:14,375 - create_room - INFO - [create_room.py:166] - 第249次尝试生成房间

2025-11-23 14:28:14,375 - create_room - INFO - [create_room.py:187] - 房间的参数为:上左顶点(13, 27)，高度3，宽度9

2025-11-23 14:28:14,375 - create_room - WARNING - [create_room.py:194] - 尝试生成失败，因为与现有的房间碰撞

2025-11-23 14:28:14,375 - create_room - INFO - [create_room.py:166] - 第250次尝试生成房间

2025-11-23 14:28:14,375 - create_room - INFO - [create_room.py:187] - 房间的参数为:上左顶点(33, 65)，高度7，宽度7

2025-11-23 14:28:14,375 - create_room - WARNING - [create_room.py:194] - 尝试生成失败，因为与现有的房间碰撞

2025-11-23 14:28:14,375 - create_room - INFO - [create_room.py:166] - 第251次尝试生成房间

2025-11-23 14:28:14,375 - create_room - INFO - [create_room.py:187] - 房间的参数为:上左顶点(31, 63)，高度5，宽度9

2025-11-23 14:28:14,375 - create_room - WARNING - [create_room.py:194] - 尝试生成失败，因为与现有的房间碰撞

2025-11-23 14:28:14,375 - create_room - INFO - [create_room.py:166] - 第252次尝试生成房间

2025-11-23 14:28:14,375 - create_room - INFO - [create_room.py:187] - 房间的参数为:上左顶点(93, 1)，高度3，宽度5

2025-11-23 14:28:14,375 - create_room - WARNING - [create_room.py:194] - 尝试生成失败，因为与现有的房间碰撞

2025-11-23 14:28:14,375 - create_room - INFO - [create_room.py:166] - 第253次尝试生成房间

2025-11-23 14:28:14,375 - create_room - INFO - [create_room.py:187] - 房间的参数为:上左顶点(17, 11)，高度7，宽度3

2025-11-23 14:28:14,375 - create_room - WARNING - [create_room.py:194] - 尝试生成失败，因为与现有的房间碰撞

2025-11-23 14:28:14,375 - create_room - INFO - [create_room.py:166] - 第254次尝试生成房间

2025-11-23 14:28:14,375 - create_room - INFO - [create_room.py:187] - 房间的参数为:上左顶点(15, 95)，高度5，宽度5

2025-11-23 14:28:14,375 - create_room - WARNING - [create_room.py:194] - 尝试生成失败，因为与现有的房间碰撞

2025-11-23 14:28:14,376 - create_room - INFO - [create_room.py:166] - 第255次尝试生成房间

2025-11-23 14:28:14,376 - create_room - INFO - [create_room.py:187] - 房间的参数为:上左顶点(61, 67)，高度7，宽度5

2025-11-23 14:28:14,376 - create_room - WARNING - [create_room.py:194] - 尝试生成失败，因为与现有的房间碰撞

2025-11-23 14:28:14,376 - create_room - INFO - [create_room.py:166] - 第256次尝试生成房间

2025-11-23 14:28:14,376 - create_room - INFO - [create_room.py:187] - 房间的参数为:上左顶点(81, 7)，高度9，宽度9

2025-11-23 14:28:14,376 - create_room - WARNING - [create_room.py:194] - 尝试生成失败，因为与现有的房间碰撞

2025-11-23 14:28:14,376 - create_room - INFO - [create_room.py:166] - 第257次尝试生成房间

2025-11-23 14:28:14,376 - create_room - INFO - [create_room.py:187] - 房间的参数为:上左顶点(77, 7)，高度9，宽度3

2025-11-23 14:28:14,376 - create_room - WARNING - [create_room.py:194] - 尝试生成失败，因为与现有的房间碰撞

2025-11-23 14:28:14,376 - create_room - INFO - [create_room.py:166] - 第258次尝试生成房间

2025-11-23 14:28:14,376 - create_room - INFO - [create_room.py:187] - 房间的参数为:上左顶点(39, 61)，高度3，宽度9

2025-11-23 14:28:14,376 - create_room - WARNING - [create_room.py:194] - 尝试生成失败，因为与现有的房间碰撞

2025-11-23 14:28:14,376 - create_room - INFO - [create_room.py:166] - 第259次尝试生成房间

2025-11-23 14:28:14,376 - create_room - INFO - [create_room.py:187] - 房间的参数为:上左顶点(11, 13)，高度7，宽度9

2025-11-23 14:28:14,376 - create_room - WARNING - [create_room.py:194] - 尝试生成失败，因为与现有的房间碰撞

2025-11-23 14:28:14,376 - create_room - INFO - [create_room.py:166] - 第260次尝试生成房间

2025-11-23 14:28:14,376 - create_room - INFO - [create_room.py:187] - 房间的参数为:上左顶点(33, 9)，高度3，宽度5

2025-11-23 14:28:14,376 - create_room - INFO - [create_room.py:166] - 第261次尝试生成房间

2025-11-23 14:28:14,376 - create_room - INFO - [create_room.py:187] - 房间的参数为:上左顶点(93, 87)，高度7，宽度9

2025-11-23 14:28:14,376 - create_room - WARNING - [create_room.py:194] - 尝试生成失败，因为与现有的房间碰撞

2025-11-23 14:28:14,376 - create_room - INFO - [create_room.py:166] - 第262次尝试生成房间

2025-11-23 14:28:14,376 - create_room - INFO - [create_room.py:187] - 房间的参数为:上左顶点(63, 73)，高度5，宽度9

2025-11-23 14:28:14,376 - create_room - INFO - [create_room.py:166] - 第263次尝试生成房间

2025-11-23 14:28:14,377 - create_room - INFO - [create_room.py:187] - 房间的参数为:上左顶点(79, 53)，高度7，宽度5

2025-11-23 14:28:14,377 - create_room - WARNING - [create_room.py:194] - 尝试生成失败，因为与现有的房间碰撞

2025-11-23 14:28:14,377 - create_room - INFO - [create_room.py:166] - 第264次尝试生成房间

2025-11-23 14:28:14,377 - create_room - INFO - [create_room.py:187] - 房间的参数为:上左顶点(33, 71)，高度7，宽度3

2025-11-23 14:28:14,377 - create_room - WARNING - [create_room.py:194] - 尝试生成失败，因为与现有的房间碰撞

2025-11-23 14:28:14,377 - create_room - INFO - [create_room.py:166] - 第265次尝试生成房间

2025-11-23 14:28:14,377 - create_room - INFO - [create_room.py:187] - 房间的参数为:上左顶点(93, 61)，高度5，宽度7

2025-11-23 14:28:14,377 - create_room - INFO - [create_room.py:166] - 第266次尝试生成房间

2025-11-23 14:28:14,377 - create_room - INFO - [create_room.py:187] - 房间的参数为:上左顶点(39, 51)，高度5，宽度7

2025-11-23 14:28:14,377 - create_room - WARNING - [create_room.py:194] - 尝试生成失败，因为与现有的房间碰撞

2025-11-23 14:28:14,377 - create_room - INFO - [create_room.py:166] - 第267次尝试生成房间

2025-11-23 14:28:14,377 - create_room - INFO - [create_room.py:187] - 房间的参数为:上左顶点(11, 27)，高度3，宽度5

2025-11-23 14:28:14,377 - create_room - WARNING - [create_room.py:194] - 尝试生成失败，因为与现有的房间碰撞

2025-11-23 14:28:14,377 - create_room - INFO - [create_room.py:166] - 第268次尝试生成房间

2025-11-23 14:28:14,377 - create_room - INFO - [create_room.py:187] - 房间的参数为:上左顶点(97, 27)，高度9，宽度5

2025-11-23 14:28:14,377 - create_room - WARNING - [create_room.py:191] - 尝试生成失败，因为边缘越界

2025-11-23 14:28:14,377 - create_room - INFO - [create_room.py:166] - 第269次尝试生成房间

2025-11-23 14:28:14,377 - create_room - INFO - [create_room.py:187] - 房间的参数为:上左顶点(49, 27)，高度9，宽度5

2025-11-23 14:28:14,377 - create_room - WARNING - [create_room.py:194] - 尝试生成失败，因为与现有的房间碰撞

2025-11-23 14:28:14,377 - create_room - INFO - [create_room.py:166] - 第270次尝试生成房间

2025-11-23 14:28:14,377 - create_room - INFO - [create_room.py:187] - 房间的参数为:上左顶点(59, 17)，高度7，宽度7

2025-11-23 14:28:14,377 - create_room - WARNING - [create_room.py:194] - 尝试生成失败，因为与现有的房间碰撞

2025-11-23 14:28:14,377 - create_room - INFO - [create_room.py:166] - 第271次尝试生成房间

2025-11-23 14:28:14,378 - create_room - INFO - [create_room.py:187] - 房间的参数为:上左顶点(41, 47)，高度7，宽度9

2025-11-23 14:28:14,378 - create_room - WARNING - [create_room.py:194] - 尝试生成失败，因为与现有的房间碰撞

2025-11-23 14:28:14,378 - create_room - INFO - [create_room.py:166] - 第272次尝试生成房间

2025-11-23 14:28:14,378 - create_room - INFO - [create_room.py:187] - 房间的参数为:上左顶点(41, 23)，高度3，宽度7

2025-11-23 14:28:14,378 - create_room - WARNING - [create_room.py:194] - 尝试生成失败，因为与现有的房间碰撞

2025-11-23 14:28:14,378 - create_room - INFO - [create_room.py:166] - 第273次尝试生成房间

2025-11-23 14:28:14,378 - create_room - INFO - [create_room.py:187] - 房间的参数为:上左顶点(99, 77)，高度9，宽度3

2025-11-23 14:28:14,378 - create_room - WARNING - [create_room.py:191] - 尝试生成失败，因为边缘越界

2025-11-23 14:28:14,378 - create_room - INFO - [create_room.py:166] - 第274次尝试生成房间

2025-11-23 14:28:14,378 - create_room - INFO - [create_room.py:187] - 房间的参数为:上左顶点(37, 39)，高度5，宽度3

2025-11-23 14:28:14,378 - create_room - WARNING - [create_room.py:194] - 尝试生成失败，因为与现有的房间碰撞

2025-11-23 14:28:14,378 - create_room - INFO - [create_room.py:166] - 第275次尝试生成房间

2025-11-23 14:28:14,378 - create_room - INFO - [create_room.py:187] - 房间的参数为:上左顶点(59, 9)，高度3，宽度9

2025-11-23 14:28:14,378 - create_room - WARNING - [create_room.py:194] - 尝试生成失败，因为与现有的房间碰撞

2025-11-23 14:28:14,378 - create_room - INFO - [create_room.py:166] - 第276次尝试生成房间

2025-11-23 14:28:14,378 - create_room - INFO - [create_room.py:187] - 房间的参数为:上左顶点(55, 35)，高度9，宽度9

2025-11-23 14:28:14,378 - create_room - WARNING - [create_room.py:194] - 尝试生成失败，因为与现有的房间碰撞

2025-11-23 14:28:14,378 - create_room - INFO - [create_room.py:166] - 第277次尝试生成房间

2025-11-23 14:28:14,378 - create_room - INFO - [create_room.py:187] - 房间的参数为:上左顶点(23, 39)，高度3，宽度7

2025-11-23 14:28:14,378 - create_room - WARNING - [create_room.py:194] - 尝试生成失败，因为与现有的房间碰撞

2025-11-23 14:28:14,378 - create_room - INFO - [create_room.py:166] - 第278次尝试生成房间

2025-11-23 14:28:14,378 - create_room - INFO - [create_room.py:187] - 房间的参数为:上左顶点(29, 3)，高度3，宽度7

2025-11-23 14:28:14,378 - create_room - WARNING - [create_room.py:194] - 尝试生成失败，因为与现有的房间碰撞

2025-11-23 14:28:14,379 - create_room - INFO - [create_room.py:166] - 第279次尝试生成房间

2025-11-23 14:28:14,379 - create_room - INFO - [create_room.py:187] - 房间的参数为:上左顶点(25, 43)，高度7，宽度7

2025-11-23 14:28:14,379 - create_room - WARNING - [create_room.py:194] - 尝试生成失败，因为与现有的房间碰撞

2025-11-23 14:28:14,379 - create_room - INFO - [create_room.py:166] - 第280次尝试生成房间

2025-11-23 14:28:14,379 - create_room - INFO - [create_room.py:187] - 房间的参数为:上左顶点(3, 57)，高度9，宽度5

2025-11-23 14:28:14,379 - create_room - WARNING - [create_room.py:194] - 尝试生成失败，因为与现有的房间碰撞

2025-11-23 14:28:14,379 - create_room - INFO - [create_room.py:166] - 第281次尝试生成房间

2025-11-23 14:28:14,379 - create_room - INFO - [create_room.py:187] - 房间的参数为:上左顶点(69, 23)，高度5，宽度9

2025-11-23 14:28:14,379 - create_room - WARNING - [create_room.py:194] - 尝试生成失败，因为与现有的房间碰撞

2025-11-23 14:28:14,379 - create_room - INFO - [create_room.py:166] - 第282次尝试生成房间

2025-11-23 14:28:14,379 - create_room - INFO - [create_room.py:187] - 房间的参数为:上左顶点(37, 91)，高度5，宽度3

2025-11-23 14:28:14,379 - create_room - WARNING - [create_room.py:194] - 尝试生成失败，因为与现有的房间碰撞

2025-11-23 14:28:14,379 - create_room - INFO - [create_room.py:166] - 第283次尝试生成房间

2025-11-23 14:28:14,379 - create_room - INFO - [create_room.py:187] - 房间的参数为:上左顶点(23, 87)，高度5，宽度5

2025-11-23 14:28:14,379 - create_room - WARNING - [create_room.py:194] - 尝试生成失败，因为与现有的房间碰撞

2025-11-23 14:28:14,379 - create_room - INFO - [create_room.py:166] - 第284次尝试生成房间

2025-11-23 14:28:14,379 - create_room - INFO - [create_room.py:187] - 房间的参数为:上左顶点(69, 45)，高度3，宽度3

2025-11-23 14:28:14,379 - create_room - WARNING - [create_room.py:194] - 尝试生成失败，因为与现有的房间碰撞

2025-11-23 14:28:14,379 - create_room - INFO - [create_room.py:166] - 第285次尝试生成房间

2025-11-23 14:28:14,379 - create_room - INFO - [create_room.py:187] - 房间的参数为:上左顶点(71, 87)，高度7，宽度5

2025-11-23 14:28:14,379 - create_room - WARNING - [create_room.py:194] - 尝试生成失败，因为与现有的房间碰撞

2025-11-23 14:28:14,379 - create_room - INFO - [create_room.py:166] - 第286次尝试生成房间

2025-11-23 14:28:14,379 - create_room - INFO - [create_room.py:187] - 房间的参数为:上左顶点(61, 5)，高度3，宽度3

2025-11-23 14:28:14,380 - create_room - INFO - [create_room.py:166] - 第287次尝试生成房间

2025-11-23 14:28:14,380 - create_room - INFO - [create_room.py:187] - 房间的参数为:上左顶点(9, 13)，高度7，宽度5

2025-11-23 14:28:14,380 - create_room - INFO - [create_room.py:228] - 生成了100个房间，尝试生成287次，发生了edgeCollision23次，roomCollision164次

